Archive member included to satisfy reference by file (symbol)

app/libapp.a(main.c.obj)      (--whole-archive)
app/libapp.a(bluetooth.c.obj)
                              (--whole-archive)
zephyr/libzephyr.a(crc32c_sw.c.obj)
                              (--whole-archive)
zephyr/libzephyr.a(crc32_sw.c.obj)
                              (--whole-archive)
zephyr/libzephyr.a(crc24_sw.c.obj)
                              (--whole-archive)
zephyr/libzephyr.a(crc16_sw.c.obj)
                              (--whole-archive)
zephyr/libzephyr.a(crc8_sw.c.obj)
                              (--whole-archive)
zephyr/libzephyr.a(crc7_sw.c.obj)
                              (--whole-archive)
zephyr/libzephyr.a(crc4_sw.c.obj)
                              (--whole-archive)
zephyr/libzephyr.a(heap.c.obj)
                              (--whole-archive)
zephyr/libzephyr.a(cbprintf_packaged.c.obj)
                              (--whole-archive)
zephyr/libzephyr.a(printk.c.obj)
                              (--whole-archive)
zephyr/libzephyr.a(sem.c.obj)
                              (--whole-archive)
zephyr/libzephyr.a(thread_entry.c.obj)
                              (--whole-archive)
zephyr/libzephyr.a(cbprintf_complete.c.obj)
                              (--whole-archive)
zephyr/libzephyr.a(assert.c.obj)
                              (--whole-archive)
zephyr/libzephyr.a(mpsc_pbuf.c.obj)
                              (--whole-archive)
zephyr/libzephyr.a(dec.c.obj)
                              (--whole-archive)
zephyr/libzephyr.a(hex.c.obj)
                              (--whole-archive)
zephyr/libzephyr.a(rb.c.obj)  (--whole-archive)
zephyr/libzephyr.a(timeutil.c.obj)
                              (--whole-archive)
zephyr/libzephyr.a(bitarray.c.obj)
                              (--whole-archive)
zephyr/libzephyr.a(onoff.c.obj)
                              (--whole-archive)
zephyr/libzephyr.a(notify.c.obj)
                              (--whole-archive)
zephyr/libzephyr.a(ring_buffer.c.obj)
                              (--whole-archive)
zephyr/libzephyr.a(configs.c.obj)
                              (--whole-archive)
zephyr/libzephyr.a(fcb_append.c.obj)
                              (--whole-archive)
zephyr/libzephyr.a(fcb.c.obj)
                              (--whole-archive)
zephyr/libzephyr.a(fcb_elem_info.c.obj)
                              (--whole-archive)
zephyr/libzephyr.a(fcb_getnext.c.obj)
                              (--whole-archive)
zephyr/libzephyr.a(fcb_rotate.c.obj)
                              (--whole-archive)
zephyr/libzephyr.a(fcb_walk.c.obj)
                              (--whole-archive)
zephyr/libzephyr.a(nvs.c.obj)
                              (--whole-archive)
zephyr/libzephyr.a(ipc_service.c.obj)
                              (--whole-archive)
zephyr/libzephyr.a(ipc_rpmsg_static_vrings.c.obj)
                              (--whole-archive)
zephyr/libzephyr.a(ipc_rpmsg.c.obj)
                              (--whole-archive)
zephyr/libzephyr.a(ipc_static_vrings.c.obj)
                              (--whole-archive)
zephyr/libzephyr.a(log_core.c.obj)
                              (--whole-archive)
zephyr/libzephyr.a(log_mgmt.c.obj)
                              (--whole-archive)
zephyr/libzephyr.a(log_cache.c.obj)
                              (--whole-archive)
zephyr/libzephyr.a(log_msg.c.obj)
                              (--whole-archive)
zephyr/libzephyr.a(log_output.c.obj)
                              (--whole-archive)
zephyr/libzephyr.a(mem_attr.c.obj)
                              (--whole-archive)
zephyr/libzephyr.a(flash_map.c.obj)
                              (--whole-archive)
zephyr/libzephyr.a(flash_map_layout.c.obj)
                              (--whole-archive)
zephyr/libzephyr.a(tracing_none.c.obj)
                              (--whole-archive)
zephyr/libzephyr.a(settings_store.c.obj)
                              (--whole-archive)
zephyr/libzephyr.a(settings.c.obj)
                              (--whole-archive)
zephyr/libzephyr.a(settings_init.c.obj)
                              (--whole-archive)
zephyr/libzephyr.a(settings_line.c.obj)
                              (--whole-archive)
zephyr/libzephyr.a(settings_nvs.c.obj)
                              (--whole-archive)
zephyr/libzephyr.a(kernel_shell.c.obj)
                              (--whole-archive)
zephyr/libzephyr.a(cycles.c.obj)
                              (--whole-archive)
zephyr/libzephyr.a(sleep.c.obj)
                              (--whole-archive)
zephyr/libzephyr.a(uptime.c.obj)
                              (--whole-archive)
zephyr/libzephyr.a(version.c.obj)
                              (--whole-archive)
zephyr/libzephyr.a(log-level.c.obj)
                              (--whole-archive)
zephyr/libzephyr.a(thread.c.obj)
                              (--whole-archive)
zephyr/libzephyr.a(list.c.obj)
                              (--whole-archive)
zephyr/libzephyr.a(stacks.c.obj)
[...]
Memory Configuration

Name             Origin             Length             Attributes
FLASH            0x0000000000008000 0x00000000000f4000 xr
RAM              0x0000000020008000 0x0000000000068000 xw
IDT_LIST         0x00000000ffff7fff 0x0000000000008000 xw
*default*        0x0000000000000000 0xffffffffffffffff

Linker script and memory map

                0x0000000000023bf8                vfprintf = __d_vfprintf
                0x00000000000245cc                vfscanf = __d_vfscanf
LOAD zephyr/CMakeFiles/zephyr_pre0.dir/misc/empty_file.c.obj
LOAD zephyr/CMakeFiles/offsets.dir/./arch/arm/core/offsets/offsets.c.obj
LOAD tfm/api_ns/interface/lib/s_veneers.o
LOAD app/libapp.a
LOAD zephyr/libzephyr.a
LOAD zephyr/arch/common/libarch__common.a
LOAD zephyr/arch/arch/arm/core/libarch__arm__core.a
LOAD zephyr/arch/arch/arm/core/cortex_m/libarch__arm__core__cortex_m.a
LOAD zephyr/arch/arch/arm/core/cortex_m/cmse/libarch__arm__core__cortex_m__cmse.a
LOAD zephyr/arch/arch/arm/core/mpu/libarch__arm__core__mpu.a
LOAD zephyr/lib/libc/picolibc/liblib__libc__picolibc.a
LOAD zephyr/lib/libc/common/liblib__libc__common.a
LOAD zephyr/lib/posix/options/liblib__posix__options.a
LOAD zephyr/lib/net_buf/liblib__net_buf.a
LOAD zephyr/soc/soc/nrf5340/libsoc__nordic.a
LOAD zephyr/subsys/bluetooth/common/libsubsys__bluetooth__common.a
LOAD zephyr/subsys/bluetooth/host/libsubsys__bluetooth__host.a
LOAD zephyr/subsys/bluetooth/crypto/libsubsys__bluetooth__crypto.a
LOAD zephyr/drivers/bluetooth/libdrivers__bluetooth.a
LOAD zephyr/drivers/clock_control/libdrivers__clock_control.a
LOAD zephyr/drivers/console/libdrivers__console.a
LOAD zephyr/drivers/flash/libdrivers__flash.a
LOAD zephyr/drivers/gpio/libdrivers__gpio.a
LOAD zephyr/drivers/mbox/libdrivers__mbox.a
LOAD zephyr/drivers/pinctrl/libdrivers__pinctrl.a
LOAD zephyr/drivers/serial/libdrivers__serial.a
LOAD zephyr/drivers/timer/libdrivers__timer.a
LOAD modules/nrf/lib/dk_buttons_and_leds/lib..__nrf__lib__dk_buttons_and_leds.a
LOAD modules/nrf/subsys/nrf_security/src/zephyr/libmbedtls_zephyr.a
LOAD modules/nrf/modules/trusted-firmware-m/lib..__nrf__modules__trusted-firmware-m.a
LOAD modules/nrf/modules/trusted-firmware-m/libtfm_api_nrf.a
LOAD modules/trusted-firmware-m/libtfm_api.a
LOAD modules/hal_nordic/nrfx/libmodules__hal_nordic__nrfx.a
LOAD modules/libmetal/libmetal/lib/libmetal.a
LOAD modules/open-amp/open-amp/lib/libopen_amp.a
LOAD zephyr/kernel/libkernel.a
LOAD c:/ncs/toolchains/2d382dcd92/opt/zephyr-sdk/arm-zephyr-eabi/bin/../lib/gcc/arm-zephyr-eabi/12.2.0/thumb/v8-m.main+fp/hard\libgcc.a
LOAD zephyr/arch/common/libisr_tables.a
LOAD modules/nrf/subsys/nrf_security/src/libmbedcrypto.a
LOAD modules/nrf/subsys/nrf_security/src/libmbedcrypto_base.a
LOAD modules/nrf/subsys/nrf_security/src/libnrf_security_utils.a
LOAD zephyr/kernel/libkernel.a
LOAD C:/ncs/v2.8.0/nrfxlib/crypto/nrf_oberon/lib/cortex-m33/hard-float/liboberon_mbedtls_3.0.15.a
LOAD C:/ncs/v2.8.0/nrfxlib/crypto/nrf_oberon/lib/cortex-m33/hard-float/liboberon_3.0.15.a
LOAD c:\ncs\toolchains\2d382dcd92\opt\zephyr-sdk\arm-zephyr-eabi\bin\../lib/gcc/../../picolibc/arm-zephyr-eabi/lib/thumb/v8-m.main+fp/hard\libc.a
LOAD c:/ncs/toolchains/2d382dcd92/opt/zephyr-sdk/arm-zephyr-eabi/bin/../lib/gcc/arm-zephyr-eabi/12.2.0/thumb/v8-m.main+fp/hard\libgcc.a
                0x0000000000000020                _region_min_align = 0x20

.rel.plt        0x0000000000008000        0x0
 *(SORT_BY_ALIGNMENT(.rel.plt))
                [!provide]                        PROVIDE (__rel_iplt_start = .)
 *(SORT_BY_ALIGNMENT(.rel.iplt))
 .rel.iplt      0x0000000000008000        0x0 app/libapp.a(main.c.obj)
                [!provide]                        PROVIDE (__rel_iplt_end = .)

.rela.plt       0x0000000000000000        0x0
 *(SORT_BY_ALIGNMENT(.rela.plt))
                [!provide]                        PROVIDE (__rela_iplt_start = .)
 *(SORT_BY_ALIGNMENT(.rela.iplt))
                [!provide]                        PROVIDE (__rela_iplt_end = .)

.rel.dyn
 *(SORT_BY_ALIGNMENT(.rel.*))

.rela.dyn
 *(SORT_BY_ALIGNMENT(.rela.*))

/DISCARD/
 *(SORT_BY_ALIGNMENT(.plt))

/DISCARD/
 *(SORT_BY_ALIGNMENT(.iplt))
                0x0000000000008000                __rom_region_start = 0x8000

rom_start       0x0000000000008000      0x154
                0x0000000000008000                __rom_start_address = .
 FILL mask 0x00
                0x0000000000008000                . = (. + (0x0 - (. - __rom_start_address)))
                0x0000000000008000                . = ALIGN (0x4)
                0x0000000000008000                . = ALIGN (0x80)
                0x0000000000008000                . = ALIGN (0x200)
                0x0000000000008000                _vector_start = .
 *(SORT_BY_ALIGNMENT(.exc_vector_table))
 *(SORT_BY_ALIGNMENT(.exc_vector_table.*))
 .exc_vector_table._vector_table_section
                0x0000000000008000       0x40 zephyr/arch/arch/arm/core/cortex_m/libarch__arm__core__cortex_m.a(vector_table.S.obj)
                0x0000000000008000                _vector_table
 *(SORT_BY_ALIGNMENT(.vectors))
                0x0000000000008154                _vector_end = .
                0x0000000000008040                . = ALIGN (0x4)
 *(SORT_BY_ALIGNMENT(.gnu.linkonce.irq_vector_table*))
 .gnu.linkonce.irq_vector_table
                0x0000000000008040      0x114 zephyr/arch/common/libisr_tables.a(isr_tables.c.obj)
                0x0000000000008040                _irq_vector_table
                0x0000000000008154                _vector_end = .

text            0x0000000000008158    0x25ec0
                0x0000000000008158                __text_region_start = .
 *(SORT_BY_ALIGNMENT(.text))
 .text          0x0000000000008158      0x378 c:/ncs/toolchains/2d382dcd92/opt/zephyr-sdk/arm-zephyr-eabi/bin/../lib/gcc/arm-zephyr-eabi/12.2.0/thumb/v8-m.main+fp/hard\libgcc.a(_arm_addsubdf3.o)
                0x0000000000008158                __aeabi_drsub
                0x0000000000008160                __aeabi_dsub
                0x0000000000008160                __subdf3
                0x0000000000008164                __aeabi_dadd
                0x0000000000008164                __adddf3
                0x00000000000083dc                __floatunsidf
                0x00000000000083dc                __aeabi_ui2d
                0x00000000000083fc                __floatsidf
                0x00000000000083fc                __aeabi_i2d
                0x0000000000008420                __aeabi_f2d
                0x0000000000008420                __extendsfdf2
                0x0000000000008464                __floatundidf
                0x0000000000008464                __aeabi_ul2d
                0x0000000000008474                __floatdidf
                0x0000000000008474                __aeabi_l2d
 .text          0x00000000000084d0      0x424 c:/ncs/toolchains/2d382dcd92/opt/zephyr-sdk/arm-zephyr-eabi/bin/../lib/gcc/arm-zephyr-eabi/12.2.0/thumb/v8-m.main+fp/hard\libgcc.a(_arm_muldivdf3.o)
                0x00000000000084d0                __aeabi_dmul
                0x00000000000084d0                __muldf3
                0x0000000000008724                __divdf3
                0x0000000000008724                __aeabi_ddiv
 .text          0x00000000000088f4       0xa0 c:/ncs/toolchains/2d382dcd92/opt/zephyr-sdk/arm-zephyr-eabi/bin/../lib/gcc/arm-zephyr-eabi/12.2.0/thumb/v8-m.main+fp/hard\libgcc.a(_arm_truncdfsf2.o)
                0x00000000000088f4                __truncdfsf2
                0x00000000000088f4                __aeabi_d2f
 .text          0x0000000000008994       0xa0 c:/ncs/toolchains/2d382dcd92/opt/zephyr-sdk/arm-zephyr-eabi/bin/../lib/gcc/arm-zephyr-eabi/12.2.0/thumb/v8-m.main+fp/hard\libgcc.a(_aeabi_ldivmod.o)
                0x0000000000008994                __aeabi_ldivmod
 .text          0x0000000000008a34       0x30 c:/ncs/toolchains/2d382dcd92/opt/zephyr-sdk/arm-zephyr-eabi/bin/../lib/gcc/arm-zephyr-eabi/12.2.0/thumb/v8-m.main+fp/hard\libgcc.a(_aeabi_uldivmod.o)
                0x0000000000008a34                __aeabi_uldivmod
 .text          0x0000000000008a64        0x4 c:/ncs/toolchains/2d382dcd92/opt/zephyr-sdk/arm-zephyr-eabi/bin/../lib/gcc/arm-zephyr-eabi/12.2.0/thumb/v8-m.main+fp/hard\libgcc.a(_dvmd_tls.o)
                0x0000000000008a64                __aeabi_idiv0
                0x0000000000008a64                __aeabi_ldiv0
 .text          0x0000000000008a68      0x29c c:/ncs/toolchains/2d382dcd92/opt/zephyr-sdk/arm-zephyr-eabi/bin/../lib/gcc/arm-zephyr-eabi/12.2.0/thumb/v8-m.main+fp/hard\libgcc.a(_udivmoddi4.o)
                0x0000000000008a68                __udivmoddi4
 .text          0x0000000000008d04       0x14 c:\ncs\toolchains\2d382dcd92\opt\zephyr-sdk\arm-zephyr-eabi\bin\../lib/gcc/../../picolibc/arm-zephyr-eabi/lib/thumb/v8-m.main+fp/hard\libc.a(strcmp.S.o)
                0x0000000000008d04                strcmp
 .text          0x0000000000008d18       0x10 c:\ncs\toolchains\2d382dcd92\opt\zephyr-sdk\arm-zephyr-eabi\bin\../lib/gcc/../../picolibc/arm-zephyr-eabi/lib/thumb/v8-m.main+fp/hard\libc.a(strcpy.S.o)
                0x0000000000008d18                strcpy
 .text          0x0000000000008d28       0x10 c:\ncs\toolchains\2d382dcd92\opt\zephyr-sdk\arm-zephyr-eabi\bin\../lib/gcc/../../picolibc/arm-zephyr-eabi/lib/thumb/v8-m.main+fp/hard\libc.a(strlen.S.o)
                0x0000000000008d28                strlen
 *(SORT_BY_ALIGNMENT(.text.*))
 .text.cmd_kernel_uptime
                0x0000000000008d38       0xe8 zephyr/libzephyr.a(uptime.c.obj)
 .text.bt_init  0x0000000000008e20      0x614 zephyr/subsys/bluetooth/host/libsubsys__bluetooth__host.a(hci_core.c.obj)
 *fill*         0x0000000000009434        0x4 
 .text.rtc_nrf_isr
                0x0000000000009438      0x104 zephyr/drivers/timer/libdrivers__timer.a(nrf_rtc_timer.c.obj)
                0x0000000000009438                rtc_nrf_isr
 *fill*         0x000000000000953c        0x4 
 .text.__atod_engine
                0x0000000000009540      0x1c8 c:\ncs\toolchains\2d382dcd92\opt\zephyr-sdk\arm-zephyr-eabi\bin\../lib/gcc/../../picolibc/arm-zephyr-eabi/lib/thumb/v8-m.main+fp/hard\libc.a(libc_tinystdio_atod_ryu.c.o)
                0x0000000000009540                __atod_engine
 .text.cmd_stream
                0x0000000000009708       0x70 app/libapp.a(main.c.obj)
 .text.cmd_list_sensors
                0x0000000000009778       0x20 app/libapp.a(main.c.obj)
 .text.cmd_sensors
                0x0000000000009798       0x44 app/libapp.a(main.c.obj)
 .text.cmd_rename
                0x00000000000097dc       0x44 app/libapp.a(main.c.obj)
 .text.list_bonds_callback
                0x0000000000009820       0x28 app/libapp.a(main.c.obj)
 .text.cmd_disable
                0x0000000000009848       0x2c app/libapp.a(main.c.obj)
 .text.cmd_disconnect
                0x0000000000009874       0x18 app/libapp.a(main.c.obj)
 .text.cmd_scan
                0x000000000000988c       0x4c app/libapp.a(main.c.obj)
 .text.on_connected
                0x00000000000098d8       0x48 app/libapp.a(main.c.obj)
 .text.on_disconnected
                0x0000000000009920       0x38 app/libapp.a(main.c.obj)
 .text.button_changed
                0x0000000000009958       0xbc app/libapp.a(main.c.obj)
 .text.print_work_handler
                0x0000000000009a14       0x54 app/libapp.a(main.c.obj)
 .text.cmd_enable
                0x0000000000009a68       0x70 app/libapp.a(main.c.obj)
 .text.cmd_forget
                0x0000000000009ad8      0x118 app/libapp.a(main.c.obj)
 .text.cmd_connect
                0x0000000000009bf0       0x88 app/libapp.a(main.c.obj)
 .text.main     0x0000000000009c78      0x154 app/libapp.a(main.c.obj)
                0x0000000000009c78                main
 .text.list_bonds_callback
                0x0000000000009dcc       0x28 app/libapp.a(bluetooth.c.obj)
 .text.data_cb  0x0000000000009df4      0x1c4 app/libapp.a(bluetooth.c.obj)
 .text.connected
                0x0000000000009fb8       0xe0 app/libapp.a(bluetooth.c.obj)
 .text.le_param_updated
                0x000000000000a098       0x8c app/libapp.a(bluetooth.c.obj)
 .text.security_changed
                0x000000000000a124       0xc8 app/libapp.a(bluetooth.c.obj)
 .text.notify_func
                0x000000000000a1ec      0x6a8 app/libapp.a(bluetooth.c.obj)
 .text.le_phy_updated
                0x000000000000a894       0x98 app/libapp.a(bluetooth.c.obj)
 .text.bt_ready
                0x000000000000a92c       0x40 app/libapp.a(bluetooth.c.obj)
 .text.bt_addr_le_to_str.constprop.0.isra.0
                0x000000000000a96c       0x78 app/libapp.a(bluetooth.c.obj)
 .text.le_param_req
                0x000000000000a9e4       0xa8 app/libapp.a(bluetooth.c.obj)
 .text.mtu_updated
                0x000000000000aa8c       0x44 app/libapp.a(bluetooth.c.obj)
 .text.peer_name_settings_set
                0x000000000000aad0      0x18c app/libapp.a(bluetooth.c.obj)
 .text.save_peer_name.isra.0
                0x000000000000ac5c       0xc0 app/libapp.a(bluetooth.c.obj)
 .text.pairing_complete
                0x000000000000ad1c       0x8c app/libapp.a(bluetooth.c.obj)
 .text.device_found
                0x000000000000ada8       0xfc app/libapp.a(bluetooth.c.obj)
 .text.start_scan
                0x000000000000aea4      0x110 app/libapp.a(bluetooth.c.obj)
                0x000000000000aea4                start_scan
 .text.disconnect_current_connection
                0x000000000000afb4      0x100 app/libapp.a(bluetooth.c.obj)
                0x000000000000afb4                disconnect_current_connection
 .text.bluetooth_init
                0x000000000000b0b4      0x178 app/libapp.a(bluetooth.c.obj)
                0x000000000000b0b4                bluetooth_init
 .text.get_num_found_devices
                0x000000000000b22c        0xc app/libapp.a(bluetooth.c.obj)
                0x000000000000b22c                get_num_found_devices
 .text.print_found_devices
                0x000000000000b238       0xb8 app/libapp.a(bluetooth.c.obj)
                0x000000000000b238                print_found_devices
 .text.connect_to_device
                0x000000000000b2f0      0x1b4 app/libapp.a(bluetooth.c.obj)
                0x000000000000b2f0                connect_to_device
 .text.disable_notifications
                0x000000000000b4a4       0xb8 app/libapp.a(bluetooth.c.obj)
                0x000000000000b4a4                disable_notifications
 .text.disconnected
                0x000000000000b55c      0x144 app/libapp.a(bluetooth.c.obj)
 .text.bluetooth_list_bonds
                0x000000000000b6a0      0x110 app/libapp.a(bluetooth.c.obj)
                0x000000000000b6a0                bluetooth_list_bonds
 .text.send_rename_command
                0x000000000000b7b0      0x1c0 app/libapp.a(bluetooth.c.obj)
                0x000000000000b7b0                send_rename_command
 .text.request_sensor_info
                0x000000000000b970      0x1d0 app/libapp.a(bluetooth.c.obj)
                0x000000000000b970                request_sensor_info
 .text.enable_notifications
                0x000000000000bb40      0x1b4 app/libapp.a(bluetooth.c.obj)
                0x000000000000bb40                enable_notifications
 .text.discover_func
                0x000000000000bcf4      0x1b0 app/libapp.a(bluetooth.c.obj)
 .text.print_sensor_instances
                0x000000000000bea4      0x2d0 app/libapp.a(bluetooth.c.obj)
                0x000000000000bea4                print_sensor_instances
 .text.request_sensor_data_stream
                0x000000000000c174      0x288 app/libapp.a(bluetooth.c.obj)
                0x000000000000c174                request_sensor_data_stream
 .text.crc8_ccitt
                0x000000000000c3fc       0x2c zephyr/libzephyr.a(crc8_sw.c.obj)
                0x000000000000c3fc                crc8_ccitt
 .text.cbvprintf_package
                0x000000000000c428      0x3a4 zephyr/libzephyr.a(cbprintf_packaged.c.obj)
                0x000000000000c428                cbvprintf_package
 .text.__printk_hook_install
                0x000000000000c7cc        0xc zephyr/libzephyr.a(printk.c.obj)
                0x000000000000c7cc                __printk_hook_install
 .text.z_thread_entry
                0x000000000000c7d8       0x34 zephyr/libzephyr.a(thread_entry.c.obj)
                0x000000000000c7d8                z_thread_entry
 .text.process_event
                0x000000000000c80c      0x21c zephyr/libzephyr.a(onoff.c.obj)
 .text.nvs_recover_last_ate
                0x000000000000ca28       0x64 zephyr/libzephyr.a(nvs.c.obj)
 .text.nvs_sector_close
                0x000000000000ca8c       0x58 zephyr/libzephyr.a(nvs.c.obj)
 .text.nvs_mount
                0x000000000000cae4      0x400 zephyr/libzephyr.a(nvs.c.obj)
                0x000000000000cae4                nvs_mount
 .text.nvs_write
                0x000000000000cee4      0x1b8 zephyr/libzephyr.a(nvs.c.obj)
                0x000000000000cee4                nvs_write
 .text.nvs_read_hist
                0x000000000000d09c       0xe0 zephyr/libzephyr.a(nvs.c.obj)
                0x000000000000d09c                nvs_read_hist
 .text.ipc_service_open_instance
                0x000000000000d17c       0x64 zephyr/libzephyr.a(ipc_service.c.obj)
                0x000000000000d17c                ipc_service_open_instance
 .text.ipc_service_close_instance
                0x000000000000d1e0       0x64 zephyr/libzephyr.a(ipc_service.c.obj)
                0x000000000000d1e0                ipc_service_close_instance
 .text.ipc_service_register_endpoint
                0x000000000000d244       0x70 zephyr/libzephyr.a(ipc_service.c.obj)
                0x000000000000d244                ipc_service_register_endpoint
 .text.ipc_service_deregister_endpoint
                0x000000000000d2b4       0x90 zephyr/libzephyr.a(ipc_service.c.obj)
                0x000000000000d2b4                ipc_service_deregister_endpoint
 .text.ipc_service_send
                0x000000000000d344       0x94 zephyr/libzephyr.a(ipc_service.c.obj)
                0x000000000000d344                ipc_service_send
 .text.shared_memory_prepare
                0x000000000000d3d8       0x14 zephyr/libzephyr.a(ipc_rpmsg_static_vrings.c.obj)
 .text.advertise_ept
                0x000000000000d3ec       0x44 zephyr/libzephyr.a(ipc_rpmsg_static_vrings.c.obj)
 .text.get_ept  0x000000000000d430       0x28 zephyr/libzephyr.a(ipc_rpmsg_static_vrings.c.obj)
 .text.open     0x000000000000d458      0x1d0 zephyr/libzephyr.a(ipc_rpmsg_static_vrings.c.obj)
 .text.bound_cb
                0x000000000000d628       0x30 zephyr/libzephyr.a(ipc_rpmsg_static_vrings.c.obj)
 .text.send     0x000000000000d658       0x4c zephyr/libzephyr.a(ipc_rpmsg_static_vrings.c.obj)
 .text.register_ept
                0x000000000000d6a4       0xe0 zephyr/libzephyr.a(ipc_rpmsg_static_vrings.c.obj)
 .text.deregister_ept
                0x000000000000d784       0x44 zephyr/libzephyr.a(ipc_rpmsg_static_vrings.c.obj)
 .text.ns_bind_cb
                0x000000000000d7c8       0x6c zephyr/libzephyr.a(ipc_rpmsg.c.obj)
 .text.ipc_rpmsg_register_ept
                0x000000000000d834       0x3c zephyr/libzephyr.a(ipc_rpmsg.c.obj)
                0x000000000000d834                ipc_rpmsg_register_ept
 .text.ipc_rpmsg_init
                0x000000000000d870       0x70 zephyr/libzephyr.a(ipc_rpmsg.c.obj)
                0x000000000000d870                ipc_rpmsg_init
 .text.ipc_static_vrings_init
                0x000000000000d8e0      0x108 zephyr/libzephyr.a(ipc_static_vrings.c.obj)
                0x000000000000d8e0                ipc_static_vrings_init
 .text.z_log_init.isra.0
                0x000000000000d9e8       0xd0 zephyr/libzephyr.a(log_core.c.obj)
 .text.log_set_timestamp_func
                0x000000000000dab8       0x20 zephyr/libzephyr.a(log_core.c.obj)
                0x000000000000dab8                log_set_timestamp_func
 .text.log_core_init
                0x000000000000dad8       0x34 zephyr/libzephyr.a(log_core.c.obj)
                0x000000000000dad8                log_core_init
 .text.z_impl_log_panic
                0x000000000000db0c       0x3c zephyr/libzephyr.a(log_core.c.obj)
                0x000000000000db0c                z_impl_log_panic
 .text.z_log_dropped
                0x000000000000db48       0x28 zephyr/libzephyr.a(log_core.c.obj)
                0x000000000000db48                z_log_dropped
 .text.z_log_msg_commit
                0x000000000000db70       0x6c zephyr/libzephyr.a(log_core.c.obj)
                0x000000000000db70                z_log_msg_commit
 .text.log_source_name_get
                0x000000000000dbdc       0x1c zephyr/libzephyr.a(log_mgmt.c.obj)
                0x000000000000dbdc                log_source_name_get
 .text.z_log_runtime_filters_init
                0x000000000000dbf8       0x3c zephyr/libzephyr.a(log_mgmt.c.obj)
                0x000000000000dbf8                z_log_runtime_filters_init
 .text.log_source_id_get
                0x000000000000dc34       0x38 zephyr/libzephyr.a(log_mgmt.c.obj)
                0x000000000000dc34                log_source_id_get
 .text.filter_set
                0x000000000000dc6c       0xbc zephyr/libzephyr.a(log_mgmt.c.obj)
                0x000000000000dc6c                filter_set
 .text.backend_filter_set
                0x000000000000dd28       0x30 zephyr/libzephyr.a(log_mgmt.c.obj)
 .text.log_backend_enable
                0x000000000000dd58       0x34 zephyr/libzephyr.a(log_mgmt.c.obj)
                0x000000000000dd58                log_backend_enable
 .text.log_filter_get
                0x000000000000dd8c       0x4c zephyr/libzephyr.a(log_mgmt.c.obj)
                0x000000000000dd8c                log_filter_get
 .text.z_log_msg_runtime_vcreate
                0x000000000000ddd8       0xb4 zephyr/libzephyr.a(log_msg.c.obj)
                0x000000000000ddd8                z_log_msg_runtime_vcreate
 .text.log_msg_get_source_id
                0x000000000000de8c       0x18 zephyr/libzephyr.a(log_msg.c.obj)
                0x000000000000de8c                log_msg_get_source_id
 .text.print_formatted
                0x000000000000dea4       0x24 zephyr/libzephyr.a(log_output.c.obj)
 .text.newline_print
                0x000000000000dec8       0x1c zephyr/libzephyr.a(log_output.c.obj)
 .text.log_output_process
                0x000000000000dee4      0x2e0 zephyr/libzephyr.a(log_output.c.obj)
                0x000000000000dee4                log_output_process
 .text.log_output_timestamp_freq_set
                0x000000000000e1c4       0x2c zephyr/libzephyr.a(log_output.c.obj)
                0x000000000000e1c4                log_output_timestamp_freq_set
 .text.mem_attr_get_regions
                0x000000000000e1f0        0xc zephyr/libzephyr.a(mem_attr.c.obj)
                0x000000000000e1f0                mem_attr_get_regions
 .text.flash_area_open
                0x000000000000e1fc       0x50 zephyr/libzephyr.a(flash_map.c.obj)
                0x000000000000e1fc                flash_area_open
 .text.flash_area_get_sectors
                0x000000000000e24c       0x60 zephyr/libzephyr.a(flash_map_layout.c.obj)
                0x000000000000e24c                flash_area_get_sectors
 .text.settings_save_one
                0x000000000000e2ac       0x4c zephyr/libzephyr.a(settings_store.c.obj)
                0x000000000000e2ac                settings_save_one
 .text.settings_src_register
                0x000000000000e2f8       0x1c zephyr/libzephyr.a(settings_store.c.obj)
                0x000000000000e2f8                settings_src_register
 .text.settings_dst_register
                0x000000000000e314        0xc zephyr/libzephyr.a(settings_store.c.obj)
                0x000000000000e314                settings_dst_register
 .text.settings_load_subtree
                0x000000000000e320       0x4c zephyr/libzephyr.a(settings_store.c.obj)
                0x000000000000e320                settings_load_subtree
 .text.settings_load_subtree_direct
                0x000000000000e36c       0x40 zephyr/libzephyr.a(settings_store.c.obj)
                0x000000000000e36c                settings_load_subtree_direct
 .text.settings_store_init
                0x000000000000e3ac       0x10 zephyr/libzephyr.a(settings_store.c.obj)
                0x000000000000e3ac                settings_store_init
 .text.z_log_msg_runtime_create.constprop.0
                0x000000000000e3bc       0x24 zephyr/libzephyr.a(settings.c.obj)
 .text.settings_init
                0x000000000000e3e0       0x10 zephyr/libzephyr.a(settings.c.obj)
                0x000000000000e3e0                settings_init
 .text.settings_parse_and_lookup
                0x000000000000e3f0       0x98 zephyr/libzephyr.a(settings.c.obj)
                0x000000000000e3f0                settings_parse_and_lookup
 .text.settings_call_set_handler
                0x000000000000e488       0x98 zephyr/libzephyr.a(settings.c.obj)
                0x000000000000e488                settings_call_set_handler
 .text.settings_commit_subtree
                0x000000000000e520       0x70 zephyr/libzephyr.a(settings.c.obj)
                0x000000000000e520                settings_commit_subtree
 .text.settings_subsys_init
                0x000000000000e590       0x3c zephyr/libzephyr.a(settings_init.c.obj)
                0x000000000000e590                settings_subsys_init
 .text.settings_nvs_load
                0x000000000000e5cc       0xbc zephyr/libzephyr.a(settings_nvs.c.obj)
 .text.settings_backend_init
                0x000000000000e688       0x84 zephyr/libzephyr.a(settings_nvs.c.obj)
                0x000000000000e688                settings_backend_init
 .text.cmd_kernel_cycles
                0x000000000000e70c       0x1c zephyr/libzephyr.a(cycles.c.obj)
 .text.cmd_kernel_sleep
                0x000000000000e728       0x50 zephyr/libzephyr.a(sleep.c.obj)
 .text.cmd_kernel_version
                0x000000000000e778       0x18 zephyr/libzephyr.a(version.c.obj)
 .text.cmd_kernel_log_level_set
                0x000000000000e790       0x7c zephyr/libzephyr.a(log-level.c.obj)
 .text.cmd_kernel_thread_list
                0x000000000000e80c       0x34 zephyr/libzephyr.a(list.c.obj)
 .text.shell_tdata_dump
                0x000000000000e840       0xc0 zephyr/libzephyr.a(list.c.obj)
 .text.cmd_kernel_thread_stacks
                0x000000000000e900       0x70 zephyr/libzephyr.a(stacks.c.obj)
 .text.shell_stack_dump
                0x000000000000e970       0x60 zephyr/libzephyr.a(stacks.c.obj)
 .text.cmd_device_list
                0x000000000000e9d0       0x8c zephyr/libzephyr.a(device_service.c.obj)
 .text.cmd_devmem
                0x000000000000ea5c       0xc4 zephyr/libzephyr.a(devmem_service.c.obj)
 .text.cmd_dump
                0x000000000000eb20      0x198 zephyr/libzephyr.a(devmem_service.c.obj)
 .text.set_bypass.isra.0
                0x000000000000ecb8       0x4c zephyr/libzephyr.a(devmem_service.c.obj)
 .text.bypass_cb
                0x000000000000ed04      0x114 zephyr/libzephyr.a(devmem_service.c.obj)
 .text.cmd_load
                0x000000000000ee18       0xd8 zephyr/libzephyr.a(devmem_service.c.obj)
 .text.z_log_msg_runtime_create.constprop.0
                0x000000000000eef0       0x24 zephyr/libzephyr.a(shell_uart.c.obj)
 .text.enable_shell_uart
                0x000000000000ef14       0x38 zephyr/libzephyr.a(shell_uart.c.obj)
 .text.init     0x000000000000ef4c       0x60 zephyr/libzephyr.a(shell_uart.c.obj)
 .text.uart_callback
                0x000000000000efac      0x108 zephyr/libzephyr.a(shell_uart.c.obj)
 .text.shell_internal_help_print
                0x000000000000f0b4       0x20 zephyr/libzephyr.a(shell.c.obj)
 .text.kill_handler
                0x000000000000f0d4       0x54 zephyr/libzephyr.a(shell.c.obj)
 .text.z_cursor_next_line_move.isra.0
                0x000000000000f128        0xc zephyr/libzephyr.a(shell.c.obj)
 .text.history_handle
                0x000000000000f134       0xac zephyr/libzephyr.a(shell.c.obj)
 .text.execute  0x000000000000f1e0      0x2c8 zephyr/libzephyr.a(shell.c.obj)
 .text.state_set.constprop.0
                0x000000000000f4a8       0x4c zephyr/libzephyr.a(shell.c.obj)
 .text.shell_process
                0x000000000000f4f4      0x6b8 zephyr/libzephyr.a(shell.c.obj)
                0x000000000000f4f4                shell_process
 .text.shell_thread
                0x000000000000fbac       0xd8 zephyr/libzephyr.a(shell.c.obj)
                0x000000000000fbac                shell_thread
 .text.cmd_help
                0x000000000000fc84       0x44 zephyr/libzephyr.a(shell.c.obj)
 .text.shell_hexdump_line
                0x000000000000fcc8       0xcc zephyr/libzephyr.a(shell.c.obj)
                0x000000000000fcc8                shell_hexdump_line
 .text.shell_init
                0x000000000000fd94       0xe8 zephyr/libzephyr.a(shell.c.obj)
                0x000000000000fd94                shell_init
 .text.z_shell_fprintf_fmt
                0x000000000000fe7c       0x28 zephyr/libzephyr.a(shell_fprintf.c.obj)
                0x000000000000fe7c                z_shell_fprintf_fmt
 .text.z_shell_cmd_get
                0x000000000000fea4       0x74 zephyr/libzephyr.a(shell_utils.c.obj)
                0x000000000000fea4                z_shell_cmd_get
 .text.shell_strtoul
                0x000000000000ff18       0x54 zephyr/libzephyr.a(shell_utils.c.obj)
                0x000000000000ff18                shell_strtoul
 .text.z_clear_eos
                0x000000000000ff6c       0x18 zephyr/libzephyr.a(shell_ops.c.obj)
 .text.z_cursor_next_line_move.isra.0
                0x000000000000ff84        0xc zephyr/libzephyr.a(shell_ops.c.obj)
 .text.z_shell_op_cursor_vert_move
                0x000000000000ff90       0x2c zephyr/libzephyr.a(shell_ops.c.obj)
                0x000000000000ff90                z_shell_op_cursor_vert_move
 .text.z_shell_op_cursor_horiz_move
                0x000000000000ffbc       0x2c zephyr/libzephyr.a(shell_ops.c.obj)
                0x000000000000ffbc                z_shell_op_cursor_horiz_move
 .text.z_shell_print_cmd
                0x000000000000ffe8       0x78 zephyr/libzephyr.a(shell_ops.c.obj)
                0x000000000000ffe8                z_shell_print_cmd
 .text.z_shell_vt100_color_set
                0x0000000000010060       0x40 zephyr/libzephyr.a(shell_ops.c.obj)
                0x0000000000010060                z_shell_vt100_color_set
 .text.z_shell_vt100_colors_restore
                0x00000000000100a0       0x3c zephyr/libzephyr.a(shell_ops.c.obj)
                0x00000000000100a0                z_shell_vt100_colors_restore
 .text.z_shell_op_word_remove
                0x00000000000100dc       0xc8 zephyr/libzephyr.a(shell_ops.c.obj)
                0x00000000000100dc                z_shell_op_word_remove
 .text.reprint_from_cursor
                0x00000000000101a4       0x7c zephyr/libzephyr.a(shell_ops.c.obj)
 .text.z_shell_op_char_insert
                0x0000000000010220       0x70 zephyr/libzephyr.a(shell_ops.c.obj)
                0x0000000000010220                z_shell_op_char_insert
 .text.z_shell_print_prompt_and_cmd
                0x0000000000010290       0x30 zephyr/libzephyr.a(shell_ops.c.obj)
                0x0000000000010290                z_shell_print_prompt_and_cmd
 .text.z_cursor_next_line_move.isra.0
                0x00000000000102c0        0xc zephyr/libzephyr.a(shell_help.c.obj)
 .text.z_shell_help_subcmd_print
                0x00000000000102cc       0xb4 zephyr/libzephyr.a(shell_help.c.obj)
                0x00000000000102cc                z_shell_help_subcmd_print
 .text.z_shell_help_cmd_print
                0x0000000000010380       0x40 zephyr/libzephyr.a(shell_help.c.obj)
                0x0000000000010380                z_shell_help_cmd_print
 .text.z_shell_help_request
                0x00000000000103c0       0x28 zephyr/libzephyr.a(shell_help.c.obj)
                0x00000000000103c0                z_shell_help_request
 .text.cmd_resize_default
                0x00000000000103e8       0x2c zephyr/libzephyr.a(shell_cmds.c.obj)
 .text.cmd_shell_stats_show
                0x0000000000010414       0x14 zephyr/libzephyr.a(shell_cmds.c.obj)
 .text.cmd_backends
                0x0000000000010428       0x4c zephyr/libzephyr.a(shell_cmds.c.obj)
 .text.cmd_prompt_off
                0x0000000000010474       0x10 zephyr/libzephyr.a(shell_cmds.c.obj)
 .text.cmd_history
                0x0000000000010484       0x40 zephyr/libzephyr.a(shell_cmds.c.obj)
 .text.cmd_get_retval
                0x00000000000104c4       0x1c zephyr/libzephyr.a(shell_cmds.c.obj)
 .text.cmd_echo
                0x00000000000104e0       0x50 zephyr/libzephyr.a(shell_cmds.c.obj)
 .text.cmd_clear
                0x0000000000010530       0x34 zephyr/libzephyr.a(shell_cmds.c.obj)
 .text.cmd_resize
                0x0000000000010564      0x1a0 zephyr/libzephyr.a(shell_cmds.c.obj)
 .text.z_shell_wildcard_process
                0x0000000000010704       0xe4 zephyr/libzephyr.a(shell_wildcard.c.obj)
                0x0000000000010704                z_shell_wildcard_process
 .text.boot_banner
                0x00000000000107e8       0x1c zephyr/libzephyr.a(banner.c.obj)
                0x00000000000107e8                boot_banner
 .text.sub_bytes
                0x0000000000010804       0x18 zephyr/libzephyr.a(aes_encrypt.c.obj)
 .text.tc_aes128_set_encrypt_key
                0x000000000001081c       0xa8 zephyr/libzephyr.a(aes_encrypt.c.obj)
                0x000000000001081c                tc_aes128_set_encrypt_key
 .text.compress
                0x00000000000108c4      0x1c4 zephyr/libzephyr.a(sha256.c.obj)
 .text.tc_sha256_init
                0x0000000000010a88       0x58 zephyr/libzephyr.a(sha256.c.obj)
                0x0000000000010a88                tc_sha256_init
 .text.z_arm_fatal_error
                0x0000000000010ae0      0x160 zephyr/arch/arch/arm/core/libarch__arm__core.a(fatal.c.obj)
                0x0000000000010ae0                z_arm_fatal_error
 .text.z_SysNmiOnReset
                0x0000000000010c40        0x8 zephyr/arch/arch/arm/core/libarch__arm__core.a(nmi_on_reset.S.obj)
                0x0000000000010c40                z_SysNmiOnReset
 .text.arch_tls_stack_setup
                0x0000000000010c48       0x40 zephyr/arch/arch/arm/core/libarch__arm__core.a(tls.c.obj)
                0x0000000000010c48                arch_tls_stack_setup
 .text._HandlerModeExit
                0x0000000000010c88       0x28 zephyr/arch/arch/arm/core/cortex_m/libarch__arm__core__cortex_m.a(exc_exit.c.obj)
                0x0000000000010c88                z_arm_int_exit
                0x0000000000010c88                z_arm_exc_exit
 .text.mem_manage_fault.constprop.0
                0x0000000000010cb0      0x15c zephyr/arch/arch/arm/core/cortex_m/libarch__arm__core__cortex_m.a(fault.c.obj)
 .text.bus_fault.constprop.0
                0x0000000000010e0c      0x16c zephyr/arch/arch/arm/core/cortex_m/libarch__arm__core__cortex_m.a(fault.c.obj)
 .text.usage_fault.constprop.0
                0x0000000000010f78      0x15c zephyr/arch/arch/arm/core/cortex_m/libarch__arm__core__cortex_m.a(fault.c.obj)
 .text.z_arm_fault
                0x00000000000110d4      0x248 zephyr/arch/arch/arm/core/cortex_m/libarch__arm__core__cortex_m.a(fault.c.obj)
                0x00000000000110d4                z_arm_fault
 .text.z_arm_fault_init
                0x000000000001131c       0x20 zephyr/arch/arch/arm/core/cortex_m/libarch__arm__core__cortex_m.a(fault.c.obj)
                0x000000000001131c                z_arm_fault_init
 .text.__fault  0x000000000001133c       0x14 zephyr/arch/arch/arm/core/cortex_m/libarch__arm__core__cortex_m.a(fault_s.S.obj)
                0x000000000001133c                z_arm_usage_fault
                0x000000000001133c                z_arm_mpu_fault
                0x000000000001133c                z_arm_exc_spurious
                0x000000000001133c                z_arm_debug_monitor
                0x000000000001133c                z_arm_hard_fault
                0x000000000001133c                z_arm_bus_fault
 .text._reset_section
                0x0000000000011350       0x6c zephyr/arch/arch/arm/core/cortex_m/libarch__arm__core__cortex_m.a(reset.S.obj)
                0x0000000000011350                __start
                0x0000000000011350                z_arm_reset
 .text.z_arm_clear_arm_mpu_config
                0x00000000000113bc       0x24 zephyr/arch/arch/arm/core/cortex_m/libarch__arm__core__cortex_m.a(scb.c.obj)
                0x00000000000113bc                z_arm_clear_arm_mpu_config
 .text.z_arm_init_arch_hw_at_boot
                0x00000000000113e0       0x4c zephyr/arch/arch/arm/core/cortex_m/libarch__arm__core__cortex_m.a(scb.c.obj)
                0x00000000000113e0                z_arm_init_arch_hw_at_boot
 .text.z_impl_k_thread_abort
                0x000000000001142c       0x2c zephyr/arch/arch/arm/core/cortex_m/libarch__arm__core__cortex_m.a(thread_abort.c.obj)
                0x000000000001142c                z_impl_k_thread_abort
 .text.arch_swap
                0x0000000000011458       0x34 zephyr/arch/arch/arm/core/cortex_m/libarch__arm__core__cortex_m.a(swap.c.obj)
                0x0000000000011458                arch_swap
 .text.z_arm_pendsv_c
                0x000000000001148c       0x54 zephyr/arch/arch/arm/core/cortex_m/libarch__arm__core__cortex_m.a(swap.c.obj)
                0x000000000001148c                z_arm_pendsv_c
 .text.z_arm_pendsv
                0x00000000000114e0       0x7c zephyr/arch/arch/arm/core/cortex_m/libarch__arm__core__cortex_m.a(swap_helper.S.obj)
                0x00000000000114e0                z_arm_pendsv
 .text.z_arm_svc
                0x000000000001155c       0x20 zephyr/arch/arch/arm/core/cortex_m/libarch__arm__core__cortex_m.a(swap_helper.S.obj)
                0x000000000001155c                z_arm_svc
 .text.arch_irq_enable
                0x000000000001157c       0x1c zephyr/arch/arch/arm/core/cortex_m/libarch__arm__core__cortex_m.a(irq_manage.c.obj)
                0x000000000001157c                arch_irq_enable
 .text.arch_irq_disable
                0x0000000000011598       0x28 zephyr/arch/arch/arm/core/cortex_m/libarch__arm__core__cortex_m.a(irq_manage.c.obj)
                0x0000000000011598                arch_irq_disable
 .text.arch_irq_is_enabled
                0x00000000000115c0       0x1c zephyr/arch/arch/arm/core/cortex_m/libarch__arm__core__cortex_m.a(irq_manage.c.obj)
                0x00000000000115c0                arch_irq_is_enabled
 .text.z_arm_irq_priority_set
                0x00000000000115dc       0x2c zephyr/arch/arch/arm/core/cortex_m/libarch__arm__core__cortex_m.a(irq_manage.c.obj)
                0x00000000000115dc                z_arm_irq_priority_set
 .text.z_prep_c
                0x0000000000011608       0x5c zephyr/arch/arch/arm/core/cortex_m/libarch__arm__core__cortex_m.a(prep_c.c.obj)
                0x0000000000011608                z_prep_c
 .text.arch_new_thread
                0x0000000000011664       0x40 zephyr/arch/arch/arm/core/cortex_m/libarch__arm__core__cortex_m.a(thread.c.obj)
                0x0000000000011664                arch_new_thread
 .text.arch_float_disable
                0x00000000000116a4       0x48 zephyr/arch/arch/arm/core/cortex_m/libarch__arm__core__cortex_m.a(thread.c.obj)
                0x00000000000116a4                arch_float_disable
 .text.arch_switch_to_main_thread
                0x00000000000116ec       0x64 zephyr/arch/arch/arm/core/cortex_m/libarch__arm__core__cortex_m.a(thread.c.obj)
                0x00000000000116ec                arch_switch_to_main_thread
 .text.z_arm_cpu_idle_init
                0x0000000000011750        0xc zephyr/arch/arch/arm/core/cortex_m/libarch__arm__core__cortex_m.a(cpu_idle.c.obj)
                0x0000000000011750                z_arm_cpu_idle_init
 .text.z_arm_interrupt_init
                0x000000000001175c       0x18 zephyr/arch/arch/arm/core/cortex_m/libarch__arm__core__cortex_m.a(irq_init.c.obj)
                0x000000000001175c                z_arm_interrupt_init
 .text._isr_wrapper
                0x0000000000011774       0x24 zephyr/arch/arch/arm/core/cortex_m/libarch__arm__core__cortex_m.a(isr_wrapper.c.obj)
                0x0000000000011774                _isr_wrapper
 .text.z_arm_configure_static_mpu_regions
                0x0000000000011798       0x38 zephyr/arch/arch/arm/core/mpu/libarch__arm__core__mpu.a(arm_core_mpu.c.obj)
                0x0000000000011798                z_arm_configure_static_mpu_regions
 .text.region_init
                0x00000000000117d0       0x34 zephyr/arch/arch/arm/core/mpu/libarch__arm__core__mpu.a(arm_mpu.c.obj)
 .text.region_allocate_and_init
                0x0000000000011804       0x48 zephyr/arch/arch/arm/core/mpu/libarch__arm__core__mpu.a(arm_mpu.c.obj)
 .text.mpu_configure_regions_and_partition.constprop.0
                0x000000000001184c      0x17c zephyr/arch/arch/arm/core/mpu/libarch__arm__core__mpu.a(arm_mpu.c.obj)
 .text.arm_core_mpu_enable
                0x00000000000119c8       0x18 zephyr/arch/arch/arm/core/mpu/libarch__arm__core__mpu.a(arm_mpu.c.obj)
                0x00000000000119c8                arm_core_mpu_enable
 .text.arm_core_mpu_disable
                0x00000000000119e0       0x14 zephyr/arch/arch/arm/core/mpu/libarch__arm__core__mpu.a(arm_mpu.c.obj)
                0x00000000000119e0                arm_core_mpu_disable
 .text.arm_core_mpu_configure_static_mpu_regions
                0x00000000000119f4       0x14 zephyr/arch/arch/arm/core/mpu/libarch__arm__core__mpu.a(arm_mpu.c.obj)
                0x00000000000119f4                arm_core_mpu_configure_static_mpu_regions
 .text.arm_core_mpu_mark_areas_for_dynamic_regions
                0x0000000000011a08       0xb8 zephyr/arch/arch/arm/core/mpu/libarch__arm__core__mpu.a(arm_mpu.c.obj)
                0x0000000000011a08                arm_core_mpu_mark_areas_for_dynamic_regions
 .text.z_arm_mpu_init
                0x0000000000011ac0      0x11c zephyr/arch/arch/arm/core/mpu/libarch__arm__core__mpu.a(arm_mpu.c.obj)
                0x0000000000011ac0                z_arm_mpu_init
 .text.z_impl_zephyr_fputc
                0x0000000000011bdc       0x10 zephyr/lib/libc/picolibc/liblib__libc__picolibc.a(libc-hooks.c.obj)
                0x0000000000011bdc                z_impl_zephyr_fputc
 .text.__stdout_hook_install
                0x0000000000011bec       0x18 zephyr/lib/libc/picolibc/liblib__libc__picolibc.a(libc-hooks.c.obj)
                0x0000000000011bec                __stdout_hook_install
 .text.cbvprintf
                0x0000000000011c04       0x38 zephyr/lib/libc/picolibc/liblib__libc__picolibc.a(libc-hooks.c.obj)
                0x0000000000011c04                cbvprintf
 .text.malloc_prepare
                0x0000000000011c3c       0x24 zephyr/lib/libc/common/liblib__libc__common.a(malloc.c.obj)
 .text.getopt_init
                0x0000000000011c60       0x48 zephyr/lib/posix/options/liblib__posix__options.a(getopt.c.obj)
                0x0000000000011c60                getopt_init
 .text.getopt   0x0000000000011ca8       0xf8 zephyr/lib/posix/options/liblib__posix__options.a(getopt.c.obj)
                0x0000000000011ca8                getopt
 .text.z_getopt_global_state_update
                0x0000000000011da0       0x34 zephyr/lib/posix/options/liblib__posix__options.a(getopt_common.c.obj)
                0x0000000000011da0                z_getopt_global_state_update
 .text.getopt_state_get
                0x0000000000011dd4        0x8 zephyr/lib/posix/options/liblib__posix__options.a(getopt_common.c.obj)
                0x0000000000011dd4                getopt_state_get
 .text.net_buf_destroy
                0x0000000000011ddc       0x38 zephyr/lib/net_buf/liblib__net_buf.a(buf.c.obj)
 .text.net_buf_pool_get
                0x0000000000011e14       0x10 zephyr/lib/net_buf/liblib__net_buf.a(buf.c.obj)
                0x0000000000011e14                net_buf_pool_get
 .text.net_buf_id
                0x0000000000011e24       0x20 zephyr/lib/net_buf/liblib__net_buf.a(buf.c.obj)
                0x0000000000011e24                net_buf_id
 .text.fixed_data_alloc
                0x0000000000011e44       0x24 zephyr/lib/net_buf/liblib__net_buf.a(buf.c.obj)
 .text.net_buf_alloc_len
                0x0000000000011e68      0x124 zephyr/lib/net_buf/liblib__net_buf.a(buf.c.obj)
                0x0000000000011e68                net_buf_alloc_len
 .text.net_buf_unref
                0x0000000000011f8c       0x38 zephyr/lib/net_buf/liblib__net_buf.a(buf.c.obj)
                0x0000000000011f8c                net_buf_unref
 .text.net_buf_append_bytes
                0x0000000000011fc4       0x94 zephyr/lib/net_buf/liblib__net_buf.a(buf.c.obj)
                0x0000000000011fc4                net_buf_append_bytes
 .text.rtc_pretick_init
                0x0000000000012058       0x60 zephyr/soc/soc/nrf5340/libsoc__nordic.a(soc.c.obj)
 .text.z_arm_on_enter_cpu_idle
                0x00000000000120b8       0x68 zephyr/soc/soc/nrf5340/libsoc__nordic.a(soc.c.obj)
                0x00000000000120b8                z_arm_on_enter_cpu_idle
 .text.arch_busy_wait
                0x0000000000012120       0x24 zephyr/soc/soc/nrf5340/libsoc__nordic.a(soc.c.obj)
                0x0000000000012120                arch_busy_wait
 .text.onoff_stop
                0x0000000000012144       0x14 zephyr/soc/soc/nrf5340/libsoc__nordic.a(nrf53_cpunet_mgmt.c.obj)
 .text.nrf53_cpunet_mgmt_init
                0x0000000000012158       0x10 zephyr/soc/soc/nrf5340/libsoc__nordic.a(nrf53_cpunet_mgmt.c.obj)
 .text.onoff_start
                0x0000000000012168       0x70 zephyr/soc/soc/nrf5340/libsoc__nordic.a(nrf53_cpunet_mgmt.c.obj)
 .text.nrf53_cpunet_enable
                0x00000000000121d8       0x34 zephyr/soc/soc/nrf5340/libsoc__nordic.a(nrf53_cpunet_mgmt.c.obj)
                0x00000000000121d8                nrf53_cpunet_enable
 .text.z_log_msg_runtime_create.constprop.0
                0x000000000001220c       0x24 zephyr/soc/soc/nrf5340/libsoc__nordic.a(sync_rtc.c.obj)
 .text.rtc_cb   0x0000000000012230       0x40 zephyr/soc/soc/nrf5340/libsoc__nordic.a(sync_rtc.c.obj)
 .text.sync_rtc_setup
                0x0000000000012270       0xd0 zephyr/soc/soc/nrf5340/libsoc__nordic.a(sync_rtc.c.obj)
 .text.mbox_callback
                0x0000000000012340       0x80 zephyr/soc/soc/nrf5340/libsoc__nordic.a(sync_rtc.c.obj)
 .text.bt_hex   0x00000000000123c0       0x44 zephyr/subsys/bluetooth/common/libsubsys__bluetooth__common.a(bt_str.c.obj)
                0x00000000000123c0                bt_hex
 .text.bt_addr_le_str
                0x0000000000012404       0x7c zephyr/subsys/bluetooth/common/libsubsys__bluetooth__common.a(bt_str.c.obj)
                0x0000000000012404                bt_addr_le_str
 .text.set_setting
                0x0000000000012480      0x12c zephyr/subsys/bluetooth/host/libsubsys__bluetooth__host.a(settings.c.obj)
 .text.bt_settings_encode_key
                0x00000000000125ac       0x60 zephyr/subsys/bluetooth/host/libsubsys__bluetooth__host.a(settings.c.obj)
                0x00000000000125ac                bt_settings_encode_key
 .text.bt_settings_init
                0x000000000001260c       0x34 zephyr/subsys/bluetooth/host/libsubsys__bluetooth__host.a(settings.c.obj)
                0x000000000001260c                bt_settings_init
 .text.bt_settings_store
                0x0000000000012640       0x50 zephyr/subsys/bluetooth/host/libsubsys__bluetooth__host.a(settings.c.obj)
                0x0000000000012640                bt_settings_store
 .text.do_store_id
                0x0000000000012690       0x4c zephyr/subsys/bluetooth/host/libsubsys__bluetooth__host.a(settings.c.obj)
 .text.do_store_irk
                0x00000000000126dc       0x4c zephyr/subsys/bluetooth/host/libsubsys__bluetooth__host.a(settings.c.obj)
 .text.bt_settings_delete
                0x0000000000012728       0x4c zephyr/subsys/bluetooth/host/libsubsys__bluetooth__host.a(settings.c.obj)
                0x0000000000012728                bt_settings_delete
 .text.bt_settings_store_sc
                0x0000000000012774       0x1c zephyr/subsys/bluetooth/host/libsubsys__bluetooth__host.a(settings.c.obj)
                0x0000000000012774                bt_settings_store_sc
 .text.bt_settings_delete_sc
                0x0000000000012790       0x10 zephyr/subsys/bluetooth/host/libsubsys__bluetooth__host.a(settings.c.obj)
                0x0000000000012790                bt_settings_delete_sc
 .text.bt_settings_store_cf
                0x00000000000127a0       0x1c zephyr/subsys/bluetooth/host/libsubsys__bluetooth__host.a(settings.c.obj)
                0x00000000000127a0                bt_settings_store_cf
 .text.bt_settings_store_ccc
                0x00000000000127bc       0x1c zephyr/subsys/bluetooth/host/libsubsys__bluetooth__host.a(settings.c.obj)
                0x00000000000127bc                bt_settings_store_ccc
 .text.bt_settings_delete_ccc
                0x00000000000127d8       0x10 zephyr/subsys/bluetooth/host/libsubsys__bluetooth__host.a(settings.c.obj)
                0x00000000000127d8                bt_settings_delete_ccc
 .text.bt_settings_store_hash
                0x00000000000127e8       0x1c zephyr/subsys/bluetooth/host/libsubsys__bluetooth__host.a(settings.c.obj)
                0x00000000000127e8                bt_settings_store_hash
 .text.bt_settings_store_id
                0x0000000000012804       0x10 zephyr/subsys/bluetooth/host/libsubsys__bluetooth__host.a(settings.c.obj)
                0x0000000000012804                bt_settings_store_id
 .text.bt_settings_store_irk
                0x0000000000012814       0x10 zephyr/subsys/bluetooth/host/libsubsys__bluetooth__host.a(settings.c.obj)
                0x0000000000012814                bt_settings_store_irk
 .text.commit_settings
                0x0000000000012824       0x90 zephyr/subsys/bluetooth/host/libsubsys__bluetooth__host.a(settings.c.obj)
 .text.bt_settings_store_keys
                0x00000000000128b4       0x1c zephyr/subsys/bluetooth/host/libsubsys__bluetooth__host.a(settings.c.obj)
                0x00000000000128b4                bt_settings_store_keys
 .text.bt_settings_delete_keys
                0x00000000000128d0       0x10 zephyr/subsys/bluetooth/host/libsubsys__bluetooth__host.a(settings.c.obj)
                0x00000000000128d0                bt_settings_delete_keys
 .text.long_wq_init
                0x00000000000128e0       0x38 zephyr/subsys/bluetooth/host/libsubsys__bluetooth__host.a(long_wq.c.obj)
 .text.bt_long_wq_schedule
                0x0000000000012918        0xc zephyr/subsys/bluetooth/host/libsubsys__bluetooth__host.a(long_wq.c.obj)
                0x0000000000012918                bt_long_wq_schedule
 .text.uuid_to_uuid128
                0x0000000000012924       0x78 zephyr/subsys/bluetooth/host/libsubsys__bluetooth__host.a(uuid.c.obj)
 .text.bt_uuid_to_str
                0x000000000001299c       0x70 zephyr/subsys/bluetooth/host/libsubsys__bluetooth__host.a(uuid.c.obj)
                0x000000000001299c                bt_uuid_to_str
 .text.bt_buf_get_rx
                0x0000000000012a0c       0x2c zephyr/subsys/bluetooth/host/libsubsys__bluetooth__host.a(buf.c.obj)
                0x0000000000012a0c                bt_buf_get_rx
 .text.bt_buf_get_evt
                0x0000000000012a38       0x40 zephyr/subsys/bluetooth/host/libsubsys__bluetooth__host.a(buf.c.obj)
                0x0000000000012a38                bt_buf_get_evt
 .text.z_log_msg_runtime_create.constprop.0
                0x0000000000012a78       0x24 zephyr/subsys/bluetooth/host/libsubsys__bluetooth__host.a(data.c.obj)
 .text.bt_data_parse
                0x0000000000012a9c       0x74 zephyr/subsys/bluetooth/host/libsubsys__bluetooth__host.a(data.c.obj)
                0x0000000000012a9c                bt_data_parse
 .text.unpair   0x0000000000012b10       0x8c zephyr/subsys/bluetooth/host/libsubsys__bluetooth__host.a(hci_core.c.obj)
 .text.hci_disconn_complete_prio
                0x0000000000012b9c       0x4c zephyr/subsys/bluetooth/host/libsubsys__bluetooth__host.a(hci_core.c.obj)
 .text.handle_event_common
                0x0000000000012be8       0x64 zephyr/subsys/bluetooth/host/libsubsys__bluetooth__host.a(hci_core.c.obj)
 .text.hci_vendor_event
                0x0000000000012c4c       0x60 zephyr/subsys/bluetooth/host/libsubsys__bluetooth__host.a(hci_core.c.obj)
 .text.le_conn_update_complete
                0x0000000000012cac       0x9c zephyr/subsys/bluetooth/host/libsubsys__bluetooth__host.a(hci_core.c.obj)
 .text.le_data_len_change
                0x0000000000012d48      0x134 zephyr/subsys/bluetooth/host/libsubsys__bluetooth__host.a(hci_core.c.obj)
 .text.rx_queue_put
                0x0000000000012e7c       0x4c zephyr/subsys/bluetooth/host/libsubsys__bluetooth__host.a(hci_core.c.obj)
 .text.hci_data_buf_overflow
                0x0000000000012ec8       0x34 zephyr/subsys/bluetooth/host/libsubsys__bluetooth__host.a(hci_core.c.obj)
 .text.handle_event
                0x0000000000012efc       0x4c zephyr/subsys/bluetooth/host/libsubsys__bluetooth__host.a(hci_core.c.obj)
 .text.rx_work_handler
                0x0000000000012f48      0x198 zephyr/subsys/bluetooth/host/libsubsys__bluetooth__host.a(hci_core.c.obj)
 .text.hci_le_meta_event
                0x00000000000130e0       0x20 zephyr/subsys/bluetooth/host/libsubsys__bluetooth__host.a(hci_core.c.obj)
 .text.hci_hardware_error
                0x0000000000013100       0x38 zephyr/subsys/bluetooth/host/libsubsys__bluetooth__host.a(hci_core.c.obj)
 .text.hci_disconn_complete
                0x0000000000013138       0x98 zephyr/subsys/bluetooth/host/libsubsys__bluetooth__host.a(hci_core.c.obj)
 .text.le_remote_feat_complete
                0x00000000000131d0       0x64 zephyr/subsys/bluetooth/host/libsubsys__bluetooth__host.a(hci_core.c.obj)
 .text.hci_cmd_done
                0x0000000000013234      0x160 zephyr/subsys/bluetooth/host/libsubsys__bluetooth__host.a(hci_core.c.obj)
 .text.hci_num_completed_packets
                0x0000000000013394      0x104 zephyr/subsys/bluetooth/host/libsubsys__bluetooth__host.a(hci_core.c.obj)
 .text.bt_hci_cmd_state_set_init
                0x0000000000013498       0x24 zephyr/subsys/bluetooth/host/libsubsys__bluetooth__host.a(hci_core.c.obj)
                0x0000000000013498                bt_hci_cmd_state_set_init
 .text.bt_hci_cmd_create
                0x00000000000134bc       0x78 zephyr/subsys/bluetooth/host/libsubsys__bluetooth__host.a(hci_core.c.obj)
                0x00000000000134bc                bt_hci_cmd_create
 .text.bt_get_phy
                0x0000000000013534       0x14 zephyr/subsys/bluetooth/host/libsubsys__bluetooth__host.a(hci_core.c.obj)
                0x0000000000013534                bt_get_phy
 .text.le_phy_update_complete
                0x0000000000013548       0x60 zephyr/subsys/bluetooth/host/libsubsys__bluetooth__host.a(hci_core.c.obj)
 .text.bt_unpair
                0x00000000000135a8       0x44 zephyr/subsys/bluetooth/host/libsubsys__bluetooth__host.a(hci_core.c.obj)
                0x00000000000135a8                bt_unpair
 .text.bt_security_err_get
                0x00000000000135ec       0x10 zephyr/subsys/bluetooth/host/libsubsys__bluetooth__host.a(hci_core.c.obj)
                0x00000000000135ec                bt_security_err_get
 .text.hci_encrypt_key_refresh_complete
                0x00000000000135fc       0xac zephyr/subsys/bluetooth/host/libsubsys__bluetooth__host.a(hci_core.c.obj)
 .text.hci_encrypt_change
                0x00000000000136a8       0xe8 zephyr/subsys/bluetooth/host/libsubsys__bluetooth__host.a(hci_core.c.obj)
 .text.bt_hci_get_ver_str
                0x0000000000013790       0x3c zephyr/subsys/bluetooth/host/libsubsys__bluetooth__host.a(hci_core.c.obj)
                0x0000000000013790                bt_hci_get_ver_str
 .text.bt_send  0x00000000000137cc       0x14 zephyr/subsys/bluetooth/host/libsubsys__bluetooth__host.a(hci_core.c.obj)
                0x00000000000137cc                bt_send
 .text.hci_event_prio
                0x00000000000137e0       0xb8 zephyr/subsys/bluetooth/host/libsubsys__bluetooth__host.a(hci_core.c.obj)
                0x00000000000137e0                hci_event_prio
 .text.bt_hci_recv
                0x0000000000013898       0x70 zephyr/subsys/bluetooth/host/libsubsys__bluetooth__host.a(hci_core.c.obj)
                0x0000000000013898                bt_hci_recv
 .text.bt_finalize_init
                0x0000000000013908      0x11c zephyr/subsys/bluetooth/host/libsubsys__bluetooth__host.a(hci_core.c.obj)
                0x0000000000013908                bt_finalize_init
 .text.bt_is_ready
                0x0000000000013a24       0x10 zephyr/subsys/bluetooth/host/libsubsys__bluetooth__host.a(hci_core.c.obj)
                0x0000000000013a24                bt_is_ready
 .text.bt_get_name
                0x0000000000013a34        0x8 zephyr/subsys/bluetooth/host/libsubsys__bluetooth__host.a(hci_core.c.obj)
                0x0000000000013a34                bt_get_name
 .text.bt_tx_irq_raise
                0x0000000000013a3c        0xc zephyr/subsys/bluetooth/host/libsubsys__bluetooth__host.a(hci_core.c.obj)
                0x0000000000013a3c                bt_tx_irq_raise
 .text.bt_hci_cmd_send
                0x0000000000013a48       0x70 zephyr/subsys/bluetooth/host/libsubsys__bluetooth__host.a(hci_core.c.obj)
                0x0000000000013a48                bt_hci_cmd_send
 .text.bt_send_one_host_num_completed_packets
                0x0000000000013ab8       0xa0 zephyr/subsys/bluetooth/host/libsubsys__bluetooth__host.a(hci_core.c.obj)
                0x0000000000013ab8                bt_send_one_host_num_completed_packets
 .text.bt_hci_host_num_completed_packets
                0x0000000000013b58       0xbc zephyr/subsys/bluetooth/host/libsubsys__bluetooth__host.a(hci_core.c.obj)
                0x0000000000013b58                bt_hci_host_num_completed_packets
 .text.le_ltk_request
                0x0000000000013c14       0xdc zephyr/subsys/bluetooth/host/libsubsys__bluetooth__host.a(hci_core.c.obj)
 .text.le_conn_param_neg_reply
                0x0000000000013cf0       0x54 zephyr/subsys/bluetooth/host/libsubsys__bluetooth__host.a(hci_core.c.obj)
 .text.le_conn_param_req
                0x0000000000013d44       0xd0 zephyr/subsys/bluetooth/host/libsubsys__bluetooth__host.a(hci_core.c.obj)
 .text.process_pending_cmd
                0x0000000000013e14       0xfc zephyr/subsys/bluetooth/host/libsubsys__bluetooth__host.a(hci_core.c.obj)
 .text.bt_hci_cmd_send_sync
                0x0000000000013f10      0x1a0 zephyr/subsys/bluetooth/host/libsubsys__bluetooth__host.a(hci_core.c.obj)
                0x0000000000013f10                bt_hci_cmd_send_sync
 .text.init_work
                0x00000000000140b0       0x18 zephyr/subsys/bluetooth/host/libsubsys__bluetooth__host.a(hci_core.c.obj)
 .text.bt_enable
                0x00000000000140c8       0xfc zephyr/subsys/bluetooth/host/libsubsys__bluetooth__host.a(hci_core.c.obj)
                0x00000000000140c8                bt_enable
 .text.bt_hci_le_rand
                0x00000000000141c4       0x58 zephyr/subsys/bluetooth/host/libsubsys__bluetooth__host.a(hci_core.c.obj)
                0x00000000000141c4                bt_hci_le_rand
 .text.bt_le_create_conn_legacy
                0x000000000001421c       0xb4 zephyr/subsys/bluetooth/host/libsubsys__bluetooth__host.a(hci_core.c.obj)
 .text.enh_conn_complete_error_handle
                0x00000000000142d0      0x10c zephyr/subsys/bluetooth/host/libsubsys__bluetooth__host.a(hci_core.c.obj)
 .text.bt_le_create_conn_cancel
                0x00000000000143dc       0x34 zephyr/subsys/bluetooth/host/libsubsys__bluetooth__host.a(hci_core.c.obj)
                0x00000000000143dc                bt_le_create_conn_cancel
 .text.bt_hci_le_enh_conn_complete
                0x0000000000014410      0x1c0 zephyr/subsys/bluetooth/host/libsubsys__bluetooth__host.a(hci_core.c.obj)
                0x0000000000014410                bt_hci_le_enh_conn_complete
 .text.le_legacy_conn_complete
                0x00000000000145d0       0x80 zephyr/subsys/bluetooth/host/libsubsys__bluetooth__host.a(hci_core.c.obj)
 .text.hci_cmd_status
                0x0000000000014650       0x30 zephyr/subsys/bluetooth/host/libsubsys__bluetooth__host.a(hci_core.c.obj)
 .text.hci_cmd_complete
                0x0000000000014680       0x74 zephyr/subsys/bluetooth/host/libsubsys__bluetooth__host.a(hci_core.c.obj)
 .text.id_find  0x00000000000146f4       0x30 zephyr/subsys/bluetooth/host/libsubsys__bluetooth__host.a(id.c.obj)
 .text.le_rpa_timeout_submit
                0x0000000000014724       0x3c zephyr/subsys/bluetooth/host/libsubsys__bluetooth__host.a(id.c.obj)
 .text.hci_id_add
                0x0000000000014760       0x78 zephyr/subsys/bluetooth/host/libsubsys__bluetooth__host.a(id.c.obj)
 .text.atomic_get.constprop.0
                0x00000000000147d8        0xc zephyr/subsys/bluetooth/host/libsubsys__bluetooth__host.a(id.c.obj)
 .text.id_create
                0x00000000000147e4       0xd4 zephyr/subsys/bluetooth/host/libsubsys__bluetooth__host.a(id.c.obj)
 .text.atomic_or.constprop.0.isra.0
                0x00000000000148b8       0x18 zephyr/subsys/bluetooth/host/libsubsys__bluetooth__host.a(id.c.obj)
 .text.set_random_address
                0x00000000000148d0       0x88 zephyr/subsys/bluetooth/host/libsubsys__bluetooth__host.a(id.c.obj)
 .text.bt_id_set_private_addr
                0x0000000000014958       0x48 zephyr/subsys/bluetooth/host/libsubsys__bluetooth__host.a(id.c.obj)
                0x0000000000014958                bt_id_set_private_addr
 .text.le_update_private_addr
                0x00000000000149a0       0x64 zephyr/subsys/bluetooth/host/libsubsys__bluetooth__host.a(id.c.obj)
 .text.le_force_rpa_timeout
                0x0000000000014a04       0x2c zephyr/subsys/bluetooth/host/libsubsys__bluetooth__host.a(id.c.obj)
 .text.rpa_timeout
                0x0000000000014a30       0x48 zephyr/subsys/bluetooth/host/libsubsys__bluetooth__host.a(id.c.obj)
 .text.bt_id_pending_keys_update
                0x0000000000014a78       0x2c zephyr/subsys/bluetooth/host/libsubsys__bluetooth__host.a(id.c.obj)
                0x0000000000014a78                bt_id_pending_keys_update
 .text.bt_id_find_conflict
                0x0000000000014aa4       0x20 zephyr/subsys/bluetooth/host/libsubsys__bluetooth__host.a(id.c.obj)
                0x0000000000014aa4                bt_id_find_conflict
 .text.bt_id_add
                0x0000000000014ac4      0x1cc zephyr/subsys/bluetooth/host/libsubsys__bluetooth__host.a(id.c.obj)
                0x0000000000014ac4                bt_id_add
 .text.bt_id_del
                0x0000000000014c90      0x14c zephyr/subsys/bluetooth/host/libsubsys__bluetooth__host.a(id.c.obj)
                0x0000000000014c90                bt_id_del
 .text.bt_id_create
                0x0000000000014ddc       0xc8 zephyr/subsys/bluetooth/host/libsubsys__bluetooth__host.a(id.c.obj)
                0x0000000000014ddc                bt_id_create
 .text.bt_id_read_public_addr
                0x0000000000014ea4       0xb0 zephyr/subsys/bluetooth/host/libsubsys__bluetooth__host.a(id.c.obj)
                0x0000000000014ea4                bt_id_read_public_addr
 .text.bt_setup_public_id_addr
                0x0000000000014f54       0xa0 zephyr/subsys/bluetooth/host/libsubsys__bluetooth__host.a(id.c.obj)
                0x0000000000014f54                bt_setup_public_id_addr
 .text.bt_setup_random_id_addr
                0x0000000000014ff4      0x12c zephyr/subsys/bluetooth/host/libsubsys__bluetooth__host.a(id.c.obj)
                0x0000000000014ff4                bt_setup_random_id_addr
 .text.bt_id_set_create_conn_own_addr
                0x0000000000015120       0x60 zephyr/subsys/bluetooth/host/libsubsys__bluetooth__host.a(id.c.obj)
                0x0000000000015120                bt_id_set_create_conn_own_addr
 .text.bt_id_set_scan_own_addr
                0x0000000000015180       0x70 zephyr/subsys/bluetooth/host/libsubsys__bluetooth__host.a(id.c.obj)
                0x0000000000015180                bt_id_set_scan_own_addr
 .text.bt_id_init
                0x00000000000151f0       0x18 zephyr/subsys/bluetooth/host/libsubsys__bluetooth__host.a(id.c.obj)
                0x00000000000151f0                bt_id_init
 .text.cmd_le_set_scan_enable_legacy
                0x0000000000015208       0x4c zephyr/subsys/bluetooth/host/libsubsys__bluetooth__host.a(scan.c.obj)
 .text.scan_check_if_state_allowed
                0x0000000000015254       0x3c zephyr/subsys/bluetooth/host/libsubsys__bluetooth__host.a(scan.c.obj)
 .text.atomic_clear_bit.constprop.0
                0x0000000000015290       0x28 zephyr/subsys/bluetooth/host/libsubsys__bluetooth__host.a(scan.c.obj)
 .text.scan_update
                0x00000000000152b8      0x188 zephyr/subsys/bluetooth/host/libsubsys__bluetooth__host.a(scan.c.obj)
 .text.bt_scan_reset
                0x0000000000015440       0x30 zephyr/subsys/bluetooth/host/libsubsys__bluetooth__host.a(scan.c.obj)
                0x0000000000015440                bt_scan_reset
 .text.bt_le_scan_set_enable
                0x0000000000015470       0x18 zephyr/subsys/bluetooth/host/libsubsys__bluetooth__host.a(scan.c.obj)
                0x0000000000015470                bt_le_scan_set_enable
 .text.bt_le_scan_active_scanner_running
                0x0000000000015488       0x28 zephyr/subsys/bluetooth/host/libsubsys__bluetooth__host.a(scan.c.obj)
                0x0000000000015488                bt_le_scan_active_scanner_running
 .text.bt_le_scan_user_add
                0x00000000000154b0       0x4c zephyr/subsys/bluetooth/host/libsubsys__bluetooth__host.a(scan.c.obj)
                0x00000000000154b0                bt_le_scan_user_add
 .text.bt_hci_le_adv_report
                0x00000000000154fc      0x248 zephyr/subsys/bluetooth/host/libsubsys__bluetooth__host.a(scan.c.obj)
                0x00000000000154fc                bt_hci_le_adv_report
 .text.bt_le_scan_start
                0x0000000000015744       0xb4 zephyr/subsys/bluetooth/host/libsubsys__bluetooth__host.a(scan.c.obj)
                0x0000000000015744                bt_le_scan_start
 .text.bt_le_scan_stop
                0x00000000000157f8       0x10 zephyr/subsys/bluetooth/host/libsubsys__bluetooth__host.a(scan.c.obj)
                0x00000000000157f8                bt_le_scan_stop
 .text.bt_le_explicit_scanner_running
                0x0000000000015808       0x14 zephyr/subsys/bluetooth/host/libsubsys__bluetooth__host.a(scan.c.obj)
                0x0000000000015808                bt_le_explicit_scanner_running
 .text.prng_reseed.constprop.0
                0x000000000001581c       0x6c zephyr/subsys/bluetooth/host/libsubsys__bluetooth__host.a(crypto_tc.c.obj)
 .text.prng_init
                0x0000000000015888       0x4c zephyr/subsys/bluetooth/host/libsubsys__bluetooth__host.a(crypto_tc.c.obj)
                0x0000000000015888                prng_init
 .text.bt_rand  0x00000000000158d4       0x3c zephyr/subsys/bluetooth/host/libsubsys__bluetooth__host.a(crypto_tc.c.obj)
                0x00000000000158d4                bt_rand
 .text.bt_pub_key_is_debug
                0x0000000000015910       0x18 zephyr/subsys/bluetooth/host/libsubsys__bluetooth__host.a(ecc.c.obj)
                0x0000000000015910                bt_pub_key_is_debug
 .text.bt_pub_key_gen
                0x0000000000015928      0x124 zephyr/subsys/bluetooth/host/libsubsys__bluetooth__host.a(ecc.c.obj)
                0x0000000000015928                bt_pub_key_gen
 .text.bt_pub_key_get
                0x0000000000015a4c       0x1c zephyr/subsys/bluetooth/host/libsubsys__bluetooth__host.a(ecc.c.obj)
                0x0000000000015a4c                bt_pub_key_get
 .text.bt_dh_key_gen
                0x0000000000015a68       0xac zephyr/subsys/bluetooth/host/libsubsys__bluetooth__host.a(ecc.c.obj)
                0x0000000000015a68                bt_dh_key_gen
 .text.bt_hci_evt_le_pkey_complete
                0x0000000000015b14       0x74 zephyr/subsys/bluetooth/host/libsubsys__bluetooth__host.a(ecc.c.obj)
                0x0000000000015b14                bt_hci_evt_le_pkey_complete
 .text.bt_hci_evt_le_dhkey_complete
                0x0000000000015b88       0x1c zephyr/subsys/bluetooth/host/libsubsys__bluetooth__host.a(ecc.c.obj)
                0x0000000000015b88                bt_hci_evt_le_dhkey_complete
 .text.notify_connected
                0x0000000000015ba4       0x40 zephyr/subsys/bluetooth/host/libsubsys__bluetooth__host.a(conn.c.obj)
 .text.frag_destroy
                0x0000000000015be4       0x20 zephyr/subsys/bluetooth/host/libsubsys__bluetooth__host.a(conn.c.obj)
                0x0000000000015be4                frag_destroy
 .text.conn_tx_destroy
                0x0000000000015c04       0x2c zephyr/subsys/bluetooth/host/libsubsys__bluetooth__host.a(conn.c.obj)
 .text.get_data_frag
                0x0000000000015c30       0x38 zephyr/subsys/bluetooth/host/libsubsys__bluetooth__host.a(conn.c.obj)
 .text.recycled_work_handler
                0x0000000000015c68       0x54 zephyr/subsys/bluetooth/host/libsubsys__bluetooth__host.a(conn.c.obj)
 .text.tx_notify_process
                0x0000000000015cbc       0x60 zephyr/subsys/bluetooth/host/libsubsys__bluetooth__host.a(conn.c.obj)
 .text.perform_auto_initiated_procedures
                0x0000000000015d1c       0x6c zephyr/subsys/bluetooth/host/libsubsys__bluetooth__host.a(conn.c.obj)
 .text.bt_conn_get_pkts
                0x0000000000015d88       0x18 zephyr/subsys/bluetooth/host/libsubsys__bluetooth__host.a(conn.c.obj)
                0x0000000000015d88                bt_conn_get_pkts
 .text.bt_conn_tx_notify
                0x0000000000015da0       0x44 zephyr/subsys/bluetooth/host/libsubsys__bluetooth__host.a(conn.c.obj)
                0x0000000000015da0                bt_conn_tx_notify
 .text.bt_conn_new
                0x0000000000015de4       0x5c zephyr/subsys/bluetooth/host/libsubsys__bluetooth__host.a(conn.c.obj)
                0x0000000000015de4                bt_conn_new
 .text.bt_conn_recv
                0x0000000000015e40      0x168 zephyr/subsys/bluetooth/host/libsubsys__bluetooth__host.a(conn.c.obj)
                0x0000000000015e40                bt_conn_recv
 .text.bt_conn_data_ready
                0x0000000000015fa8       0x34 zephyr/subsys/bluetooth/host/libsubsys__bluetooth__host.a(conn.c.obj)
                0x0000000000015fa8                bt_conn_data_ready
 .text.get_conn_ready
                0x0000000000015fdc       0xc0 zephyr/subsys/bluetooth/host/libsubsys__bluetooth__host.a(conn.c.obj)
                0x0000000000015fdc                get_conn_ready
 .text.bt_conn_unref
                0x000000000001609c       0x38 zephyr/subsys/bluetooth/host/libsubsys__bluetooth__host.a(conn.c.obj)
                0x000000000001609c                bt_conn_unref
 .text.bt_conn_set_state
                0x00000000000160d4      0x20c zephyr/subsys/bluetooth/host/libsubsys__bluetooth__host.a(conn.c.obj)
                0x00000000000160d4                bt_conn_set_state
 .text.bt_conn_lookup_handle
                0x00000000000162e0       0x54 zephyr/subsys/bluetooth/host/libsubsys__bluetooth__host.a(conn.c.obj)
                0x00000000000162e0                bt_conn_lookup_handle
 .text.bt_conn_foreach
                0x0000000000016334       0x30 zephyr/subsys/bluetooth/host/libsubsys__bluetooth__host.a(conn.c.obj)
                0x0000000000016334                bt_conn_foreach
 .text.auto_initiated_procedures
                0x0000000000016364       0x10 zephyr/subsys/bluetooth/host/libsubsys__bluetooth__host.a(conn.c.obj)
 .text.bt_conn_index
                0x0000000000016374       0x18 zephyr/subsys/bluetooth/host/libsubsys__bluetooth__host.a(conn.c.obj)
                0x0000000000016374                bt_conn_index
 .text.bt_conn_create_pdu_timeout
                0x000000000001638c       0x70 zephyr/subsys/bluetooth/host/libsubsys__bluetooth__host.a(conn.c.obj)
                0x000000000001638c                bt_conn_create_pdu_timeout
 .text.bt_conn_connected
                0x00000000000163fc       0x20 zephyr/subsys/bluetooth/host/libsubsys__bluetooth__host.a(conn.c.obj)
                0x00000000000163fc                bt_conn_connected
 .text.notify_le_param_updated
                0x000000000001641c       0x8c zephyr/subsys/bluetooth/host/libsubsys__bluetooth__host.a(conn.c.obj)
                0x000000000001641c                notify_le_param_updated
 .text.notify_le_data_len_updated
                0x00000000000164a8       0x4c zephyr/subsys/bluetooth/host/libsubsys__bluetooth__host.a(conn.c.obj)
                0x00000000000164a8                notify_le_data_len_updated
 .text.notify_le_phy_updated
                0x00000000000164f4       0x4c zephyr/subsys/bluetooth/host/libsubsys__bluetooth__host.a(conn.c.obj)
                0x00000000000164f4                notify_le_phy_updated
 .text.le_param_req
                0x0000000000016540       0x78 zephyr/subsys/bluetooth/host/libsubsys__bluetooth__host.a(conn.c.obj)
                0x0000000000016540                le_param_req
 .text.bt_conn_identity_resolved
                0x00000000000165b8       0x60 zephyr/subsys/bluetooth/host/libsubsys__bluetooth__host.a(conn.c.obj)
                0x00000000000165b8                bt_conn_identity_resolved
 .text.bt_conn_security_changed
                0x0000000000016618       0x50 zephyr/subsys/bluetooth/host/libsubsys__bluetooth__host.a(conn.c.obj)
                0x0000000000016618                bt_conn_security_changed
 .text.bt_conn_cb_register
                0x0000000000016668       0x28 zephyr/subsys/bluetooth/host/libsubsys__bluetooth__host.a(conn.c.obj)
                0x0000000000016668                bt_conn_cb_register
 .text.bt_conn_add_le
                0x0000000000016690       0x58 zephyr/subsys/bluetooth/host/libsubsys__bluetooth__host.a(conn.c.obj)
                0x0000000000016690                bt_conn_add_le
 .text.bt_conn_lookup_addr_le
                0x00000000000166e8       0x34 zephyr/subsys/bluetooth/host/libsubsys__bluetooth__host.a(conn.c.obj)
                0x00000000000166e8                bt_conn_lookup_addr_le
 .text.bt_conn_exists_le
                0x000000000001671c       0x64 zephyr/subsys/bluetooth/host/libsubsys__bluetooth__host.a(conn.c.obj)
                0x000000000001671c                bt_conn_exists_le
 .text.conn_le_create_common_checks
                0x0000000000016780       0x58 zephyr/subsys/bluetooth/host/libsubsys__bluetooth__host.a(conn.c.obj)
 .text.bt_conn_lookup_state_le
                0x00000000000167d8       0x44 zephyr/subsys/bluetooth/host/libsubsys__bluetooth__host.a(conn.c.obj)
                0x00000000000167d8                bt_conn_lookup_state_le
 .text.bt_conn_get_info
                0x000000000001681c       0xc8 zephyr/subsys/bluetooth/host/libsubsys__bluetooth__host.a(conn.c.obj)
                0x000000000001681c                bt_conn_get_info
 .text.bt_conn_le_create
                0x00000000000168e4       0xf4 zephyr/subsys/bluetooth/host/libsubsys__bluetooth__host.a(conn.c.obj)
                0x00000000000168e4                bt_conn_le_create
 .text.bt_le_set_auto_conn
                0x00000000000169d8       0xe4 zephyr/subsys/bluetooth/host/libsubsys__bluetooth__host.a(conn.c.obj)
                0x00000000000169d8                bt_le_set_auto_conn
 .text.bt_conn_tx_processor
                0x0000000000016abc      0x224 zephyr/subsys/bluetooth/host/libsubsys__bluetooth__host.a(conn.c.obj)
                0x0000000000016abc                bt_conn_tx_processor
 .text.send_conn_le_param_update
                0x0000000000016ce0       0x68 zephyr/subsys/bluetooth/host/libsubsys__bluetooth__host.a(conn.c.obj)
 .text.deferred_work
                0x0000000000016d48       0xf0 zephyr/subsys/bluetooth/host/libsubsys__bluetooth__host.a(conn.c.obj)
 .text.bt_conn_auth_cb_register
                0x0000000000016e38       0x34 zephyr/subsys/bluetooth/host/libsubsys__bluetooth__host.a(conn.c.obj)
                0x0000000000016e38                bt_conn_auth_cb_register
 .text.bt_conn_auth_info_cb_register
                0x0000000000016e6c       0x30 zephyr/subsys/bluetooth/host/libsubsys__bluetooth__host.a(conn.c.obj)
                0x0000000000016e6c                bt_conn_auth_info_cb_register
 .text.bt_conn_lookup_index
                0x0000000000016e9c       0x10 zephyr/subsys/bluetooth/host/libsubsys__bluetooth__host.a(conn.c.obj)
                0x0000000000016e9c                bt_conn_lookup_index
 .text.bt_conn_init
                0x0000000000016eac       0x64 zephyr/subsys/bluetooth/host/libsubsys__bluetooth__host.a(conn.c.obj)
                0x0000000000016eac                bt_conn_init
 .text.l2cap_create_le_sig_pdu
                0x0000000000016f10       0x54 zephyr/subsys/bluetooth/host/libsubsys__bluetooth__host.a(l2cap.c.obj)
 .text.l2cap_accept
                0x0000000000016f64       0x48 zephyr/subsys/bluetooth/host/libsubsys__bluetooth__host.a(l2cap.c.obj)
 .text.bt_l2cap_connected
                0x0000000000016fac       0x98 zephyr/subsys/bluetooth/host/libsubsys__bluetooth__host.a(l2cap.c.obj)
                0x0000000000016fac                bt_l2cap_connected
 .text.bt_l2cap_send_pdu
                0x0000000000017044       0x60 zephyr/subsys/bluetooth/host/libsubsys__bluetooth__host.a(l2cap.c.obj)
                0x0000000000017044                bt_l2cap_send_pdu
 .text.l2cap_data_pull
                0x00000000000170a4       0xf4 zephyr/subsys/bluetooth/host/libsubsys__bluetooth__host.a(l2cap.c.obj)
                0x00000000000170a4                l2cap_data_pull
 .text.l2cap_recv
                0x0000000000017198      0x1b4 zephyr/subsys/bluetooth/host/libsubsys__bluetooth__host.a(l2cap.c.obj)
 .text.bt_l2cap_recv
                0x000000000001734c       0x80 zephyr/subsys/bluetooth/host/libsubsys__bluetooth__host.a(l2cap.c.obj)
                0x000000000001734c                bt_l2cap_recv
 .text.bt_l2cap_update_conn_param
                0x00000000000173cc       0x50 zephyr/subsys/bluetooth/host/libsubsys__bluetooth__host.a(l2cap.c.obj)
                0x00000000000173cc                bt_l2cap_update_conn_param
 .text.att_op_get_type
                0x000000000001741c       0x74 zephyr/subsys/bluetooth/host/libsubsys__bluetooth__host.a(att.c.obj)
 .text.bt_att_released
                0x0000000000017490        0xc zephyr/subsys/bluetooth/host/libsubsys__bluetooth__host.a(att.c.obj)
 .text.bt_att_chan_create_pdu
                0x000000000001749c       0xb8 zephyr/subsys/bluetooth/host/libsubsys__bluetooth__host.a(att.c.obj)
 .text.find_type_cb
                0x0000000000017554      0x184 zephyr/subsys/bluetooth/host/libsubsys__bluetooth__host.a(att.c.obj)
 .text.read_group_cb
                0x00000000000176d8       0xb8 zephyr/subsys/bluetooth/host/libsubsys__bluetooth__host.a(att.c.obj)
 .text.bt_att_connected
                0x0000000000017790       0x38 zephyr/subsys/bluetooth/host/libsubsys__bluetooth__host.a(att.c.obj)
 .text.bt_att_accept
                0x00000000000177c8      0x108 zephyr/subsys/bluetooth/host/libsubsys__bluetooth__host.a(att.c.obj)
 .text.read_type_cb
                0x00000000000178d0       0xac zephyr/subsys/bluetooth/host/libsubsys__bluetooth__host.a(att.c.obj)
 .text.chan_send
                0x000000000001797c      0x118 zephyr/subsys/bluetooth/host/libsubsys__bluetooth__host.a(att.c.obj)
 .text.att_tx_destroy
                0x0000000000017a94      0x138 zephyr/subsys/bluetooth/host/libsubsys__bluetooth__host.a(att.c.obj)
 .text.bt_att_recv
                0x0000000000017bcc      0x100 zephyr/subsys/bluetooth/host/libsubsys__bluetooth__host.a(att.c.obj)
 .text.att_write_rsp.constprop.0
                0x0000000000017ccc       0xc0 zephyr/subsys/bluetooth/host/libsubsys__bluetooth__host.a(att.c.obj)
 .text.att_signed_write_cmd
                0x0000000000017d8c       0x7c zephyr/subsys/bluetooth/host/libsubsys__bluetooth__host.a(att.c.obj)
 .text.att_get  0x0000000000017e08       0x84 zephyr/subsys/bluetooth/host/libsubsys__bluetooth__host.a(att.c.obj)
 .text.bt_att_create_pdu
                0x0000000000017e8c       0x74 zephyr/subsys/bluetooth/host/libsubsys__bluetooth__host.a(att.c.obj)
                0x0000000000017e8c                bt_att_create_pdu
 .text.bt_att_create_rsp_pdu
                0x0000000000017f00       0x70 zephyr/subsys/bluetooth/host/libsubsys__bluetooth__host.a(att.c.obj)
                0x0000000000017f00                bt_att_create_rsp_pdu
 .text.att_read_group_req
                0x0000000000017f70       0xf0 zephyr/subsys/bluetooth/host/libsubsys__bluetooth__host.a(att.c.obj)
 .text.att_read_mult_vl_req
                0x0000000000018060       0x9c zephyr/subsys/bluetooth/host/libsubsys__bluetooth__host.a(att.c.obj)
 .text.att_read_mult_req
                0x00000000000180fc       0x9c zephyr/subsys/bluetooth/host/libsubsys__bluetooth__host.a(att.c.obj)
 .text.att_read_rsp
                0x0000000000018198       0x90 zephyr/subsys/bluetooth/host/libsubsys__bluetooth__host.a(att.c.obj)
 .text.att_read_type_req
                0x0000000000018228       0xf8 zephyr/subsys/bluetooth/host/libsubsys__bluetooth__host.a(att.c.obj)
 .text.att_find_type_req
                0x0000000000018320       0xc0 zephyr/subsys/bluetooth/host/libsubsys__bluetooth__host.a(att.c.obj)
 .text.att_find_info_req
                0x00000000000183e0       0x6c zephyr/subsys/bluetooth/host/libsubsys__bluetooth__host.a(att.c.obj)
 .text.bt_att_req_alloc
                0x000000000001844c       0x50 zephyr/subsys/bluetooth/host/libsubsys__bluetooth__host.a(att.c.obj)
                0x000000000001844c                bt_att_req_alloc
 .text.bt_att_req_free
                0x000000000001849c       0x20 zephyr/subsys/bluetooth/host/libsubsys__bluetooth__host.a(att.c.obj)
                0x000000000001849c                bt_att_req_free
 .text.att_handle_rsp
                0x00000000000184bc       0x90 zephyr/subsys/bluetooth/host/libsubsys__bluetooth__host.a(att.c.obj)
 .text.att_error_rsp
                0x000000000001854c       0x74 zephyr/subsys/bluetooth/host/libsubsys__bluetooth__host.a(att.c.obj)
 .text.bt_att_disconnected
                0x00000000000185c0       0xc0 zephyr/subsys/bluetooth/host/libsubsys__bluetooth__host.a(att.c.obj)
 .text.att_timeout
                0x0000000000018680       0xb0 zephyr/subsys/bluetooth/host/libsubsys__bluetooth__host.a(att.c.obj)
 .text.bt_att_req_cancel
                0x0000000000018730       0x54 zephyr/subsys/bluetooth/host/libsubsys__bluetooth__host.a(att.c.obj)
                0x0000000000018730                bt_att_req_cancel
 .text.bt_att_set_tx_meta_data
                0x0000000000018784       0x24 zephyr/subsys/bluetooth/host/libsubsys__bluetooth__host.a(att.c.obj)
                0x0000000000018784                bt_att_set_tx_meta_data
 .text.find_cf_cfg_by_addr
                0x00000000000187a8       0x38 zephyr/subsys/bluetooth/host/libsubsys__bluetooth__host.a(gatt.c.obj)
 .text.gatt_delayed_store_find
                0x00000000000187e0       0x38 zephyr/subsys/bluetooth/host/libsubsys__bluetooth__host.a(gatt.c.obj)
 .text.find_sc_cfg
                0x0000000000018818       0x38 zephyr/subsys/bluetooth/host/libsubsys__bluetooth__host.a(gatt.c.obj)
 .text.gatt_sub_remove
                0x0000000000018850       0x48 zephyr/subsys/bluetooth/host/libsubsys__bluetooth__host.a(gatt.c.obj)
 .text.ccc_load
                0x0000000000018898       0x8c zephyr/subsys/bluetooth/host/libsubsys__bluetooth__host.a(gatt.c.obj)
 .text.find_cf_cfg
                0x0000000000018924       0x44 zephyr/subsys/bluetooth/host/libsubsys__bluetooth__host.a(gatt.c.obj)
 .text.find_ccc_cfg
                0x0000000000018968       0x28 zephyr/subsys/bluetooth/host/libsubsys__bluetooth__host.a(gatt.c.obj)
 .text.gatt_sub_find
                0x0000000000018990       0x44 zephyr/subsys/bluetooth/host/libsubsys__bluetooth__host.a(gatt.c.obj)
 .text.gatt_delayed_store_enqueue
                0x00000000000189d4       0x78 zephyr/subsys/bluetooth/host/libsubsys__bluetooth__host.a(gatt.c.obj)
 .text.sc_set   0x0000000000018a4c      0x124 zephyr/subsys/bluetooth/host/libsubsys__bluetooth__host.a(gatt.c.obj)
 .text.sc_store
                0x0000000000018b70       0x40 zephyr/subsys/bluetooth/host/libsubsys__bluetooth__host.a(gatt.c.obj)
 .text.sc_save  0x0000000000018bb0       0x8c zephyr/subsys/bluetooth/host/libsubsys__bluetooth__host.a(gatt.c.obj)
 .text.db_hash_store
                0x0000000000018c3c       0x3c zephyr/subsys/bluetooth/host/libsubsys__bluetooth__host.a(gatt.c.obj)
 .text.ccc_save
                0x0000000000018c78       0x64 zephyr/subsys/bluetooth/host/libsubsys__bluetooth__host.a(gatt.c.obj)
 .text.db_hash_set
                0x0000000000018cdc       0x44 zephyr/subsys/bluetooth/host/libsubsys__bluetooth__host.a(gatt.c.obj)
 .text.gatt_exchange_mtu_func
                0x0000000000018d20       0x34 zephyr/subsys/bluetooth/host/libsubsys__bluetooth__host.a(gatt.c.obj)
 .text.db_hash_update
                0x0000000000018d54       0x38 zephyr/subsys/bluetooth/host/libsubsys__bluetooth__host.a(gatt.c.obj)
 .text.remove_peer_from_attr
                0x0000000000018d8c       0x28 zephyr/subsys/bluetooth/host/libsubsys__bluetooth__host.a(gatt.c.obj)
 .text.convert_to_id_on_match
                0x0000000000018db4       0x2c zephyr/subsys/bluetooth/host/libsubsys__bluetooth__host.a(gatt.c.obj)
 .text.sc_indicate.part.0
                0x0000000000018de0       0x10 zephyr/subsys/bluetooth/host/libsubsys__bluetooth__host.a(gatt.c.obj)
 .text.sc_commit
                0x0000000000018df0       0x2c zephyr/subsys/bluetooth/host/libsubsys__bluetooth__host.a(gatt.c.obj)
 .text.clear_cf_cfg
                0x0000000000018e1c       0x28 zephyr/subsys/bluetooth/host/libsubsys__bluetooth__host.a(gatt.c.obj)
 .text.bt_gatt_clear_sc
                0x0000000000018e44       0x48 zephyr/subsys/bluetooth/host/libsubsys__bluetooth__host.a(gatt.c.obj)
 .text.sc_clear
                0x0000000000018e8c       0x58 zephyr/subsys/bluetooth/host/libsubsys__bluetooth__host.a(gatt.c.obj)
 .text.disconnected_cb
                0x0000000000018ee4       0xa0 zephyr/subsys/bluetooth/host/libsubsys__bluetooth__host.a(gatt.c.obj)
 .text.bt_gatt_attr_write_ccc
                0x0000000000018f84       0xe0 zephyr/subsys/bluetooth/host/libsubsys__bluetooth__host.a(gatt.c.obj)
                0x0000000000018f84                bt_gatt_attr_write_ccc
 .text.gatt_write_ccc
                0x0000000000019064       0x30 zephyr/subsys/bluetooth/host/libsubsys__bluetooth__host.a(gatt.c.obj)
 .text.sc_indicate.constprop.0
                0x0000000000019094       0x58 zephyr/subsys/bluetooth/host/libsubsys__bluetooth__host.a(gatt.c.obj)
 .text.cf_write
                0x00000000000190ec       0xac zephyr/subsys/bluetooth/host/libsubsys__bluetooth__host.a(gatt.c.obj)
 .text.sc_indicate_rsp
                0x0000000000019198       0x4c zephyr/subsys/bluetooth/host/libsubsys__bluetooth__host.a(gatt.c.obj)
 .text.cf_set   0x00000000000191e4      0x184 zephyr/subsys/bluetooth/host/libsubsys__bluetooth__host.a(gatt.c.obj)
 .text.bt_gatt_store_cf.isra.0
                0x0000000000019368       0x60 zephyr/subsys/bluetooth/host/libsubsys__bluetooth__host.a(gatt.c.obj)
 .text.set_all_change_unaware
                0x00000000000193c8       0x38 zephyr/subsys/bluetooth/host/libsubsys__bluetooth__host.a(gatt.c.obj)
 .text.bt_gatt_init
                0x0000000000019400       0xa8 zephyr/subsys/bluetooth/host/libsubsys__bluetooth__host.a(gatt.c.obj)
                0x0000000000019400                bt_gatt_init
 .text.bt_gatt_cb_register
                0x00000000000194a8       0x1c zephyr/subsys/bluetooth/host/libsubsys__bluetooth__host.a(gatt.c.obj)
                0x00000000000194a8                bt_gatt_cb_register
 .text.bt_gatt_attr_get_handle
                0x00000000000194c4       0x60 zephyr/subsys/bluetooth/host/libsubsys__bluetooth__host.a(gatt.c.obj)
                0x00000000000194c4                bt_gatt_attr_get_handle
 .text.bt_gatt_foreach_attr_type
                0x0000000000019524       0xb4 zephyr/subsys/bluetooth/host/libsubsys__bluetooth__host.a(gatt.c.obj)
                0x0000000000019524                bt_gatt_foreach_attr_type
 .text.db_hash_gen
                0x00000000000195d8       0x98 zephyr/subsys/bluetooth/host/libsubsys__bluetooth__host.a(gatt.c.obj)
 .text.db_hash_read
                0x0000000000019670       0x80 zephyr/subsys/bluetooth/host/libsubsys__bluetooth__host.a(gatt.c.obj)
 .text.do_db_hash
                0x00000000000196f0       0x78 zephyr/subsys/bluetooth/host/libsubsys__bluetooth__host.a(gatt.c.obj)
 .text.db_hash_commit
                0x0000000000019768       0x18 zephyr/subsys/bluetooth/host/libsubsys__bluetooth__host.a(gatt.c.obj)
 .text.ccc_set_direct
                0x0000000000019780      0x130 zephyr/subsys/bluetooth/host/libsubsys__bluetooth__host.a(gatt.c.obj)
 .text.gatt_indicate
                0x00000000000198b0       0xe8 zephyr/subsys/bluetooth/host/libsubsys__bluetooth__host.a(gatt.c.obj)
 .text.bt_gatt_indicate
                0x0000000000019998       0xf0 zephyr/subsys/bluetooth/host/libsubsys__bluetooth__host.a(gatt.c.obj)
                0x0000000000019998                bt_gatt_indicate
 .text.sc_process
                0x0000000000019a88       0x5c zephyr/subsys/bluetooth/host/libsubsys__bluetooth__host.a(gatt.c.obj)
 .text.gatt_notify
                0x0000000000019ae4       0xb8 zephyr/subsys/bluetooth/host/libsubsys__bluetooth__host.a(gatt.c.obj)
 .text.notify_cb
                0x0000000000019b9c      0x144 zephyr/subsys/bluetooth/host/libsubsys__bluetooth__host.a(gatt.c.obj)
 .text.update_ccc
                0x0000000000019ce0      0x130 zephyr/subsys/bluetooth/host/libsubsys__bluetooth__host.a(gatt.c.obj)
 .text.bt_gatt_exchange_mtu
                0x0000000000019e10       0x58 zephyr/subsys/bluetooth/host/libsubsys__bluetooth__host.a(gatt.c.obj)
                0x0000000000019e10                bt_gatt_exchange_mtu
 .text.bt_gatt_discover
                0x0000000000019e68      0x1a4 zephyr/subsys/bluetooth/host/libsubsys__bluetooth__host.a(gatt.c.obj)
                0x0000000000019e68                bt_gatt_discover
 .text.gatt_read_group_rsp
                0x000000000001a00c      0x140 zephyr/subsys/bluetooth/host/libsubsys__bluetooth__host.a(gatt.c.obj)
 .text.gatt_read_type_rsp
                0x000000000001a14c      0x4b4 zephyr/subsys/bluetooth/host/libsubsys__bluetooth__host.a(gatt.c.obj)
 .text.read_included_uuid_cb
                0x000000000001a600       0xb8 zephyr/subsys/bluetooth/host/libsubsys__bluetooth__host.a(gatt.c.obj)
 .text.gatt_find_info_rsp
                0x000000000001a6b8      0x194 zephyr/subsys/bluetooth/host/libsubsys__bluetooth__host.a(gatt.c.obj)
 .text.bt_gatt_read
                0x000000000001a84c       0x8c zephyr/subsys/bluetooth/host/libsubsys__bluetooth__host.a(gatt.c.obj)
                0x000000000001a84c                bt_gatt_read
 .text.gatt_read_rsp
                0x000000000001a8d8      0x14c zephyr/subsys/bluetooth/host/libsubsys__bluetooth__host.a(gatt.c.obj)
 .text.bt_gatt_write_without_response_cb
                0x000000000001aa24       0xb8 zephyr/subsys/bluetooth/host/libsubsys__bluetooth__host.a(gatt.c.obj)
                0x000000000001aa24                bt_gatt_write_without_response_cb
 .text.bt_gatt_subscribe
                0x000000000001aadc      0x108 zephyr/subsys/bluetooth/host/libsubsys__bluetooth__host.a(gatt.c.obj)
                0x000000000001aadc                bt_gatt_subscribe
 .text.bt_gatt_unsubscribe
                0x000000000001abe4       0xdc zephyr/subsys/bluetooth/host/libsubsys__bluetooth__host.a(gatt.c.obj)
                0x000000000001abe4                bt_gatt_unsubscribe
 .text.call_notify_cb_and_maybe_unsubscribe
                0x000000000001acc0       0x90 zephyr/subsys/bluetooth/host/libsubsys__bluetooth__host.a(gatt.c.obj)
 .text.bt_gatt_mult_notification
                0x000000000001ad50       0x78 zephyr/subsys/bluetooth/host/libsubsys__bluetooth__host.a(gatt.c.obj)
                0x000000000001ad50                bt_gatt_mult_notification
 .text.bt_gatt_connected
                0x000000000001adc8       0xd4 zephyr/subsys/bluetooth/host/libsubsys__bluetooth__host.a(gatt.c.obj)
                0x000000000001adc8                bt_gatt_connected
 .text.bt_gatt_att_max_mtu_changed
                0x000000000001ae9c       0x28 zephyr/subsys/bluetooth/host/libsubsys__bluetooth__host.a(gatt.c.obj)
                0x000000000001ae9c                bt_gatt_att_max_mtu_changed
 .text.bt_gatt_encrypt_change
                0x000000000001aec4       0xac zephyr/subsys/bluetooth/host/libsubsys__bluetooth__host.a(gatt.c.obj)
                0x000000000001aec4                bt_gatt_encrypt_change
 .text.bt_gatt_store_ccc
                0x000000000001af70       0x68 zephyr/subsys/bluetooth/host/libsubsys__bluetooth__host.a(gatt.c.obj)
                0x000000000001af70                bt_gatt_store_ccc
 .text.bt_gatt_identity_resolved
                0x000000000001afd8       0x5c zephyr/subsys/bluetooth/host/libsubsys__bluetooth__host.a(gatt.c.obj)
 .text.bt_gatt_clear
                0x000000000001b034       0xcc zephyr/subsys/bluetooth/host/libsubsys__bluetooth__host.a(gatt.c.obj)
                0x000000000001b034                bt_gatt_clear
 .text.bt_gatt_disconnected
                0x000000000001b100      0x100 zephyr/subsys/bluetooth/host/libsubsys__bluetooth__host.a(gatt.c.obj)
                0x000000000001b100                bt_gatt_disconnected
 .text.bt_gatt_req_set_mtu
                0x000000000001b200       0x14 zephyr/subsys/bluetooth/host/libsubsys__bluetooth__host.a(gatt.c.obj)
                0x000000000001b200                bt_gatt_req_set_mtu
 .text.smp_find
                0x000000000001b214       0x1c zephyr/subsys/bluetooth/host/libsubsys__bluetooth__host.a(smp.c.obj)
 .text.latch_auth_cb
                0x000000000001b230       0x2c zephyr/subsys/bluetooth/host/libsubsys__bluetooth__host.a(smp.c.obj)
 .text.get_io_capa
                0x000000000001b25c       0x4c zephyr/subsys/bluetooth/host/libsubsys__bluetooth__host.a(smp.c.obj)
 .text.smp_send.constprop.0