Archive member included to satisfy reference by file (symbol)

platform/libplatform_s.a(system_nrf5340_application.o)
                              secure_fw/CMakeFiles/tfm_s.dir/__/platform/ext/target/nordic_nrf/common/core/startup.o (SystemInit)
platform/libplatform_s.a(exception_info.o)
                              secure_fw/CMakeFiles/tfm_s.dir/__/platform/ext/target/nordic_nrf/common/core/startup_nrf5340.o (store_and_dump_context)
platform/libplatform_s.a(tfm_hal_spm_logdev_peripheral.o)
                              platform/libplatform_s.a(exception_info.o) (tfm_hal_output_spm_log)
platform/libplatform_s.a(uart_stdout.o)
                              platform/libplatform_s.a(tfm_hal_spm_logdev_peripheral.o) (stdio_output_string)
platform/libplatform_s.a(Driver_USART.o)
                              platform/libplatform_s.a(uart_stdout.o) (Driver_USART1)
platform/libplatform_s.a(nrfx_uarte.o)
                              platform/libplatform_s.a(Driver_USART.o) (nrfx_uarte_init)
platform/libplatform_s.a(nrfx_glue.o)
                              platform/libplatform_s.a(nrfx_uarte.o) (nrfx_critical_section_enter)
secure_fw/partitions/lib/runtime/libtfm_sprt.a(crt_memmove.o)
                              platform/libplatform_s.a(nrfx_uarte.o) (memmove)
secure_fw/partitions/lib/runtime/libtfm_sprt.a(crt_memcpy.o)
                              platform/libplatform_s.a(exception_info.o) (memcpy)
secure_fw/partitions/lib/runtime/libtfm_sprt.a(crt_memset.o)
                              c:/ncs/toolchains/2d382dcd92/opt/zephyr-sdk/arm-zephyr-eabi/bin/../lib/gcc/arm-zephyr-eabi/12.2.0/../../../../arm-zephyr-eabi/lib/thumb/v8-m.main+fp/hard/crt0.o (memset)
secure_fw/partitions/lib/runtime/libtfm_sprt.a(psa_interface_sfn.o)
                              secure_fw/CMakeFiles/tfm_s.dir/partitions/ns_agent_tz/psa_api_veneers_v80m.o (psa_framework_version)
secure_fw/spm/libtfm_spm.a(utilities.o)
                              secure_fw/CMakeFiles/tfm_s.dir/__/platform/ext/target/nordic_nrf/common/core/startup.o (tfm_core_panic)
secure_fw/spm/libtfm_spm.a(spm_log.o)
                              platform/libplatform_s.a(exception_info.o) (spm_log_msgval)
secure_fw/spm/libtfm_spm.a(main.o)
                              c:/ncs/toolchains/2d382dcd92/opt/zephyr-sdk/arm-zephyr-eabi/bin/../lib/gcc/arm-zephyr-eabi/12.2.0/../../../../arm-zephyr-eabi/lib/thumb/v8-m.main+fp/hard/crt0.o (main)
secure_fw/spm/libtfm_spm.a(spm_ipc.o)
                              secure_fw/spm/libtfm_spm.a(main.o) (tfm_spm_init)
secure_fw/spm/libtfm_spm.a(rom_loader.o)
                              secure_fw/spm/libtfm_spm.a(spm_ipc.o) (load_a_partition_assuredly)
secure_fw/spm/libtfm_spm.a(psa_api.o)
                              secure_fw/partitions/lib/runtime/libtfm_sprt.a(psa_interface_sfn.o) (spm_handle_programmer_errors)
secure_fw/spm/libtfm_spm.a(psa_call_api.o)
                              secure_fw/partitions/lib/runtime/libtfm_sprt.a(psa_interface_sfn.o) (tfm_spm_client_psa_call)
secure_fw/spm/libtfm_spm.a(psa_version_api.o)
                              secure_fw/partitions/lib/runtime/libtfm_sprt.a(psa_interface_sfn.o) (tfm_spm_client_psa_framework_version)
secure_fw/spm/libtfm_spm.a(psa_read_write_skip_api.o)
                              secure_fw/partitions/lib/runtime/libtfm_sprt.a(psa_interface_sfn.o) (tfm_spm_partition_psa_read)
secure_fw/spm/libtfm_spm.a(backend_sfn.o)
                              secure_fw/partitions/lib/runtime/libtfm_sprt.a(psa_interface_sfn.o) (p_current_partition)
secure_fw/spm/libtfm_spm.a(tfm_spm_ns_ctx.o)
                              secure_fw/spm/libtfm_spm.a(backend_sfn.o) (tz_ns_agent_register_client_id_range)
secure_fw/spm/libtfm_spm.a(spm_local_connection.o)
                              secure_fw/spm/libtfm_spm.a(spm_ipc.o) (connection_to_handle)
secure_fw/spm/libtfm_spm.a(tfm_arch_v8m_main.o)
                              secure_fw/spm/libtfm_spm.a(main.o) (tfm_arch_set_secure_exception_priorities)
secure_fw/spm/libtfm_spm.a(ns_agent_tz_v80m.o)
                              secure_fw/CMakeFiles/tfm_s.dir/partitions/ns_agent_tz/load_info_ns_agent_tz.o (ns_agent_tz_main)
secure_fw/spm/libtfm_spm.a(tfm_hal_isolation.o)
                              secure_fw/spm/libtfm_spm.a(spm_ipc.o) (tfm_hal_bind_boundary)
secure_fw/spm/libtfm_spm.a(tfm_hal_platform_common.o)
                              secure_fw/spm/libtfm_spm.a(tfm_spm_ns_ctx.o) (tfm_hal_get_ns_VTOR)
secure_fw/spm/libtfm_spm.a(faults.o)
                              secure_fw/CMakeFiles/tfm_s.dir/__/platform/ext/target/nordic_nrf/common/core/startup_nrf5340.o (SPU_IRQHandler)
secure_fw/spm/libtfm_spm.a(target_cfg.o)
                              secure_fw/spm/libtfm_spm.a(tfm_hal_platform_common.o) (enable_fault_handlers)
secure_fw/spm/libtfm_spm.a(tfm_boot_data.o)
                              secure_fw/spm/libtfm_spm.a(main.o) (tfm_core_validate_boot_data)
secure_fw/spm/libtfm_spm.a(tfm_arch.o)
[...]
Memory Configuration

Name             Origin             Length             Attributes
FLASH            0x0000000000000000 0x0000000000008000 xr
RAM              0x0000000020000000 0x0000000000008000 rw
*default*        0x0000000000000000 0xffffffffffffffff

Linker script and memory map

LOAD c:/ncs/toolchains/2d382dcd92/opt/zephyr-sdk/arm-zephyr-eabi/bin/../lib/gcc/arm-zephyr-eabi/12.2.0/thumb/v8-m.main+fp/hard/crti.o
LOAD c:/ncs/toolchains/2d382dcd92/opt/zephyr-sdk/arm-zephyr-eabi/bin/../lib/gcc/arm-zephyr-eabi/12.2.0/thumb/v8-m.main+fp/hard/crtbegin.o
LOAD c:/ncs/toolchains/2d382dcd92/opt/zephyr-sdk/arm-zephyr-eabi/bin/../lib/gcc/arm-zephyr-eabi/12.2.0/../../../../arm-zephyr-eabi/lib/thumb/v8-m.main+fp/hard/crt0.o
LOAD secure_fw/CMakeFiles/tfm_s.dir/partitions/ns_agent_tz/psa_api_veneers_v80m.o
LOAD secure_fw/CMakeFiles/tfm_s.dir/__/platform/ext/target/nordic_nrf/common/core/startup.o
LOAD secure_fw/CMakeFiles/tfm_s.dir/__/platform/ext/target/nordic_nrf/common/core/startup_nrf5340.o
LOAD secure_fw/CMakeFiles/tfm_s.dir/__/platform/ext/common/faults.o
LOAD secure_fw/CMakeFiles/tfm_s.dir/__/generated/secure_fw/partitions/crypto/auto_generated/load_info_tfm_crypto.o
LOAD secure_fw/CMakeFiles/tfm_s.dir/__/generated/secure_fw/partitions/platform/auto_generated/load_info_tfm_platform.o
LOAD secure_fw/CMakeFiles/tfm_s.dir/partitions/ns_agent_tz/load_info_ns_agent_tz.o
LOAD secure_fw/CMakeFiles/tfm_s.dir/__/platform/ext/common/syscalls_stub.o
LOAD platform/libplatform_s.a
LOAD secure_fw/partitions/lib/runtime/libtfm_sprt.a
LOAD secure_fw/spm/libtfm_spm.a
LOAD secure_fw/partitions/crypto/libtfm_psa_rot_partition_crypto.a
LOAD platform/libplatform_crypto_keys.a
LOAD secure_fw/partitions/crypto/mbedcrypto/nrf_security_src/libcrypto_service_mbedcrypto.a
LOAD secure_fw/partitions/platform/libtfm_psa_rot_partition_platform.a
LOAD secure_fw/partitions/lib/runtime/libtfm_sp_log.a
LOAD secure_fw/partitions/crypto/mbedcrypto/nrf_security_src/libmbedcrypto_base.a
LOAD secure_fw/partitions/crypto/mbedcrypto/nrf_security_src/core/nrf_oberon/liboberon_psa_core.a
LOAD secure_fw/partitions/crypto/mbedcrypto/nrf_security_src/libnrf_security_utils.a
LOAD secure_fw/partitions/crypto/mbedcrypto/nrf_security_src/drivers/nrf_oberon/liboberon_psa_driver.a
LOAD C:/ncs/v2.8.0/nrfxlib/crypto/nrf_oberon/lib/cortex-m33/hard-float/liboberon_mbedtls_3.0.15.a
LOAD platform/libplatform_s.a
LOAD secure_fw/partitions/lib/runtime/libtfm_sprt.a
LOAD secure_fw/spm/libtfm_spm.a
LOAD secure_fw/partitions/crypto/libtfm_psa_rot_partition_crypto.a
LOAD platform/libplatform_crypto_keys.a
LOAD secure_fw/partitions/crypto/mbedcrypto/nrf_security_src/libcrypto_service_mbedcrypto.a
LOAD secure_fw/partitions/platform/libtfm_psa_rot_partition_platform.a
LOAD secure_fw/partitions/lib/runtime/libtfm_sp_log.a
LOAD secure_fw/partitions/crypto/mbedcrypto/nrf_security_src/libmbedcrypto_base.a
LOAD secure_fw/partitions/crypto/mbedcrypto/nrf_security_src/core/nrf_oberon/liboberon_psa_core.a
LOAD secure_fw/partitions/crypto/mbedcrypto/nrf_security_src/libnrf_security_utils.a
LOAD secure_fw/partitions/crypto/mbedcrypto/nrf_security_src/drivers/nrf_oberon/liboberon_psa_driver.a
LOAD C:/ncs/v2.8.0/nrfxlib/crypto/nrf_oberon/lib/cortex-m33/hard-float/liboberon_mbedtls_3.0.15.a
LOAD platform/libplatform_s.a
LOAD secure_fw/partitions/lib/runtime/libtfm_sprt.a
LOAD secure_fw/spm/libtfm_spm.a
LOAD secure_fw/partitions/crypto/libtfm_psa_rot_partition_crypto.a
LOAD platform/libplatform_crypto_keys.a
LOAD secure_fw/partitions/crypto/mbedcrypto/nrf_security_src/libcrypto_service_mbedcrypto.a
LOAD secure_fw/partitions/platform/libtfm_psa_rot_partition_platform.a
LOAD secure_fw/partitions/lib/runtime/libtfm_sp_log.a
LOAD secure_fw/partitions/crypto/mbedcrypto/nrf_security_src/libmbedcrypto_base.a
LOAD secure_fw/partitions/crypto/mbedcrypto/nrf_security_src/core/nrf_oberon/liboberon_psa_core.a
LOAD secure_fw/partitions/crypto/mbedcrypto/nrf_security_src/libnrf_security_utils.a
LOAD secure_fw/partitions/crypto/mbedcrypto/nrf_security_src/drivers/nrf_oberon/liboberon_psa_driver.a
LOAD C:/ncs/v2.8.0/nrfxlib/crypto/nrf_oberon/lib/cortex-m33/hard-float/liboberon_mbedtls_3.0.15.a
LOAD C:/ncs/v2.8.0/nrfxlib/crypto/nrf_cc312_platform/lib/cortex-m33/hard-float/no-interrupts/libnrf_cc312_platform_0.9.19.a
LOAD C:/ncs/v2.8.0/nrfxlib/crypto/nrf_oberon/lib/cortex-m33/hard-float/liboberon_3.0.15.a
START GROUP
LOAD c:/ncs/toolchains/2d382dcd92/opt/zephyr-sdk/arm-zephyr-eabi/bin/../lib/gcc/arm-zephyr-eabi/12.2.0/thumb/v8-m.main+fp/hard\libgcc.a
LOAD c:/ncs/toolchains/2d382dcd92/opt/zephyr-sdk/arm-zephyr-eabi/bin/../lib/gcc/arm-zephyr-eabi/12.2.0/../../../../arm-zephyr-eabi/lib/thumb/v8-m.main+fp/hard\libc_nano.a
END GROUP
START GROUP
LOAD c:/ncs/toolchains/2d382dcd92/opt/zephyr-sdk/arm-zephyr-eabi/bin/../lib/gcc/arm-zephyr-eabi/12.2.0/thumb/v8-m.main+fp/hard\libgcc.a
LOAD c:/ncs/toolchains/2d382dcd92/opt/zephyr-sdk/arm-zephyr-eabi/bin/../lib/gcc/arm-zephyr-eabi/12.2.0/../../../../arm-zephyr-eabi/lib/thumb/v8-m.main+fp/hard\libc_nano.a
LOAD c:/ncs/toolchains/2d382dcd92/opt/zephyr-sdk/arm-zephyr-eabi/bin/../lib/gcc/arm-zephyr-eabi/12.2.0/../../../../arm-zephyr-eabi/lib/thumb/v8-m.main+fp/hard\libnosys.a
END GROUP
START GROUP
LOAD c:/ncs/toolchains/2d382dcd92/opt/zephyr-sdk/arm-zephyr-eabi/bin/../lib/gcc/arm-zephyr-eabi/12.2.0/thumb/v8-m.main+fp/hard\libgcc.a
LOAD c:/ncs/toolchains/2d382dcd92/opt/zephyr-sdk/arm-zephyr-eabi/bin/../lib/gcc/arm-zephyr-eabi/12.2.0/../../../../arm-zephyr-eabi/lib/thumb/v8-m.main+fp/hard\libc_nano.a
LOAD c:/ncs/toolchains/2d382dcd92/opt/zephyr-sdk/arm-zephyr-eabi/bin/../lib/gcc/arm-zephyr-eabi/12.2.0/../../../../arm-zephyr-eabi/lib/thumb/v8-m.main+fp/hard\libnosys.a
END GROUP
LOAD c:/ncs/toolchains/2d382dcd92/opt/zephyr-sdk/arm-zephyr-eabi/bin/../lib/gcc/arm-zephyr-eabi/12.2.0/thumb/v8-m.main+fp/hard/crtend.o
LOAD c:/ncs/toolchains/2d382dcd92/opt/zephyr-sdk/arm-zephyr-eabi/bin/../lib/gcc/arm-zephyr-eabi/12.2.0/thumb/v8-m.main+fp/hard/crtn.o
                0x0000000000000800                __msp_stack_size__ = 0x800
                0x0000000000000000                Image$$PT_RO_START$$Base = ADDR (.TFM_VECTORS)

.TFM_VECTORS    0x0000000000000000      0x154
                0x0000000000000000                __vectors_start__ = .
 *(.vectors)
 .vectors       0x0000000000000000      0x154 secure_fw/CMakeFiles/tfm_s.dir/__/platform/ext/target/nordic_nrf/common/core/startup_nrf5340.o
                0x0000000000000000                __Vectors
                0x0000000000000154                . = ALIGN (0x4)
                0x0000000000000154                __vectors_end__ = .
                0x0000000000000001                ASSERT ((__vectors_start__ != __vectors_end__), .vectors should not be empty)
                0x0000000000000001                ASSERT ((. <= (ADDR (.TFM_VECTORS) + 0x154)), .TFM_VECTORS section size overflow.)
                0x0000000000000154                . = (ADDR (.TFM_VECTORS) + 0x154)

.TFM_SP_LOAD_LIST
                0x0000000000000154       0xd4
 *(.part_load_priority_00)
 .part_load_priority_00
                0x0000000000000154       0x38 secure_fw/CMakeFiles/tfm_s.dir/partitions/ns_agent_tz/load_info_ns_agent_tz.o
                0x0000000000000154                tfm_sp_ns_agent_tz_load
 *(.part_load_priority_01)
 *(.part_load_priority_02)
 .part_load_priority_02
                0x000000000000018c       0x50 secure_fw/CMakeFiles/tfm_s.dir/__/generated/secure_fw/partitions/crypto/auto_generated/load_info_tfm_crypto.o
                0x000000000000018c                tfm_sp_crypto_load
 .part_load_priority_02
                0x00000000000001dc       0x4c secure_fw/CMakeFiles/tfm_s.dir/__/generated/secure_fw/partitions/platform/auto_generated/load_info_tfm_platform.o
                0x00000000000001dc                tfm_sp_platform_load
 *(.part_load_priority_03)
                0x0000000000000154                Image$$TFM_SP_LOAD_LIST$$RO$$Base = ADDR (.TFM_SP_LOAD_LIST)
                0x0000000000000228                Image$$TFM_SP_LOAD_LIST$$RO$$Limit = (ADDR (.TFM_SP_LOAD_LIST) + SIZEOF (.TFM_SP_LOAD_LIST))
                0x0000000000000240                . = ALIGN (0x20)
                0x0000000000000240                Image$$TFM_PSA_CODE_START$$Base = .

.TFM_PSA_ROT_LINKER
                0x0000000000000240      0x420
 *tfm_psa_rot_partition*:(SORT_BY_ALIGNMENT(.text*))
 .text.tfm_crypto_clear_scratch
                0x0000000000000240       0x20 secure_fw/partitions/crypto/libtfm_psa_rot_partition_crypto.a(crypto_init.o)
 .text.tfm_crypto_api_dispatcher
                0x0000000000000260       0xb0 secure_fw/partitions/crypto/libtfm_psa_rot_partition_crypto.a(crypto_init.o)
                0x0000000000000260                tfm_crypto_api_dispatcher
 .text.tfm_crypto_sfn
                0x0000000000000310      0x17c secure_fw/partitions/crypto/libtfm_psa_rot_partition_crypto.a(crypto_init.o)
                0x0000000000000310                tfm_crypto_sfn
 .text.tfm_crypto_init_alloc
                0x000000000000048c       0x14 secure_fw/partitions/crypto/libtfm_psa_rot_partition_crypto.a(crypto_alloc.o)
                0x000000000000048c                tfm_crypto_init_alloc
 .text.tfm_crypto_library_get_info
                0x00000000000004a0       0x1c secure_fw/partitions/crypto/libtfm_psa_rot_partition_crypto.a(crypto_library.o)
                0x00000000000004a0                tfm_crypto_library_get_info
 .text.tfm_crypto_core_library_init
                0x00000000000004bc       0x14 secure_fw/partitions/crypto/libtfm_psa_rot_partition_crypto.a(crypto_library.o)
                0x00000000000004bc                tfm_crypto_core_library_init
 .text.tfm_crypto_init
                0x00000000000004d0       0x1c secure_fw/partitions/crypto/libtfm_psa_rot_partition_crypto.a(crypto_init.o)
                0x00000000000004d0                tfm_crypto_init
 .text.tfm_crypto_cipher_interface
                0x00000000000004ec        0x6 secure_fw/partitions/crypto/libtfm_psa_rot_partition_crypto.a(crypto_cipher.o)
                0x00000000000004ec                tfm_crypto_cipher_interface
 .text.tfm_crypto_hash_interface
                0x00000000000004f2        0x6 secure_fw/partitions/crypto/libtfm_psa_rot_partition_crypto.a(crypto_hash.o)
                0x00000000000004f2                tfm_crypto_hash_interface
 .text.tfm_crypto_mac_interface
                0x00000000000004f8        0x6 secure_fw/partitions/crypto/libtfm_psa_rot_partition_crypto.a(crypto_mac.o)
                0x00000000000004f8                tfm_crypto_mac_interface
 .text.tfm_crypto_aead_interface
                0x00000000000004fe        0x6 secure_fw/partitions/crypto/libtfm_psa_rot_partition_crypto.a(crypto_aead.o)
                0x00000000000004fe                tfm_crypto_aead_interface
 .text.tfm_crypto_asymmetric_sign_interface
                0x0000000000000504        0x6 secure_fw/partitions/crypto/libtfm_psa_rot_partition_crypto.a(crypto_asymmetric.o)
                0x0000000000000504                tfm_crypto_asymmetric_sign_interface
 .text.tfm_crypto_asymmetric_encrypt_interface
                0x000000000000050a        0x6 secure_fw/partitions/crypto/libtfm_psa_rot_partition_crypto.a(crypto_asymmetric.o)
                0x000000000000050a                tfm_crypto_asymmetric_encrypt_interface
 .text.tfm_crypto_key_derivation_interface
                0x0000000000000510        0x6 secure_fw/partitions/crypto/libtfm_psa_rot_partition_crypto.a(crypto_key_derivation.o)
                0x0000000000000510                tfm_crypto_key_derivation_interface
 .text.tfm_crypto_key_management_interface
                0x0000000000000516        0x6 secure_fw/partitions/crypto/libtfm_psa_rot_partition_crypto.a(crypto_key_management.o)
                0x0000000000000516                tfm_crypto_key_management_interface
 .text.tfm_crypto_random_interface
                0x000000000000051c        0x8 secure_fw/partitions/crypto/libtfm_psa_rot_partition_crypto.a(crypto_rng.o)
                0x000000000000051c                tfm_crypto_random_interface
 .text.tfm_crypto_pake_interface
                0x0000000000000524        0x6 secure_fw/partitions/crypto/libtfm_psa_rot_partition_crypto.a(crypto_pake.o)
                0x0000000000000524                tfm_crypto_pake_interface
 .text.tfm_platform_service_sfn
                0x000000000000052a      0x114 secure_fw/partitions/platform/libtfm_psa_rot_partition_platform.a(platform_sp.o)
                0x000000000000052a                tfm_platform_service_sfn
 .text.platform_sp_init
                0x000000000000063e        0x4 secure_fw/partitions/platform/libtfm_psa_rot_partition_platform.a(platform_sp.o)
                0x000000000000063e                platform_sp_init
 *tfm_psa_rot_partition*:(SORT_BY_ALIGNMENT(.rodata*))
 .rodata.tfm_crypto_library_get_info.str1.1
                0x0000000000000642        0xf secure_fw/partitions/crypto/libtfm_psa_rot_partition_crypto.a(crypto_library.o)
 *(TFM_*_PSA-ROT_ATTR_FN)
                0x0000000000000660                . = ALIGN (0x20)
 *fill*         0x0000000000000651        0xf 
                0x0000000000000240                Image$$TFM_PSA_ROT_LINKER$$RO$$Base = ADDR (.TFM_PSA_ROT_LINKER)
                0x0000000000000660                Image$$TFM_PSA_ROT_LINKER$$RO$$Limit = (ADDR (.TFM_PSA_ROT_LINKER) + SIZEOF (.TFM_PSA_ROT_LINKER))
                0x0000000000000240                Image$$TFM_PSA_ROT_LINKER$$Base = ADDR (.TFM_PSA_ROT_LINKER)
                0x0000000000000660                Image$$TFM_PSA_ROT_LINKER$$Limit = (ADDR (.TFM_PSA_ROT_LINKER) + SIZEOF (.TFM_PSA_ROT_LINKER))
                0x0000000000000660                Image$$TFM_PSA_CODE_END$$Base = .
                0x0000000000000660                Image$$TFM_APP_CODE_START$$Base = .

.TFM_APP_ROT_LINKER
                0x0000000000000660        0x0
 *tfm_app_rot_partition*:(SORT_BY_ALIGNMENT(.text*))
 *tfm_app_rot_partition*:(SORT_BY_ALIGNMENT(.rodata*))
 *(TFM_*_APP-ROT_ATTR_FN)
                0x0000000000000660                . = ALIGN (0x20)
                0x0000000000000660                Image$$TFM_APP_ROT_LINKER$$RO$$Base = ADDR (.TFM_APP_ROT_LINKER)
                0x0000000000000660                Image$$TFM_APP_ROT_LINKER$$RO$$Limit = (ADDR (.TFM_APP_ROT_LINKER) + SIZEOF (.TFM_APP_ROT_LINKER))
                0x0000000000000660                Image$$TFM_APP_ROT_LINKER$$Base = ADDR (.TFM_APP_ROT_LINKER)
                0x0000000000000660                Image$$TFM_APP_ROT_LINKER$$Limit = (ADDR (.TFM_APP_ROT_LINKER) + SIZEOF (.TFM_APP_ROT_LINKER))
                0x0000000000000660                Image$$TFM_APP_CODE_END$$Base = .

.ARM.extab
 *(.ARM.extab* .gnu.linkonce.armextab.*)
                0x0000000000000660                __exidx_start = .

.ARM.exidx      0x0000000000000660        0x8
 *(.ARM.exidx* .gnu.linkonce.armexidx.*)
 .ARM.exidx     0x0000000000000660        0x8 c:/ncs/toolchains/2d382dcd92/opt/zephyr-sdk/arm-zephyr-eabi/bin/../lib/gcc/arm-zephyr-eabi/12.2.0/../../../../arm-zephyr-eabi/lib/thumb/v8-m.main+fp/hard/crt0.o
                                         0x10 (size before relaxing)
                0x0000000000000668                __exidx_end = .

.ER_TFM_CODE    0x0000000000000668     0x323b
                0x0000000000000668                . = ALIGN (0x4)
                0x0000000000000668                PROVIDE (__preinit_array_start = .)
 *(.preinit_array)
                0x0000000000000668                PROVIDE (__preinit_array_end = .)
                0x0000000000000668                . = ALIGN (0x4)
                0x0000000000000668                PROVIDE (__init_array_start = .)
 *(SORT_BY_NAME(.init_array.*))
 *(.init_array)
 .init_array    0x0000000000000668        0x4 c:/ncs/toolchains/2d382dcd92/opt/zephyr-sdk/arm-zephyr-eabi/bin/../lib/gcc/arm-zephyr-eabi/12.2.0/thumb/v8-m.main+fp/hard/crtbegin.o
                0x000000000000066c                PROVIDE (__init_array_end = .)
                0x000000000000066c                . = ALIGN (0x4)
                [!provide]                        PROVIDE (__fini_array_start = .)
 *(SORT_BY_NAME(.fini_array.*))
 *(.fini_array)
 .fini_array    0x000000000000066c        0x4 c:/ncs/toolchains/2d382dcd92/opt/zephyr-sdk/arm-zephyr-eabi/bin/../lib/gcc/arm-zephyr-eabi/12.2.0/thumb/v8-m.main+fp/hard/crtbegin.o
                [!provide]                        PROVIDE (__fini_array_end = .)
                0x0000000000000670                . = ALIGN (0x4)
                0x0000000000000670                __copy_table_start__ = .
                0x0000000000000670        0x4 LONG 0x7c40 LOADADDR (.TFM_DATA)
                0x0000000000000674        0x4 LONG 0x20001080 ADDR (.TFM_DATA)
                0x0000000000000678        0x4 LONG 0x49 (SIZEOF (.TFM_DATA) / 0x4)
                0x000000000000067c        0x4 LONG 0x7c40 LOADADDR (.TFM_PSA_ROT_LINKER_DATA)
                0x0000000000000680        0x4 LONG 0x20000c20 ADDR (.TFM_PSA_ROT_LINKER_DATA)
                0x0000000000000684        0x4 LONG 0x0 (SIZEOF (.TFM_PSA_ROT_LINKER_DATA) / 0x4)
                0x0000000000000688        0x4 LONG 0x7c40 LOADADDR (.TFM_APP_ROT_LINKER_DATA)
                0x000000000000068c        0x4 LONG 0x20000c00 ADDR (.TFM_APP_ROT_LINKER_DATA)
                0x0000000000000690        0x4 LONG 0x0 (SIZEOF (.TFM_APP_ROT_LINKER_DATA) / 0x4)
                0x0000000000000694                __copy_table_end__ = .
                0x0000000000000694                . = ALIGN (0x4)
                0x0000000000000694                __zero_table_start__ = .
                0x0000000000000694        0x4 LONG 0x200011a4 ADDR (.TFM_BSS)
                0x0000000000000698        0x4 LONG 0x5c0 (SIZEOF (.TFM_BSS) / 0x4)
                0x000000000000069c        0x4 LONG 0x20000c20 ADDR (.TFM_PSA_ROT_LINKER_BSS)
                0x00000000000006a0        0x4 LONG 0x118 (SIZEOF (.TFM_PSA_ROT_LINKER_BSS) / 0x4)
                0x00000000000006a4        0x4 LONG 0x20000c00 ADDR (.TFM_APP_ROT_LINKER_BSS)
                0x00000000000006a8        0x4 LONG 0x8 (SIZEOF (.TFM_APP_ROT_LINKER_BSS) / 0x4)
                0x00000000000006ac                __zero_table_end__ = .
 *startup*(.text*)
 .text.default_irq_handler
                0x00000000000006ac        0x4 secure_fw/CMakeFiles/tfm_s.dir/__/platform/ext/target/nordic_nrf/common/core/startup.o
                0x00000000000006ac                default_irq_handler
 .text.Reset_Handler
                0x00000000000006b0       0xa4 secure_fw/CMakeFiles/tfm_s.dir/__/platform/ext/target/nordic_nrf/common/core/startup.o
                0x00000000000006b0                Reset_Handler
 .text.default_tfm_IRQHandler
                0x0000000000000754       0x1c secure_fw/CMakeFiles/tfm_s.dir/__/platform/ext/target/nordic_nrf/common/core/startup_nrf5340.o
                0x0000000000000754                TIMER2_IRQHandler
                0x0000000000000754                DebugMon_Handler
                0x0000000000000754                SPIM4_IRQHandler
                0x0000000000000754                RTC0_IRQHandler
                0x0000000000000754                SERIAL1_IRQHandler
                0x0000000000000754                SysTick_Handler
                0x0000000000000754                PWM1_IRQHandler
                0x0000000000000754                SERIAL3_IRQHandler
                0x0000000000000754                PendSV_Handler
                0x0000000000000754                NMI_Handler
                0x0000000000000754                WDT0_IRQHandler
                0x0000000000000754                I2S0_IRQHandler
                0x0000000000000754                default_tfm_IRQHandler
                0x0000000000000754                IPC_IRQHandler
                0x0000000000000754                SERIAL2_IRQHandler
                0x0000000000000754                PWM3_IRQHandler
                0x0000000000000754                QDEC1_IRQHandler
                0x0000000000000754                FPU_IRQHandler
                0x0000000000000754                USBD_IRQHandler
                0x0000000000000754                EGU3_IRQHandler
                0x0000000000000754                KMU_IRQHandler
                0x0000000000000754                CRYPTOCELL_IRQHandler
                0x0000000000000754                EGU2_IRQHandler
                0x0000000000000754                TIMER0_IRQHandler
                0x0000000000000754                CACHE_IRQHandler
                0x0000000000000754                EGU4_IRQHandler
                0x0000000000000754                EGU0_IRQHandler
                0x0000000000000754                GPIOTE1_IRQHandler
                0x0000000000000754                TIMER1_IRQHandler
                0x0000000000000754                PWM2_IRQHandler
                0x0000000000000754                EGU1_IRQHandler
                0x0000000000000754                EGU5_IRQHandler
                0x0000000000000754                SAADC_IRQHandler
                0x0000000000000754                GPIOTE0_IRQHandler
                0x0000000000000754                QDEC0_IRQHandler
                0x0000000000000754                PWM0_IRQHandler
                0x0000000000000754                RTC1_IRQHandler
                0x0000000000000754                SERIAL0_IRQHandler
                0x0000000000000754                USBREGULATOR_IRQHandler
                0x0000000000000754                NFCT_IRQHandler
                0x0000000000000754                WDT1_IRQHandler
                0x0000000000000754                QSPI_IRQHandler
                0x0000000000000754                COMP_LPCOMP_IRQHandler
                0x0000000000000754                CLOCK_POWER_IRQHandler
                0x0000000000000754                PDM0_IRQHandler
 *libplatform_s*:(SORT_BY_ALIGNMENT(.text*))
 .text.nrf53_errata_42
                0x0000000000000770       0x24 platform/libplatform_s.a(system_nrf5340_application.o)
 .text.SystemInit
                0x0000000000000794      0x238 platform/libplatform_s.a(system_nrf5340_application.o)
                0x0000000000000794                SystemInit
 .text.tfm_exception_info_get_context
                0x00000000000009cc        0xc platform/libplatform_s.a(exception_info.o)
                0x00000000000009cc                tfm_exception_info_get_context
 .text.store_and_dump_context
                0x00000000000009d8      0x118 platform/libplatform_s.a(exception_info.o)
                0x00000000000009d8                store_and_dump_context
 .text.stdio_output_string
                0x0000000000000af0       0x40 platform/libplatform_s.a(uart_stdout.o)
                0x0000000000000af0                stdio_output_string
 .text.stdio_init
                0x0000000000000b30       0x30 platform/libplatform_s.a(uart_stdout.o)
                0x0000000000000b30                stdio_init
 .text.ARM_USART_GetVersion
                0x0000000000000b60       0x20 platform/libplatform_s.a(Driver_USART.o)
 .text.ARM_USART1_GetTxCount
                0x0000000000000b80        0xc platform/libplatform_s.a(Driver_USART.o)
 .text.ARM_USART1_GetRxCount
                0x0000000000000b8c        0xc platform/libplatform_s.a(Driver_USART.o)
 .text.ARM_USART1_Uninitialize
                0x0000000000000b98       0x18 platform/libplatform_s.a(Driver_USART.o)
 .text.ARM_USART1_Receive
                0x0000000000000bb0       0x3c platform/libplatform_s.a(Driver_USART.o)
 .text.ARM_USARTx_Send.constprop.0
                0x0000000000000bec       0x78 platform/libplatform_s.a(Driver_USART.o)
 .text.ARM_USART1_Control
                0x0000000000000c64      0x190 platform/libplatform_s.a(Driver_USART.o)
 .text.ARM_USART1_Initialize
                0x0000000000000df4       0x70 platform/libplatform_s.a(Driver_USART.o)
 .text.nrf_gpio_pin_port_decode
                0x0000000000000e64       0x24 platform/libplatform_s.a(nrfx_uarte.o)
 .text.on_rx_disabled
                0x0000000000000e88       0x64 platform/libplatform_s.a(nrfx_uarte.o)
 .text.nrfx_coredep_delay_us.part.0
                0x0000000000000eec       0x20 platform/libplatform_s.a(nrfx_uarte.o)
 .text.nrf_gpio_cfg_input.constprop.0
                0x0000000000000f0c       0x28 platform/libplatform_s.a(nrfx_uarte.o)
 .text.blocking_tx
                0x0000000000000f34      0x1b8 platform/libplatform_s.a(nrfx_uarte.o)
 .text.nrf_gpio_cfg_output
                0x00000000000010ec       0x2c platform/libplatform_s.a(nrfx_uarte.o)
 .text.nrf_gpio_cfg_default
                0x0000000000001118       0x2c platform/libplatform_s.a(nrfx_uarte.o)
 .text.uarte_configure
                0x0000000000001144      0x190 platform/libplatform_s.a(nrfx_uarte.o)
 .text.nrfx_uarte_init
                0x00000000000012d4      0x15c platform/libplatform_s.a(nrfx_uarte.o)
                0x00000000000012d4                nrfx_uarte_init
 .text.nrfx_uarte_tx
                0x0000000000001430       0xd8 platform/libplatform_s.a(nrfx_uarte.o)
                0x0000000000001430                nrfx_uarte_tx
 .text.nrfx_uarte_tx_abort
                0x0000000000001508       0xb8 platform/libplatform_s.a(nrfx_uarte.o)
                0x0000000000001508                nrfx_uarte_tx_abort
 .text.nrfx_uarte_rx_enable
                0x00000000000015c0      0x14c platform/libplatform_s.a(nrfx_uarte.o)
                0x00000000000015c0                nrfx_uarte_rx_enable
 .text.nrfx_uarte_rx_buffer_set
                0x000000000000170c      0x190 platform/libplatform_s.a(nrfx_uarte.o)
                0x000000000000170c                nrfx_uarte_rx_buffer_set
 .text.nrfx_uarte_rx_abort
                0x000000000000189c      0x110 platform/libplatform_s.a(nrfx_uarte.o)
                0x000000000000189c                nrfx_uarte_rx_abort
 .text.nrfx_uarte_uninit
                0x00000000000019ac       0xcc platform/libplatform_s.a(nrfx_uarte.o)
                0x00000000000019ac                nrfx_uarte_uninit
 .text.nrfx_uarte_rx_ready
                0x0000000000001a78       0x54 platform/libplatform_s.a(nrfx_uarte.o)
                0x0000000000001a78                nrfx_uarte_rx_ready
 .text.nrfx_uarte_rx
                0x0000000000001acc       0x84 platform/libplatform_s.a(nrfx_uarte.o)
                0x0000000000001acc                nrfx_uarte_rx
 .text.nrfx_critical_section_enter
                0x0000000000001b50       0x10 platform/libplatform_s.a(nrfx_glue.o)
                0x0000000000001b50                nrfx_critical_section_enter
 .text.nrfx_critical_section_exit
                0x0000000000001b60       0x14 platform/libplatform_s.a(nrfx_glue.o)
                0x0000000000001b60                nrfx_critical_section_exit
 .text.mpu_armv8m_enable
                0x0000000000001b74       0x34 platform/libplatform_s.a(mpu_armv8m_drv.o)
                0x0000000000001b74                mpu_armv8m_enable
 .text.spu_enable_interrupts
                0x0000000000001ba8       0x10 platform/libplatform_s.a(spu.o)
                0x0000000000001ba8                spu_enable_interrupts
 .text.spu_events_get
                0x0000000000001bb8       0x28 platform/libplatform_s.a(spu.o)
                0x0000000000001bb8                spu_events_get
 .text.spu_clear_events
                0x0000000000001be0       0x24 platform/libplatform_s.a(spu.o)
                0x0000000000001be0                spu_clear_events
 .text.spu_regions_reset_unlocked_secure
                0x0000000000001c04       0x30 platform/libplatform_s.a(spu.o)
                0x0000000000001c04                spu_regions_reset_unlocked_secure
 .text.spu_regions_flash_config
                0x0000000000001c34       0x2c platform/libplatform_s.a(spu.o)
                0x0000000000001c34                spu_regions_flash_config
 .text.spu_regions_sram_config
                0x0000000000001c60       0x34 platform/libplatform_s.a(spu.o)
                0x0000000000001c60                spu_regions_sram_config
 .text.spu_regions_flash_config_non_secure_callable
                0x0000000000001c94       0x30 platform/libplatform_s.a(spu.o)
                0x0000000000001c94                spu_regions_flash_config_non_secure_callable
 .text.spu_regions_sram_get_last_address_in_region
                0x0000000000001cc4        0xc platform/libplatform_s.a(spu.o)
                0x0000000000001cc4                spu_regions_sram_get_last_address_in_region
 .text.spu_peripheral_config_secure
                0x0000000000001cd0       0x1c platform/libplatform_s.a(spu.o)
                0x0000000000001cd0                spu_peripheral_config_secure
 .text.spu_peripheral_config_non_secure
                0x0000000000001cec       0x18 platform/libplatform_s.a(spu.o)
                0x0000000000001cec                spu_peripheral_config_non_secure
 .text.nrf_exception_info_store_context
                0x0000000000001d04       0x20 platform/libplatform_s.a(nrf_exception_info.o)
                0x0000000000001d04                nrf_exception_info_store_context
 .text.nrf_exception_info_get_context
                0x0000000000001d24        0xc platform/libplatform_s.a(nrf_exception_info.o)
                0x0000000000001d24                nrf_exception_info_get_context
 .text.tfm_hal_platform_init
                0x0000000000001d30       0x74 platform/libplatform_s.a(tfm_hal_platform.o)
                0x0000000000001d30                tfm_hal_platform_init
 .text.ns_fault_service_set_handler
                0x0000000000001da4       0x14 platform/libplatform_s.a(ns_fault_service.o)
                0x0000000000001da4                ns_fault_service_set_handler
 .text.call_ns_callback
                0x0000000000001db8       0xe8 platform/libplatform_s.a(ns_fault_service.o)
                0x0000000000001db8                call_ns_callback
 .text.ns_fault_service_call_handler
                0x0000000000001ea0       0x34 platform/libplatform_s.a(ns_fault_service.o)
                0x0000000000001ea0                ns_fault_service_call_handler
 .text.tfm_platform_hal_system_reset
                0x0000000000001ed4       0x24 platform/libplatform_s.a(tfm_platform_system.o)
                0x0000000000001ed4                tfm_platform_hal_system_reset
 .text.tfm_platform_hal_read_service
                0x0000000000001ef8       0x60 platform/libplatform_s.a(tfm_platform_hal_ioctl.o)
                0x0000000000001ef8                tfm_platform_hal_read_service
 .text.tfm_platform_hal_gpio_service
                0x0000000000001f58       0x88 platform/libplatform_s.a(tfm_platform_hal_ioctl.o)
                0x0000000000001f58                tfm_platform_hal_gpio_service
 .text.tfm_hal_output_spm_log
                0x0000000000001fe0        0x4 platform/libplatform_s.a(tfm_hal_spm_logdev_peripheral.o)
                0x0000000000001fe0                tfm_hal_output_spm_log
 .text.ARM_USART_GetCapabilities
                0x0000000000001fe4        0x4 platform/libplatform_s.a(Driver_USART.o)
 .text.ARM_USART_Transfer
                0x0000000000001fe8        0x6 platform/libplatform_s.a(Driver_USART.o)
 .text.ARM_USART_GetStatus
                0x0000000000001fee        0xc platform/libplatform_s.a(Driver_USART.o)
 .text.ARM_USART_SetModemControl
                0x0000000000001ffa        0x6 platform/libplatform_s.a(Driver_USART.o)
 .text.ARM_USART_GetModemStatus
                0x0000000000002000        0xc platform/libplatform_s.a(Driver_USART.o)
 .text.ARM_USART1_PowerControl
                0x000000000000200c        0xc platform/libplatform_s.a(Driver_USART.o)
 .text.ARM_USART1_Send
                0x0000000000002018        0x4 platform/libplatform_s.a(Driver_USART.o)
 .text.uart_config_set_uart_pins
                0x000000000000201c       0x3c platform/libplatform_s.a(Driver_USART.o)
                0x000000000000201c                uart_config_set_uart_pins
 .text.is_tx_ready
                0x0000000000002058       0x1a platform/libplatform_s.a(nrfx_uarte.o)
 .text.user_handler
                0x0000000000002072       0x22 platform/libplatform_s.a(nrfx_uarte.o)
 .text.user_handler_on_rx_done
                0x0000000000002094       0x28 platform/libplatform_s.a(nrfx_uarte.o)
 .text.disable_hw_from_rx
                0x00000000000020bc       0x24 platform/libplatform_s.a(nrfx_uarte.o)
 .text.rx_flush.part.0
                0x00000000000020e0       0x70 platform/libplatform_s.a(nrfx_uarte.o)
 .text.disable_hw_from_tx
                0x0000000000002150       0x16 platform/libplatform_s.a(nrfx_uarte.o)
 .text.tx_prepare_start.isra.0
                0x0000000000002166       0x7e platform/libplatform_s.a(nrfx_uarte.o)
 .text.mpu_armv8m_region_enable
                0x00000000000021e4       0x6a platform/libplatform_s.a(mpu_armv8m_drv.o)
                0x00000000000021e4                mpu_armv8m_region_enable
 .text.mpu_armv8m_region_disable
                0x000000000000224e       0x14 platform/libplatform_s.a(mpu_armv8m_drv.o)
                0x000000000000224e                mpu_armv8m_region_disable
 .text.mpu_armv8m_clean
                0x0000000000002262       0x22 platform/libplatform_s.a(mpu_armv8m_drv.o)
                0x0000000000002262                mpu_armv8m_clean
 .text.spu_regions_flash_get_base_address_in_region
                0x0000000000002284        0x4 platform/libplatform_s.a(spu.o)
                0x0000000000002284                spu_regions_flash_get_base_address_in_region
 .text.spu_regions_flash_get_last_address_in_region
                0x0000000000002288        0xa platform/libplatform_s.a(spu.o)
                0x0000000000002288                spu_regions_flash_get_last_address_in_region
 .text.spu_regions_flash_get_start_id
                0x0000000000002292        0x4 platform/libplatform_s.a(spu.o)
                0x0000000000002292                spu_regions_flash_get_start_id
 .text.spu_regions_flash_get_last_id
                0x0000000000002296        0x4 platform/libplatform_s.a(spu.o)
                0x0000000000002296                spu_regions_flash_get_last_id
 .text.spu_regions_flash_get_region_size
                0x000000000000229a        0x6 platform/libplatform_s.a(spu.o)
                0x000000000000229a                spu_regions_flash_get_region_size
 .text.spu_regions_sram_get_base_address_in_region
                0x00000000000022a0        0xa platform/libplatform_s.a(spu.o)
                0x00000000000022a0                spu_regions_sram_get_base_address_in_region
 .text.spu_regions_sram_get_start_id
                0x00000000000022aa        0x4 platform/libplatform_s.a(spu.o)
                0x00000000000022aa                spu_regions_sram_get_start_id
 .text.spu_regions_sram_get_last_id
                0x00000000000022ae        0x4 platform/libplatform_s.a(spu.o)
                0x00000000000022ae                spu_regions_sram_get_last_id
 .text.spu_regions_sram_get_region_size
                0x00000000000022b2        0x6 platform/libplatform_s.a(spu.o)
                0x00000000000022b2                spu_regions_sram_get_region_size
 .text.tfm_plat_otp_init
                0x00000000000022b8        0x4 platform/libplatform_s.a(dummy_otp.o)
                0x00000000000022b8                tfm_plat_otp_init
 .text.tfm_hal_system_halt
                0x00000000000022bc        0xc platform/libplatform_s.a(tfm_hal_reset_halt.o)
                0x00000000000022bc                tfm_hal_system_halt
 .text.tfm_plat_provisioning_is_required
                0x00000000000022c8        0x4 platform/libplatform_s.a(dummy_provisioning.o)
                0x00000000000022c8                tfm_plat_provisioning_is_required
 .text.tfm_plat_provisioning_perform
                0x00000000000022cc        0x4 platform/libplatform_s.a(dummy_provisioning.o)
                0x00000000000022cc                tfm_plat_provisioning_perform
 .text.tfm_plat_provisioning_check_for_dummy_keys
                0x00000000000022d0        0x2 platform/libplatform_s.a(dummy_provisioning.o)
                0x00000000000022d0                tfm_plat_provisioning_check_for_dummy_keys
 .text.tfm_platform_hal_ioctl
                0x00000000000022d2       0x86 platform/libplatform_s.a(tfm_platform_system.o)
                0x00000000000022d2                tfm_platform_hal_ioctl
 .text.tfm_platform_hal_write32_service
                0x0000000000002358       0x2c platform/libplatform_s.a(tfm_platform_hal_ioctl.o)
                0x0000000000002358                tfm_platform_hal_write32_service
 *libtfm_spm*:(SORT_BY_ALIGNMENT(.text*))
 .text.spm_log_msgval
                0x0000000000002384       0x58 secure_fw/spm/libtfm_spm.a(spm_log.o)
                0x0000000000002384                spm_log_msgval
 .text.startup.main
                0x00000000000023dc       0x80 secure_fw/spm/libtfm_spm.a(main.o)
                0x00000000000023dc                main
 .text.tfm_spm_get_service_by_sid
                0x000000000000245c       0x2c secure_fw/spm/libtfm_spm.a(spm_ipc.o)
                0x000000000000245c                tfm_spm_get_service_by_sid
 .text.tfm_spm_check_authorization
                0x0000000000002488       0x44 secure_fw/spm/libtfm_spm.a(spm_ipc.o)
                0x0000000000002488                tfm_spm_check_authorization
 .text.spm_init_idle_connection
                0x00000000000024cc       0x30 secure_fw/spm/libtfm_spm.a(spm_ipc.o)
                0x00000000000024cc                spm_init_idle_connection
 .text.tfm_spm_partition_get_running_partition_id
                0x00000000000024fc       0x14 secure_fw/spm/libtfm_spm.a(spm_ipc.o)
                0x00000000000024fc                tfm_spm_partition_get_running_partition_id
 .text.tfm_spm_is_ns_caller
                0x0000000000002510       0x20 secure_fw/spm/libtfm_spm.a(spm_ipc.o)
                0x0000000000002510                tfm_spm_is_ns_caller
 .text.spm_get_idle_connection
                0x0000000000002530       0x78 secure_fw/spm/libtfm_spm.a(spm_ipc.o)
                0x0000000000002530                spm_get_idle_connection
 .text.tfm_spm_init
                0x00000000000025a8       0x64 secure_fw/spm/libtfm_spm.a(spm_ipc.o)
                0x00000000000025a8                tfm_spm_init
 .text.load_a_partition_assuredly
                0x000000000000260c      0x10c secure_fw/spm/libtfm_spm.a(rom_loader.o)
                0x000000000000260c                load_a_partition_assuredly
 .text.load_services_assuredly
                0x0000000000002718       0xb4 secure_fw/spm/libtfm_spm.a(rom_loader.o)
                0x0000000000002718                load_services_assuredly
 .text.spm_associate_call_params
                0x00000000000027cc      0x188 secure_fw/spm/libtfm_spm.a(psa_call_api.o)
                0x00000000000027cc                spm_associate_call_params
 .text.tfm_spm_partition_psa_read
                0x0000000000002954       0x74 secure_fw/spm/libtfm_spm.a(psa_read_write_skip_api.o)
                0x0000000000002954                tfm_spm_partition_psa_read
 .text.tfm_spm_partition_psa_write
                0x00000000000029c8       0x74 secure_fw/spm/libtfm_spm.a(psa_read_write_skip_api.o)
                0x00000000000029c8                tfm_spm_partition_psa_write
 .text.spm_init_function
                0x0000000000002a3c       0x4c secure_fw/spm/libtfm_spm.a(backend_sfn.o)
 .text.backend_messaging
                0x0000000000002a88       0x50 secure_fw/spm/libtfm_spm.a(backend_sfn.o)
                0x0000000000002a88                backend_messaging
 .text.backend_replying
                0x0000000000002ad8       0x10 secure_fw/spm/libtfm_spm.a(backend_sfn.o)
                0x0000000000002ad8                backend_replying
 .text.backend_init_comp_assuredly
                0x0000000000002ae8       0x2c secure_fw/spm/libtfm_spm.a(backend_sfn.o)
                0x0000000000002ae8                backend_init_comp_assuredly
 .text.backend_system_run
                0x0000000000002b14       0x5c secure_fw/spm/libtfm_spm.a(backend_sfn.o)
                0x0000000000002b14                backend_system_run
 .text.tz_ns_agent_register_client_id_range
                0x0000000000002b70        0xc secure_fw/spm/libtfm_spm.a(tfm_spm_ns_ctx.o)
                0x0000000000002b70                tz_ns_agent_register_client_id_range
 .text.tfm_nspm_get_current_client_id
                0x0000000000002b7c       0x14 secure_fw/spm/libtfm_spm.a(tfm_spm_ns_ctx.o)
                0x0000000000002b7c                tfm_nspm_get_current_client_id
 .text.tfm_nspm_ctx_init
                0x0000000000002b90       0x18 secure_fw/spm/libtfm_spm.a(tfm_spm_ns_ctx.o)
                0x0000000000002b90                tfm_nspm_ctx_init
 .text.SVC_Handler
                0x0000000000002ba8       0x68 secure_fw/spm/libtfm_spm.a(tfm_arch_v8m_main.o)
                0x0000000000002ba8                SVC_Handler
 .text.tfm_arch_set_secure_exception_priorities
                0x0000000000002c10       0x28 secure_fw/spm/libtfm_spm.a(tfm_arch_v8m_main.o)
                0x0000000000002c10                tfm_arch_set_secure_exception_priorities
 .text.tfm_arch_config_extensions
                0x0000000000002c38       0x4c secure_fw/spm/libtfm_spm.a(tfm_arch_v8m_main.o)
                0x0000000000002c38                tfm_arch_config_extensions
 .text.ns_agent_tz_main
                0x0000000000002c84       0x60 secure_fw/spm/libtfm_spm.a(ns_agent_tz_v80m.o)
                0x0000000000002c84                ns_agent_tz_main
 .text.tfm_hal_bind_boundary
                0x0000000000002ce4       0x78 secure_fw/spm/libtfm_spm.a(tfm_hal_isolation.o)
                0x0000000000002ce4                tfm_hal_bind_boundary
 .text.mpu_init_cfg
                0x0000000000002d5c       0xf0 secure_fw/spm/libtfm_spm.a(tfm_hal_isolation.o)
                0x0000000000002d5c                mpu_init_cfg
 .text.tfm_hal_get_ns_VTOR
                0x0000000000002e4c        0xc secure_fw/spm/libtfm_spm.a(tfm_hal_platform_common.o)
                0x0000000000002e4c                tfm_hal_get_ns_VTOR
 .text.tfm_hal_get_ns_MSP
                0x0000000000002e58        0xc secure_fw/spm/libtfm_spm.a(tfm_hal_platform_common.o)
                0x0000000000002e58                tfm_hal_get_ns_MSP
 .text.tfm_hal_get_ns_entry_point
                0x0000000000002e64        0xc secure_fw/spm/libtfm_spm.a(tfm_hal_platform_common.o)
                0x0000000000002e64                tfm_hal_get_ns_entry_point
 .text.SPU_Handler
                0x0000000000002e70       0x3c secure_fw/spm/libtfm_spm.a(faults.o)
                0x0000000000002e70                SPU_Handler
 .text.nrf_gpio_pin_control_select.constprop.0
                0x0000000000002eac       0x1c secure_fw/spm/libtfm_spm.a(target_cfg.o)
 .text.enable_fault_handlers
                0x0000000000002ec8       0x14 secure_fw/spm/libtfm_spm.a(target_cfg.o)
                0x0000000000002ec8                enable_fault_handlers
 .text.system_reset_cfg
                0x0000000000002edc       0x18 secure_fw/spm/libtfm_spm.a(target_cfg.o)
                0x0000000000002edc                system_reset_cfg
 .text.init_debug
                0x0000000000002ef4       0x28 secure_fw/spm/libtfm_spm.a(target_cfg.o)
                0x0000000000002ef4                init_debug
 .text.nvic_interrupt_target_state_cfg
                0x0000000000002f1c       0x40 secure_fw/spm/libtfm_spm.a(target_cfg.o)
                0x0000000000002f1c                nvic_interrupt_target_state_cfg
 .text.nvic_interrupt_enable
                0x0000000000002f5c       0x18 secure_fw/spm/libtfm_spm.a(target_cfg.o)
                0x0000000000002f5c                nvic_interrupt_enable
 .text.sau_and_idau_cfg
                0x0000000000002f74       0x20 secure_fw/spm/libtfm_spm.a(target_cfg.o)
                0x0000000000002f74                sau_and_idau_cfg
 .text.spu_init_cfg
                0x0000000000002f94       0x7c secure_fw/spm/libtfm_spm.a(target_cfg.o)
                0x0000000000002f94                spu_init_cfg
 .text.spu_periph_init_cfg
                0x0000000000003010       0x60 secure_fw/spm/libtfm_spm.a(target_cfg.o)
                0x0000000000003010                spu_periph_init_cfg
 .text.tfm_core_validate_boot_data
                0x0000000000003070        0xc secure_fw/spm/libtfm_spm.a(tfm_boot_data.o)
                0x0000000000003070                tfm_core_validate_boot_data
 .text.tfm_core_get_boot_data_handler
                0x000000000000307c       0x34 secure_fw/spm/libtfm_spm.a(tfm_boot_data.o)
                0x000000000000307c                tfm_core_get_boot_data_handler
 .text.spm_svc_handler
                0x00000000000030b0       0x88 secure_fw/spm/libtfm_spm.a(tfm_svcalls.o)
                0x00000000000030b0                spm_svc_handler
 .text.tfm_core_panic
                0x0000000000003138        0x4 secure_fw/spm/libtfm_spm.a(utilities.o)
                0x0000000000003138                tfm_core_panic
 .text.tfm_spm_check_client_version
                0x000000000000313c       0x24 secure_fw/spm/libtfm_spm.a(spm_ipc.o)
                0x000000000000313c                tfm_spm_check_client_version
 .text.spm_msg_handle_to_connection
                0x0000000000003160       0x28 secure_fw/spm/libtfm_spm.a(spm_ipc.o)
                0x0000000000003160                spm_msg_handle_to_connection
 .text.tfm_spm_get_client_id
                0x0000000000003188       0x20 secure_fw/spm/libtfm_spm.a(spm_ipc.o)
                0x0000000000003188                tfm_spm_get_client_id
 .text.update_caller_outvec_len
                0x00000000000031a8       0x1e secure_fw/spm/libtfm_spm.a(spm_ipc.o)
                0x00000000000031a8                update_caller_outvec_len
 .text.load_irqs_assuredly
                0x00000000000031c6        0x2 secure_fw/spm/libtfm_spm.a(rom_loader.o)
                0x00000000000031c6                load_irqs_assuredly
 .text.spm_handle_programmer_errors
                0x00000000000031c8       0x18 secure_fw/spm/libtfm_spm.a(psa_api.o)
                0x00000000000031c8                spm_handle_programmer_errors
 .text.tfm_spm_partition_psa_reply
                0x00000000000031e0       0x9a secure_fw/spm/libtfm_spm.a(psa_api.o)
                0x00000000000031e0                tfm_spm_partition_psa_reply
 .text.tfm_spm_partition_psa_panic
                0x000000000000327a        0xc secure_fw/spm/libtfm_spm.a(psa_api.o)
                0x000000000000327a                tfm_spm_partition_psa_panic
 .text.tfm_spm_client_psa_call
                0x0000000000003286       0x4e secure_fw/spm/libtfm_spm.a(psa_call_api.o)
                0x0000000000003286                tfm_spm_client_psa_call
 .text.tfm_spm_client_psa_framework_version
                0x00000000000032d4        0x6 secure_fw/spm/libtfm_spm.a(psa_version_api.o)
                0x00000000000032d4                tfm_spm_client_psa_framework_version
 .text.tfm_spm_client_psa_version
                0x00000000000032da       0x2c secure_fw/spm/libtfm_spm.a(psa_version_api.o)
                0x00000000000032da                tfm_spm_client_psa_version
 .text.connection_to_handle
                0x0000000000003306        0x6 secure_fw/spm/libtfm_spm.a(spm_local_connection.o)
                0x0000000000003306                connection_to_handle
 .text.handle_to_connection
                0x000000000000330c       0x12 secure_fw/spm/libtfm_spm.a(spm_local_connection.o)
                0x000000000000330c                handle_to_connection
 .text.spm_init_connection_space
                0x000000000000331e        0x2 secure_fw/spm/libtfm_spm.a(spm_local_connection.o)
                0x000000000000331e                spm_init_connection_space
 .text.spm_allocate_connection
                0x0000000000003320        0xe secure_fw/spm/libtfm_spm.a(spm_local_connection.o)
                0x0000000000003320                spm_allocate_connection
 .text.spm_validate_connection
                0x000000000000332e        0x4 secure_fw/spm/libtfm_spm.a(spm_local_connection.o)
                0x000000000000332e                spm_validate_connection
 .text.spm_free_connection
                0x0000000000003332        0xc secure_fw/spm/libtfm_spm.a(spm_local_connection.o)
                0x0000000000003332                spm_free_connection
 .text.tfm_arch_clear_fp_data
                0x000000000000333e       0x8a secure_fw/spm/libtfm_spm.a(tfm_arch_v8m_main.o)
                0x000000000000333e                tfm_arch_clear_fp_data
 .text.tfm_hal_memory_check
                0x00000000000033c8      0x132 secure_fw/spm/libtfm_spm.a(tfm_hal_isolation.o)
                0x00000000000033c8                tfm_hal_memory_check
 .text.tfm_hal_set_up_static_boundaries
                0x00000000000034fa       0x2a secure_fw/spm/libtfm_spm.a(tfm_hal_isolation.o)
                0x00000000000034fa                tfm_hal_set_up_static_boundaries
 .text.tfm_hal_platform_common_init
                0x0000000000003524       0x36 secure_fw/spm/libtfm_spm.a(tfm_hal_platform_common.o)
                0x0000000000003524                tfm_hal_platform_common_init
 .text.SPU_IRQHandler
                0x000000000000355a       0x1c secure_fw/spm/libtfm_spm.a(faults.o)
                0x000000000000355a                SPU_IRQHandler
 .text.tfm_arch_free_msp_and_exc_ret
                0x0000000000003576        0xc secure_fw/spm/libtfm_spm.a(tfm_arch.o)
                0x0000000000003576                tfm_arch_free_msp_and_exc_ret
 .text.arch_clean_stack_and_launch
                0x0000000000003582       0x18 secure_fw/spm/libtfm_spm.a(tfm_arch.o)
                0x0000000000003582                arch_clean_stack_and_launch
 *libplatform_s*:*(.rodata*)
 .rodata.CSWTCH.20
                0x000000000000359a        0x4 platform/libplatform_s.a(system_nrf5340_application.o)
 .rodata.CSWTCH.8
                0x000000000000359e        0x4 platform/libplatform_s.a(system_nrf5340_application.o)
 .rodata.CSWTCH.6
                0x00000000000035a2        0x4 platform/libplatform_s.a(system_nrf5340_application.o)
 .rodata.store_and_dump_context.str1.1
                0x00000000000035a6       0x8b platform/libplatform_s.a(exception_info.o)
 *fill*         0x0000000000003631        0x3 
 .rodata.Driver_USART1
                0x0000000000003634       0x38 platform/libplatform_s.a(Driver_USART.o)
                0x0000000000003634                Driver_USART1
 .rodata.UART1_pins
                0x000000000000366c       0x10 platform/libplatform_s.a(Driver_USART.o)
 .rodata.DriverVersion
                0x000000000000367c        0x4 platform/libplatform_s.a(Driver_USART.o)
 *fill*         0x0000000000003680        0x0 
 .rodata.delay_machine_code.0
                0x0000000000003680        0x6 platform/libplatform_s.a(nrfx_uarte.o)
 .rodata.nrf_exception_info_store_context.str1.1
                0x0000000000003686       0x16 platform/libplatform_s.a(nrf_exception_info.o)
 .rodata.tfm_hal_platform_init.str1.1
                0x000000000000369c       0x39 platform/libplatform_s.a(tfm_hal_platform.o)
 *fill*         0x00000000000036d5        0x3 
 .rodata.ranges
                0x00000000000036d8       0x28 platform/libplatform_s.a(tfm_platform_hal_ioctl.o)
 *libtfm_spm*:*(.rodata*)
 .rodata.HEX_TABLE
                0x0000000000003700       0x10 secure_fw/spm/libtfm_spm.a(spm_log.o)
 .rodata.main.str1.1
                0x0000000000003710       0x8a secure_fw/spm/libtfm_spm.a(main.o)
 *fill*         0x000000000000379a        0x2 
 .rodata.serv_pool_ea
                0x000000000000379c        0x4 secure_fw/spm/libtfm_spm.a(rom_loader.o)
 .rodata.part_pool_ea
                0x00000000000037a0        0x4 secure_fw/spm/libtfm_spm.a(rom_loader.o)
 .rodata.ldinf_ea
                0x00000000000037a4        0x4 secure_fw/spm/libtfm_spm.a(rom_loader.o)
 .rodata.target_peripherals.0
                0x00000000000037a8       0xa4 secure_fw/spm/libtfm_spm.a(target_cfg.o)
 .rodata.memory_regions
                0x000000000000384c       0x1c secure_fw/spm/libtfm_spm.a(target_cfg.o)
                0x000000000000384c                memory_regions
 .rodata.spm_svc_handler.str1.1
                0x0000000000003868       0x3b secure_fw/spm/libtfm_spm.a(tfm_svcalls.o)

.glue_7         0x00000000000038a4        0x0
 .glue_7        0x00000000000038a4        0x0 linker stubs

.glue_7t        0x00000000000038a4        0x0
 .glue_7t       0x00000000000038a4        0x0 linker stubs

.vfp11_veneer   0x00000000000038a4        0x0
 .vfp11_veneer  0x00000000000038a4        0x0 linker stubs

.v4_bx          0x00000000000038a4        0x0
 .v4_bx         0x00000000000038a4        0x0 linker stubs

.iplt           0x00000000000038a4        0x0
 .iplt          0x00000000000038a4        0x0 c:/ncs/toolchains/2d382dcd92/opt/zephyr-sdk/arm-zephyr-eabi/bin/../lib/gcc/arm-zephyr-eabi/12.2.0/thumb/v8-m.main+fp/hard/crtbegin.o

.TFM_UNPRIV_CODE
                0x00000000000038c0     0x28c0
 *(SORT_BY_ALIGNMENT(.text*))
 .text          0x00000000000038c0       0x88 c:/ncs/toolchains/2d382dcd92/opt/zephyr-sdk/arm-zephyr-eabi/bin/../lib/gcc/arm-zephyr-eabi/12.2.0/thumb/v8-m.main+fp/hard/crtbegin.o
 .text          0x0000000000003948       0x7c c:/ncs/toolchains/2d382dcd92/opt/zephyr-sdk/arm-zephyr-eabi/bin/../lib/gcc/arm-zephyr-eabi/12.2.0/../../../../arm-zephyr-eabi/lib/thumb/v8-m.main+fp/hard/crt0.o
                0x0000000000003948                _stack_init
                0x0000000000003950                _start
                0x0000000000003950                _mainCRTStartup
 .text.tfm_psa_framework_version_veneer
                0x00000000000039c4       0x24 secure_fw/CMakeFiles/tfm_s.dir/partitions/ns_agent_tz/psa_api_veneers_v80m.o
                0x00000000000039c4                __acle_se_tfm_psa_framework_version_veneer
 .text.tfm_psa_version_veneer
                0x00000000000039e8       0x24 secure_fw/CMakeFiles/tfm_s.dir/partitions/ns_agent_tz/psa_api_veneers_v80m.o
                0x00000000000039e8                __acle_se_tfm_psa_version_veneer
 .text.tfm_psa_call_veneer
                0x0000000000003a0c       0x2c secure_fw/CMakeFiles/tfm_s.dir/partitions/ns_agent_tz/psa_api_veneers_v80m.o
                0x0000000000003a0c                __acle_se_tfm_psa_call_veneer
 .text.tfm_psa_connect_veneer
                0x0000000000003a38       0x1c secure_fw/CMakeFiles/tfm_s.dir/partitions/ns_agent_tz/psa_api_veneers_v80m.o
                0x0000000000003a38                __acle_se_tfm_psa_connect_veneer
 .text.tfm_psa_close_veneer
                0x0000000000003a54       0x14 secure_fw/CMakeFiles/tfm_s.dir/partitions/ns_agent_tz/psa_api_veneers_v80m.o
                0x0000000000003a54                __acle_se_tfm_psa_close_veneer
 .text.tfm_psa_call_pack
                0x0000000000003a68       0x54 secure_fw/partitions/lib/runtime/libtfm_sprt.a(psa_interface_sfn.o)
                0x0000000000003a68                tfm_psa_call_pack
 .text.verify_header
                0x0000000000003abc       0x40 secure_fw/partitions/crypto/mbedcrypto/nrf_security_src/libcrypto_service_mbedcrypto.a(memory_buffer_alloc.o)
 .text.verify_chain
                0x0000000000003afc       0x3c secure_fw/partitions/crypto/mbedcrypto/nrf_security_src/libcrypto_service_mbedcrypto.a(memory_buffer_alloc.o)
 .text.buffer_alloc_calloc
                0x0000000000003b38       0xf4 secure_fw/partitions/crypto/mbedcrypto/nrf_security_src/libcrypto_service_mbedcrypto.a(memory_buffer_alloc.o)
 .text.buffer_alloc_free
                0x0000000000003c2c       0xe8 secure_fw/partitions/crypto/mbedcrypto/nrf_security_src/libcrypto_service_mbedcrypto.a(memory_buffer_alloc.o)
 .text.mbedtls_memory_buffer_alloc_init
                0x0000000000003d14       0x64 secure_fw/partitions/crypto/mbedcrypto/nrf_security_src/libcrypto_service_mbedcrypto.a(memory_buffer_alloc.o)
                0x0000000000003d14                mbedtls_memory_buffer_alloc_init
 .text.mbedtls_free
                0x0000000000003d78        0xc secure_fw/partitions/crypto/mbedcrypto/nrf_security_src/core/nrf_oberon/liboberon_psa_core.a(platform.o)
                0x0000000000003d78                mbedtls_free
 .text.mbedtls_platform_set_calloc_free
                0x0000000000003d84       0x14 secure_fw/partitions/crypto/mbedcrypto/nrf_security_src/core/nrf_oberon/liboberon_psa_core.a(platform.o)
                0x0000000000003d84                mbedtls_platform_set_calloc_free
 .text.mbedtls_platform_zeroize
                0x0000000000003d98       0x18 secure_fw/partitions/crypto/mbedcrypto/nrf_security_src/core/nrf_oberon/liboberon_psa_core.a(platform_util.o)
                0x0000000000003d98                mbedtls_platform_zeroize
 .text.mbedcrypto__psa_generate_random
                0x0000000000003db0       0x24 secure_fw/partitions/crypto/mbedcrypto/nrf_security_src/core/nrf_oberon/liboberon_psa_core.a(psa_crypto.o)
                0x0000000000003db0                mbedcrypto__psa_generate_random
 .text.mbedtls_psa_crypto_free
                0x0000000000003dd4       0x54 secure_fw/partitions/crypto/mbedcrypto/nrf_security_src/core/nrf_oberon/liboberon_psa_core.a(psa_crypto.o)
                0x0000000000003dd4                mbedtls_psa_crypto_free
 .text.mbedcrypto__psa_crypto_init
                0x0000000000003e28       0x7c secure_fw/partitions/crypto/mbedcrypto/nrf_security_src/core/nrf_oberon/liboberon_psa_core.a(psa_crypto.o)
                0x0000000000003e28                mbedcrypto__psa_crypto_init
 .text.psa_initialize_key_slots
                0x0000000000003ea4       0x10 secure_fw/partitions/crypto/mbedcrypto/nrf_security_src/core/nrf_oberon/liboberon_psa_core.a(psa_crypto_slot_management.o)
                0x0000000000003ea4                psa_initialize_key_slots
 .text.psa_wipe_all_key_slots
                0x0000000000003eb4       0x30 secure_fw/partitions/crypto/mbedcrypto/nrf_security_src/core/nrf_oberon/liboberon_psa_core.a(psa_crypto_slot_management.o)
                0x0000000000003eb4                psa_wipe_all_key_slots
 .text.nrf_cc3xx_platform_init_hmac_drbg
                0x0000000000003ee4       0x44 C:/ncs/v2.8.0/nrfxlib/crypto/nrf_cc312_platform/lib/cortex-m33/hard-float/no-interrupts/libnrf_cc312_platform_0.9.19.a(nrf_cc3xx_platform.c.obj)
                0x0000000000003ee4                nrf_cc3xx_platform_init_hmac_drbg
 .text.nrf_cc3xx_platform_hmac_drbg_init
                0x0000000000003f28       0x60 C:/ncs/v2.8.0/nrfxlib/crypto/nrf_cc312_platform/lib/cortex-m33/hard-float/no-interrupts/libnrf_cc312_platform_0.9.19.a(nrf_cc3xx_platform_hmac_drbg.c.obj)
                0x0000000000003f28                nrf_cc3xx_platform_hmac_drbg_init
 .text.nrf_cc3xx_platform_hmac_drbg_get
                0x0000000000003f88       0x44 C:/ncs/v2.8.0/nrfxlib/crypto/nrf_cc312_platform/lib/cortex-m33/hard-float/no-interrupts/libnrf_cc312_platform_0.9.19.a(nrf_cc3xx_platform_hmac_drbg.c.obj)
                0x0000000000003f88                nrf_cc3xx_platform_hmac_drbg_get
 .text.mbedtls_zeroize_internal
                0x0000000000003fcc       0x14 C:/ncs/v2.8.0/nrfxlib/crypto/nrf_cc312_platform/lib/cortex-m33/hard-float/no-interrupts/libnrf_cc312_platform_0.9.19.a(mbedtls_common.c.obj)
                0x0000000000003fcc                mbedtls_zeroize_internal
 .text.cc_mbedtls_platform_zeroize
                0x0000000000003fe0       0x14 C:/ncs/v2.8.0/nrfxlib/crypto/nrf_cc312_platform/lib/cortex-m33/hard-float/no-interrupts/libnrf_cc312_platform_0.9.19.a(mbedtls_common.c.obj)
                0x0000000000003fe0                cc_mbedtls_platform_zeroize
 .text.entropy_update
                0x0000000000003ff4       0x7c C:/ncs/v2.8.0/nrfxlib/crypto/nrf_cc312_platform/lib/cortex-m33/hard-float/no-interrupts/libnrf_cc312_platform_0.9.19.a(custom_entropy.c.obj)
 .text.entropy_gather_internal.part.0
                0x0000000000004070       0x88 C:/ncs/v2.8.0/nrfxlib/crypto/nrf_cc312_platform/lib/cortex-m33/hard-float/no-interrupts/libnrf_cc312_platform_0.9.19.a(custom_entropy.c.obj)
 .text.cc_mbedtls_entropy_init
                0x00000000000040f8       0x84 C:/ncs/v2.8.0/nrfxlib/crypto/nrf_cc312_platform/lib/cortex-m33/hard-float/no-interrupts/libnrf_cc312_platform_0.9.19.a(custom_entropy.c.obj)
                0x00000000000040f8                cc_mbedtls_entropy_init
 .text.cc_mbedtls_entropy_func
                0x000000000000417c      0x110 C:/ncs/v2.8.0/nrfxlib/crypto/nrf_cc312_platform/lib/cortex-m33/hard-float/no-interrupts/libnrf_cc312_platform_0.9.19.a(custom_entropy.c.obj)
                0x000000000000417c                cc_mbedtls_entropy_func
 .text.cc_hmac_sha256_starts.constprop.0
                0x000000000000428c      0x108 C:/ncs/v2.8.0/nrfxlib/crypto/nrf_cc312_platform/lib/cortex-m33/hard-float/no-interrupts/libnrf_cc312_platform_0.9.19.a(hmac_drbg_alt.c.obj)
 .text.cc_mbedtls_hmac_drbg_init
                0x0000000000004394       0x28 C:/ncs/v2.8.0/nrfxlib/crypto/nrf_cc312_platform/lib/cortex-m33/hard-float/no-interrupts/libnrf_cc312_platform_0.9.19.a(hmac_drbg_alt.c.obj)
                0x0000000000004394                cc_mbedtls_hmac_drbg_init
 .text.cc_mbedtls_hmac_drbg_update
                0x00000000000043bc      0x170 C:/ncs/v2.8.0/nrfxlib/crypto/nrf_cc312_platform/lib/cortex-m33/hard-float/no-interrupts/libnrf_cc312_platform_0.9.19.a(hmac_drbg_alt.c.obj)
                0x00000000000043bc                cc_mbedtls_hmac_drbg_update
 .text.cc_hmac_drbg_reseed_core
                0x000000000000452c       0xac C:/ncs/v2.8.0/nrfxlib/crypto/nrf_cc312_platform/lib/cortex-m33/hard-float/no-interrupts/libnrf_cc312_platform_0.9.19.a(hmac_drbg_alt.c.obj)
 .text.cc_mbedtls_hmac_drbg_seed
                0x00000000000045d8       0x54 C:/ncs/v2.8.0/nrfxlib/crypto/nrf_cc312_platform/lib/cortex-m33/hard-float/no-interrupts/libnrf_cc312_platform_0.9.19.a(hmac_drbg_alt.c.obj)
                0x00000000000045d8                cc_mbedtls_hmac_drbg_seed
 .text.cc_mbedtls_hmac_drbg_random_with_add
                0x000000000000462c      0x144 C:/ncs/v2.8.0/nrfxlib/crypto/nrf_cc312_platform/lib/cortex-m33/hard-float/no-interrupts/libnrf_cc312_platform_0.9.19.a(hmac_drbg_alt.c.obj)
                0x000000000000462c                cc_mbedtls_hmac_drbg_random_with_add
 .text.RndStartupTest.constprop.0
                0x0000000000004770       0xac C:/ncs/v2.8.0/nrfxlib/crypto/nrf_cc312_platform/lib/cortex-m33/hard-float/no-interrupts/libnrf_cc312_platform_0.9.19.a(cc_lib.c.obj)
 .text.CC_LibInit_HMAC_DRBG
                0x000000000000481c       0x74 C:/ncs/v2.8.0/nrfxlib/crypto/nrf_cc312_platform/lib/cortex-m33/hard-float/no-interrupts/libnrf_cc312_platform_0.9.19.a(cc_lib.c.obj)
                0x000000000000481c                CC_LibInit_HMAC_DRBG
 .text.CC_HalInit
                0x0000000000004890        0x4 C:/ncs/v2.8.0/nrfxlib/crypto/nrf_cc312_platform/lib/cortex-m33/hard-float/no-interrupts/libnrf_cc312_platform_0.9.19.a(cc_hal.c.obj)
                0x0000000000004890                CC_HalInit
 .text.CC_HalClearInterruptBit
                0x0000000000004894       0x1c C:/ncs/v2.8.0/nrfxlib/crypto/nrf_cc312_platform/lib/cortex-m33/hard-float/no-interrupts/libnrf_cc312_platform_0.9.19.a(cc_hal.c.obj)
                0x0000000000004894                CC_HalClearInterruptBit
 .text.CC_HalMaskInterrupt
                0x00000000000048b0        0xc C:/ncs/v2.8.0/nrfxlib/crypto/nrf_cc312_platform/lib/cortex-m33/hard-float/no-interrupts/libnrf_cc312_platform_0.9.19.a(cc_hal.c.obj)
                0x00000000000048b0                CC_HalMaskInterrupt
 .text.CC_HalWaitInterrupt
                0x00000000000048bc        0xc C:/ncs/v2.8.0/nrfxlib/crypto/nrf_cc312_platform/lib/cortex-m33/hard-float/no-interrupts/libnrf_cc312_platform_0.9.19.a(cc_hal.c.obj)
                0x00000000000048bc                CC_HalWaitInterrupt
 .text.CC_HalWaitInterruptRND
                0x00000000000048c8        0xc C:/ncs/v2.8.0/nrfxlib/crypto/nrf_cc312_platform/lib/cortex-m33/hard-float/no-interrupts/libnrf_cc312_platform_0.9.19.a(cc_hal.c.obj)
                0x00000000000048c8                CC_HalWaitInterruptRND
 .text.CC_PalInit
                0x00000000000048d4       0x5c C:/ncs/v2.8.0/nrfxlib/crypto/nrf_cc312_platform/lib/cortex-m33/hard-float/no-interrupts/libnrf_cc312_platform_0.9.19.a(cc_pal.c.obj)
                0x00000000000048d4                CC_PalInit
 .text.CC_PalTerminate
                0x0000000000004930       0x34 C:/ncs/v2.8.0/nrfxlib/crypto/nrf_cc312_platform/lib/cortex-m33/hard-float/no-interrupts/libnrf_cc312_platform_0.9.19.a(cc_pal.c.obj)
                0x0000000000004930                CC_PalTerminate
 .text.CC_PalDmaInit
                0x0000000000004964        0x4 C:/ncs/v2.8.0/nrfxlib/crypto/nrf_cc312_platform/lib/cortex-m33/hard-float/no-interrupts/libnrf_cc312_platform_0.9.19.a(cc_pal_dma.c.obj)
                0x0000000000004964                CC_PalDmaInit
 .text.CC_PalDmaTerminate
                0x0000000000004968        0x4 C:/ncs/v2.8.0/nrfxlib/crypto/nrf_cc312_platform/lib/cortex-m33/hard-float/no-interrupts/libnrf_cc312_platform_0.9.19.a(cc_pal_dma.c.obj)
                0x0000000000004968                CC_PalDmaTerminate
 .text.CC_PalWaitInterruptRND
                0x000000000000496c       0x3c C:/ncs/v2.8.0/nrfxlib/crypto/nrf_cc312_platform/lib/cortex-m33/hard-float/no-interrupts/libnrf_cc312_platform_0.9.19.a(cc_pal_interrupt_ctrl.c.obj)
                0x000000000000496c                CC_PalWaitInterruptRND
 .text.CC_PalWaitInterrupt
                0x00000000000049a8       0x28 C:/ncs/v2.8.0/nrfxlib/crypto/nrf_cc312_platform/lib/cortex-m33/hard-float/no-interrupts/libnrf_cc312_platform_0.9.19.a(cc_pal_interrupt_ctrl.c.obj)
                0x00000000000049a8                CC_PalWaitInterrupt
 .text.CC_PalMemCopyPlat
                0x00000000000049d0        0x4 C:/ncs/v2.8.0/nrfxlib/crypto/nrf_cc312_platform/lib/cortex-m33/hard-float/no-interrupts/libnrf_cc312_platform_0.9.19.a(cc_pal_mem.c.obj)
                0x00000000000049d0                CC_PalMemCopyPlat
 .text.CC_PalMemSetZeroPlat
                0x00000000000049d4        0x8 C:/ncs/v2.8.0/nrfxlib/crypto/nrf_cc312_platform/lib/cortex-m33/hard-float/no-interrupts/libnrf_cc312_platform_0.9.19.a(cc_pal_mem.c.obj)
                0x00000000000049d4                CC_PalMemSetZeroPlat
 .text.CC_PalMutexCreate
                0x00000000000049dc       0x14 C:/ncs/v2.8.0/nrfxlib/crypto/nrf_cc312_platform/lib/cortex-m33/hard-float/no-interrupts/libnrf_cc312_platform_0.9.19.a(cc_pal_mutex.c.obj)
                0x00000000000049dc                CC_PalMutexCreate
 .text.CC_PalMutexDestroy
                0x00000000000049f0       0x14 C:/ncs/v2.8.0/nrfxlib/crypto/nrf_cc312_platform/lib/cortex-m33/hard-float/no-interrupts/libnrf_cc312_platform_0.9.19.a(cc_pal_mutex.c.obj)
                0x00000000000049f0                CC_PalMutexDestroy
 .text.CC_PalMutexLock
                0x0000000000004a04       0x10 C:/ncs/v2.8.0/nrfxlib/crypto/nrf_cc312_platform/lib/cortex-m33/hard-float/no-interrupts/libnrf_cc312_platform_0.9.19.a(cc_pal_mutex.c.obj)
                0x0000000000004a04                CC_PalMutexLock
 .text.CC_PalMutexUnlock
                0x0000000000004a14       0x14 C:/ncs/v2.8.0/nrfxlib/crypto/nrf_cc312_platform/lib/cortex-m33/hard-float/no-interrupts/libnrf_cc312_platform_0.9.19.a(cc_pal_mutex.c.obj)
                0x0000000000004a14                CC_PalMutexUnlock
 .text.CC_PalPowerSaveModeInit
                0x0000000000004a28       0x3c C:/ncs/v2.8.0/nrfxlib/crypto/nrf_cc312_platform/lib/cortex-m33/hard-float/no-interrupts/libnrf_cc312_platform_0.9.19.a(cc_pal_pm.c.obj)
                0x0000000000004a28                CC_PalPowerSaveModeInit
 .text.CC_PalPowerSaveModeSelect
                0x0000000000004a64       0x84 C:/ncs/v2.8.0/nrfxlib/crypto/nrf_cc312_platform/lib/cortex-m33/hard-float/no-interrupts/libnrf_cc312_platform_0.9.19.a(cc_pal_pm.c.obj)
                0x0000000000004a64                CC_PalPowerSaveModeSelect
 .text.mutex_init
                0x0000000000004ae8        0xc C:/ncs/v2.8.0/nrfxlib/crypto/nrf_cc312_platform/lib/cortex-m33/hard-float/no-interrupts/libnrf_cc312_platform_0.9.19.a(threading_alt.c.obj)
                0x0000000000004ae8                mutex_init
 .text.mutex_lock
                0x0000000000004af4        0xc C:/ncs/v2.8.0/nrfxlib/crypto/nrf_cc312_platform/lib/cortex-m33/hard-float/no-interrupts/libnrf_cc312_platform_0.9.19.a(threading_alt.c.obj)
                0x0000000000004af4                mutex_lock
 .text.mutex_unlock
                0x0000000000004b00        0xc C:/ncs/v2.8.0/nrfxlib/crypto/nrf_cc312_platform/lib/cortex-m33/hard-float/no-interrupts/libnrf_cc312_platform_0.9.19.a(threading_alt.c.obj)
                0x0000000000004b00                mutex_unlock
 .text.nrf_cc3xx_platform_abort
                0x0000000000004b0c       0x24 C:/ncs/v2.8.0/nrfxlib/crypto/nrf_cc312_platform/lib/cortex-m33/hard-float/no-interrupts/libnrf_cc312_platform_0.9.19.a(nrf_cc3xx_platform_abort.c.obj)
 .text.CC_PalAbort
                0x0000000000004b30       0x44 C:/ncs/v2.8.0/nrfxlib/crypto/nrf_cc312_platform/lib/cortex-m33/hard-float/no-interrupts/libnrf_cc312_platform_0.9.19.a(nrf_cc3xx_platform_abort.c.obj)
                0x0000000000004b30                CC_PalAbort
 .text.mutex_free
                0x0000000000004b74       0x34 C:/ncs/v2.8.0/nrfxlib/crypto/nrf_cc312_platform/lib/cortex-m33/hard-float/no-interrupts/libnrf_cc312_platform_0.9.19.a(nrf_cc3xx_platform_mutex.c.obj)
 .text.mutex_lock
                0x0000000000004ba8       0x48 C:/ncs/v2.8.0/nrfxlib/crypto/nrf_cc312_platform/lib/cortex-m33/hard-float/no-interrupts/libnrf_cc312_platform_0.9.19.a(nrf_cc3xx_platform_mutex.c.obj)
 .text.mutex_unlock
                0x0000000000004bf0       0x38 C:/ncs/v2.8.0/nrfxlib/crypto/nrf_cc312_platform/lib/cortex-m33/hard-float/no-interrupts/libnrf_cc312_platform_0.9.19.a(nrf_cc3xx_platform_mutex.c.obj)
 .text.mutex_init
                0x0000000000004c28       0x20 C:/ncs/v2.8.0/nrfxlib/crypto/nrf_cc312_platform/lib/cortex-m33/hard-float/no-interrupts/libnrf_cc312_platform_0.9.19.a(nrf_cc3xx_platform_mutex.c.obj)
 .text.startTrngHW
                0x0000000000004c48      0x130 C:/ncs/v2.8.0/nrfxlib/crypto/nrf_cc312_platform/lib/cortex-m33/hard-float/no-interrupts/libnrf_cc312_platform_0.9.19.a(llf_rnd_trng90b.c.obj)
 .text.LLF_RND_RepetitionCounterTest
                0x0000000000004d78       0x64 C:/ncs/v2.8.0/nrfxlib/crypto/nrf_cc312_platform/lib/cortex-m33/hard-float/no-interrupts/libnrf_cc312_platform_0.9.19.a(llf_rnd_trng90b.c.obj)
                0x0000000000004d78                LLF_RND_RepetitionCounterTest
 .text.LLF_RND_AdaptiveProportionTest
                0x0000000000004ddc       0x80 C:/ncs/v2.8.0/nrfxlib/crypto/nrf_cc312_platform/lib/cortex-m33/hard-float/no-interrupts/libnrf_cc312_platform_0.9.19.a(llf_rnd_trng90b.c.obj)
                0x0000000000004ddc                LLF_RND_AdaptiveProportionTest
 .text.getTrngSource
                0x0000000000004e5c      0x2a8 C:/ncs/v2.8.0/nrfxlib/crypto/nrf_cc312_platform/lib/cortex-m33/hard-float/no-interrupts/libnrf_cc312_platform_0.9.19.a(llf_rnd_trng90b.c.obj)
 .text.LLF_RND_GetTrngSource
                0x0000000000005104       0x18 C:/ncs/v2.8.0/nrfxlib/crypto/nrf_cc312_platform/lib/cortex-m33/hard-float/no-interrupts/libnrf_cc312_platform_0.9.19.a(llf_rnd_trng90b.c.obj)
                0x0000000000005104                LLF_RND_GetTrngSource
 .text.LLF_RND_RunTrngStartupTest
                0x000000000000511c       0x1c C:/ncs/v2.8.0/nrfxlib/crypto/nrf_cc312_platform/lib/cortex-m33/hard-float/no-interrupts/libnrf_cc312_platform_0.9.19.a(llf_rnd_trng90b.c.obj)
                0x000000000000511c                LLF_RND_RunTrngStartupTest
 .text.mbedtls_hardware_poll
                0x0000000000005138      0x104 C:/ncs/v2.8.0/nrfxlib/crypto/nrf_cc312_platform/lib/cortex-m33/hard-float/no-interrupts/libnrf_cc312_platform_0.9.19.a(trng_api.c.obj)
                0x0000000000005138                mbedtls_hardware_poll
 .text.cc_mbedtls_sha256_init
                0x000000000000523c       0x28 C:/ncs/v2.8.0/nrfxlib/crypto/nrf_cc312_platform/lib/cortex-m33/hard-float/no-interrupts/libnrf_cc312_platform_0.9.19.a(sha256_alt.c.obj)
                0x000000000000523c                cc_mbedtls_sha256_init
 .text.cc_mbedtls_sha256_free
                0x0000000000005264        0xc C:/ncs/v2.8.0/nrfxlib/crypto/nrf_cc312_platform/lib/cortex-m33/hard-float/no-interrupts/libnrf_cc312_platform_0.9.19.a(sha256_alt.c.obj)
                0x0000000000005264                cc_mbedtls_sha256_free
 .text.cc_mbedtls_sha256_starts
                0x0000000000005270       0x28 C:/ncs/v2.8.0/nrfxlib/crypto/nrf_cc312_platform/lib/cortex-m33/hard-float/no-interrupts/libnrf_cc312_platform_0.9.19.a(sha256_alt.c.obj)
                0x0000000000005270                cc_mbedtls_sha256_starts
 .text.cc_mbedtls_sha256_update
                0x0000000000005298       0x54 C:/ncs/v2.8.0/nrfxlib/crypto/nrf_cc312_platform/lib/cortex-m33/hard-float/no-interrupts/libnrf_cc312_platform_0.9.19.a(sha256_alt.c.obj)
                0x0000000000005298                cc_mbedtls_sha256_update
 .text.cc_mbedtls_sha256_finish
                0x00000000000052ec       0x48 C:/ncs/v2.8.0/nrfxlib/crypto/nrf_cc312_platform/lib/cortex-m33/hard-float/no-interrupts/libnrf_cc312_platform_0.9.19.a(sha256_alt.c.obj)
                0x00000000000052ec                cc_mbedtls_sha256_finish
 .text.mbedtls_sha_starts_internal
                0x0000000000005334       0x28 C:/ncs/v2.8.0/nrfxlib/crypto/nrf_cc312_platform/lib/cortex-m33/hard-float/no-interrupts/libnrf_cc312_platform_0.9.19.a(mbedtls_hash_common.c.obj)
                0x0000000000005334                mbedtls_sha_starts_internal
 .text.mbedtls_sha_finish_internal
                0x000000000000535c       0x5c C:/ncs/v2.8.0/nrfxlib/crypto/nrf_cc312_platform/lib/cortex-m33/hard-float/no-interrupts/libnrf_cc312_platform_0.9.19.a(mbedtls_hash_common.c.obj)
                0x000000000000535c                mbedtls_sha_finish_internal
 .text.mbedtls_sha_update_internal
                0x00000000000053b8      0x1ec C:/ncs/v2.8.0/nrfxlib/crypto/nrf_cc312_platform/lib/cortex-m33/hard-float/no-interrupts/libnrf_cc312_platform_0.9.19.a(mbedtls_hash_common.c.obj)
                0x00000000000053b8                mbedtls_sha_update_internal
 .text.cc_mbedtls_sha256
                0x00000000000055a4       0x50 C:/ncs/v2.8.0/nrfxlib/crypto/nrf_cc312_platform/lib/cortex-m33/hard-float/no-interrupts/libnrf_cc312_platform_0.9.19.a(sha256.c.obj)
                0x00000000000055a4                cc_mbedtls_sha256
 .text.RNG_PLAT_SetUserRngParameters
                0x00000000000055f4       0x74 C:/ncs/v2.8.0/nrfxlib/crypto/nrf_cc312_platform/lib/cortex-m33/hard-float/no-interrupts/libnrf_cc312_platform_0.9.19.a(cc_rng_plat.c.obj)
                0x00000000000055f4                RNG_PLAT_SetUserRngParameters
 .text.CC_PalTrngParamGet
                0x0000000000005668       0xac C:/ncs/v2.8.0/nrfxlib/crypto/nrf_cc312_platform/lib/cortex-m33/hard-float/no-interrupts/libnrf_cc312_platform_0.9.19.a(cc_pal_trng.c.obj)
                0x0000000000005668                CC_PalTrngParamGet
 .text.LLF_RND_WaitRngInterrupt
                0x0000000000005714       0x20 C:/ncs/v2.8.0/nrfxlib/crypto/nrf_cc312_platform/lib/cortex-m33/hard-float/no-interrupts/libnrf_cc312_platform_0.9.19.a(llf_rnd.c.obj)
                0x0000000000005714                LLF_RND_WaitRngInterrupt
 .text.LLF_RND_GetRoscSampleCnt
                0x0000000000005734       0x34 C:/ncs/v2.8.0/nrfxlib/crypto/nrf_cc312_platform/lib/cortex-m33/hard-float/no-interrupts/libnrf_cc312_platform_0.9.19.a(llf_rnd.c.obj)
                0x0000000000005734                LLF_RND_GetRoscSampleCnt
 .text.LLF_RND_GetFastestRosc
                0x0000000000005768       0x20 C:/ncs/v2.8.0/nrfxlib/crypto/nrf_cc312_platform/lib/cortex-m33/hard-float/no-interrupts/libnrf_cc312_platform_0.9.19.a(llf_rnd.c.obj)
                0x0000000000005768                LLF_RND_GetFastestRosc
 .text.LLF_RND_TurnOffTrng
                0x0000000000005788       0x24 C:/ncs/v2.8.0/nrfxlib/crypto/nrf_cc312_platform/lib/cortex-m33/hard-float/no-interrupts/libnrf_cc312_platform_0.9.19.a(llf_rnd.c.obj)
                0x0000000000005788                LLF_RND_TurnOffTrng
 .text.SetDataBuffersInfo
                0x00000000000057ac       0x64 C:/ncs/v2.8.0/nrfxlib/crypto/nrf_cc312_platform/lib/cortex-m33/hard-float/no-interrupts/libnrf_cc312_platform_0.9.19.a(driver_common.c.obj)
                0x00000000000057ac                SetDataBuffersInfo
 .text.InitHashDrv
                0x0000000000005810       0x50 C:/ncs/v2.8.0/nrfxlib/crypto/nrf_cc312_platform/lib/cortex-m33/hard-float/no-interrupts/libnrf_cc312_platform_0.9.19.a(hash_driver.c.obj)
                0x0000000000005810                InitHashDrv
 .text.ProcessHashDrv
                0x0000000000005860      0x210 C:/ncs/v2.8.0/nrfxlib/crypto/nrf_cc312_platform/lib/cortex-m33/hard-float/no-interrupts/libnrf_cc312_platform_0.9.19.a(hash_driver.c.obj)
                0x0000000000005860                ProcessHashDrv
 .text.FinishHashDrv
                0x0000000000005a70       0x74 C:/ncs/v2.8.0/nrfxlib/crypto/nrf_cc312_platform/lib/cortex-m33/hard-float/no-interrupts/libnrf_cc312_platform_0.9.19.a(hash_driver.c.obj)
                0x0000000000005a70                FinishHashDrv
 .text.CC_PalDataBufferAttrGet
                0x0000000000005ae4        0x8 C:/ncs/v2.8.0/nrfxlib/crypto/nrf_cc312_platform/lib/cortex-m33/hard-float/no-interrupts/libnrf_cc312_platform_0.9.19.a(cc_pal_buff_attr.c.obj)
                0x0000000000005ae4                CC_PalDataBufferAttrGet
 .text          0x0000000000005aec       0xc8 c:/ncs/toolchains/2d382dcd92/opt/zephyr-sdk/arm-zephyr-eabi/bin/../lib/gcc/arm-zephyr-eabi/12.2.0/thumb/v8-m.main+fp/hard\libgcc.a(cmse.o)
                0x0000000000005aec                cmse_check_address_range
 .text.exit     0x0000000000005bb4       0x28 c:/ncs/toolchains/2d382dcd92/opt/zephyr-sdk/arm-zephyr-eabi/bin/../lib/gcc/arm-zephyr-eabi/12.2.0/../../../../arm-zephyr-eabi/lib/thumb/v8-m.main+fp/hard\libc_nano.a(lib_a-exit.o)
                0x0000000000005bb4                exit
 .text.__libc_init_array
                0x0000000000005bdc       0x48 c:/ncs/toolchains/2d382dcd92/opt/zephyr-sdk/arm-zephyr-eabi/bin/../lib/gcc/arm-zephyr-eabi/12.2.0/../../../../arm-zephyr-eabi/lib/thumb/v8-m.main+fp/hard\libc_nano.a(lib_a-init.o)
                0x0000000000005bdc                __libc_init_array
 .text._exit    0x0000000000005c24        0x4 c:/ncs/toolchains/2d382dcd92/opt/zephyr-sdk/arm-zephyr-eabi/bin/../lib/gcc/arm-zephyr-eabi/12.2.0/../../../../arm-zephyr-eabi/lib/thumb/v8-m.main+fp/hard\libnosys.a(_exit.o)
                0x0000000000005c24                _exit
 .text.clear_caller_context
                0x0000000000005c28       0x5c secure_fw/CMakeFiles/tfm_s.dir/partitions/ns_agent_tz/psa_api_veneers_v80m.o
 .text.C_HardFault_Handler
                0x0000000000005c84        0x4 secure_fw/CMakeFiles/tfm_s.dir/__/platform/ext/common/faults.o
                0x0000000000005c84                C_HardFault_Handler
 .text.HardFault_Handler
                0x0000000000005c88       0x1c secure_fw/CMakeFiles/tfm_s.dir/__/platform/ext/common/faults.o
                0x0000000000005c88                HardFault_Handler
 .text.C_MemManage_Handler
                0x0000000000005ca4        0x4 secure_fw/CMakeFiles/tfm_s.dir/__/platform/ext/common/faults.o
                0x0000000000005ca4                C_MemManage_Handler
 .text.MemManage_Handler
                0x0000000000005ca8       0x1c secure_fw/CMakeFiles/tfm_s.dir/__/platform/ext/common/faults.o
                0x0000000000005ca8                MemManage_Handler
 .text.C_BusFault_Handler
                0x0000000000005cc4        0x4 secure_fw/CMakeFiles/tfm_s.dir/__/platform/ext/common/faults.o
                0x0000000000005cc4                C_BusFault_Handler
 .text.BusFault_Handler
                0x0000000000005cc8       0x1c secure_fw/CMakeFiles/tfm_s.dir/__/platform/ext/common/faults.o
                0x0000000000005cc8                BusFault_Handler
 .text.C_SecureFault_Handler
                0x0000000000005ce4        0x4 secure_fw/CMakeFiles/tfm_s.dir/__/platform/ext/common/faults.o
                0x0000000000005ce4                C_SecureFault_Handler
 .text.SecureFault_Handler
                0x0000000000005ce8       0x1c secure_fw/CMakeFiles/tfm_s.dir/__/platform/ext/common/faults.o
                0x0000000000005ce8                SecureFault_Handler
 .text.C_UsageFault_Handler
                0x0000000000005d04        0x4 secure_fw/CMakeFiles/tfm_s.dir/__/platform/ext/common/faults.o
                0x0000000000005d04                C_UsageFault_Handler
 .text.UsageFault_Handler
                0x0000000000005d08       0x1c secure_fw/CMakeFiles/tfm_s.dir/__/platform/ext/common/faults.o
                0x0000000000005d08                UsageFault_Handler
 .text.memmove  0x0000000000005d24       0x6c secure_fw/partitions/lib/runtime/libtfm_sprt.a(crt_memmove.o)
                0x0000000000005d24                memmove
 .text.memcpy   0x0000000000005d90       0x4a secure_fw/partitions/lib/runtime/libtfm_sprt.a(crt_memcpy.o)
                0x0000000000005d90                memcpy
 .text.memset   0x0000000000005dda       0x46 secure_fw/partitions/lib/runtime/libtfm_sprt.a(crt_memset.o)
                0x0000000000005dda                memset
 .text.psa_framework_version
                0x0000000000005e20       0x18 secure_fw/partitions/lib/runtime/libtfm_sprt.a(psa_interface_sfn.o)
                0x0000000000005e20                psa_framework_version
 .text.psa_version
                0x0000000000005e38       0x1c secure_fw/partitions/lib/runtime/libtfm_sprt.a(psa_interface_sfn.o)
                0x0000000000005e38                psa_version
 .text.psa_read
                0x0000000000005e54       0x2a secure_fw/partitions/lib/runtime/libtfm_sprt.a(psa_interface_sfn.o)
                0x0000000000005e54                psa_read
 .text.psa_write
                0x0000000000005e7e       0x2a secure_fw/partitions/lib/runtime/libtfm_sprt.a(psa_interface_sfn.o)
                0x0000000000005e7e                psa_write
 .text.psa_panic
                0x0000000000005ea8       0x18 secure_fw/partitions/lib/runtime/libtfm_sprt.a(psa_interface_sfn.o)
                0x0000000000005ea8                psa_panic
 .text.platform_calloc_uninit
                0x0000000000005ec0        0x4 secure_fw/partitions/crypto/mbedcrypto/nrf_security_src/core/nrf_oberon/liboberon_psa_core.a(platform.o)
 .text.platform_free_uninit
                0x0000000000005ec4        0x2 secure_fw/partitions/crypto/mbedcrypto/nrf_security_src/core/nrf_oberon/liboberon_psa_core.a(platform.o)
 .text.mbedtls_zeroize_and_free
                0x0000000000005ec6       0x14 secure_fw/partitions/crypto/mbedcrypto/nrf_security_src/core/nrf_oberon/liboberon_psa_core.a(platform_util.o)
                0x0000000000005ec6                mbedtls_zeroize_and_free
 .text.psa_remove_key_data_from_memory
                0x0000000000005eda       0x16 secure_fw/partitions/crypto/mbedcrypto/nrf_security_src/core/nrf_oberon/liboberon_psa_core.a(psa_crypto.o)
                0x0000000000005eda                psa_remove_key_data_from_memory
 .text.psa_wipe_key_slot
                0x0000000000005ef0       0x3a secure_fw/partitions/crypto/mbedcrypto/nrf_security_src/core/nrf_oberon/liboberon_psa_core.a(psa_crypto.o)
                0x0000000000005ef0                psa_wipe_key_slot
 .text.psa_driver_wrapper_init
                0x0000000000005f2a        0x4 secure_fw/partitions/crypto/mbedcrypto/nrf_security_src/core/nrf_oberon/liboberon_psa_core.a(psa_crypto_driver_wrappers.o)
                0x0000000000005f2a                psa_driver_wrapper_init
 .text.psa_driver_wrapper_free
                0x0000000000005f2e        0x2 secure_fw/partitions/crypto/mbedcrypto/nrf_security_src/core/nrf_oberon/liboberon_psa_core.a(psa_crypto_driver_wrappers.o)
                0x0000000000005f2e                psa_driver_wrapper_free
 .text.psa_driver_wrapper_init_random
                0x0000000000005f30        0x4 secure_fw/partitions/crypto/mbedcrypto/nrf_security_src/core/nrf_oberon/liboberon_psa_core.a(psa_crypto_driver_wrappers.o)
                0x0000000000005f30                psa_driver_wrapper_init_random
 .text.psa_driver_wrapper_get_random
                0x0000000000005f34       0x22 secure_fw/partitions/crypto/mbedcrypto/nrf_security_src/core/nrf_oberon/liboberon_psa_core.a(psa_crypto_driver_wrappers.o)
                0x0000000000005f34                psa_driver_wrapper_get_random
 .text.psa_driver_wrapper_free_random
                0x0000000000005f56        0x4 secure_fw/partitions/crypto/mbedcrypto/nrf_security_src/core/nrf_oberon/liboberon_psa_core.a(psa_crypto_driver_wrappers.o)
                0x0000000000005f56                psa_driver_wrapper_free_random
 .text          0x0000000000005f5a       0x5c c:/ncs/toolchains/2d382dcd92/opt/zephyr-sdk/arm-zephyr-eabi/bin/../lib/gcc/arm-zephyr-eabi/12.2.0/thumb/v8-m.main+fp/hard\libgcc.a(cmse_nonsecure_call.o)
                0x0000000000005f5a                __gnu_cmse_nonsecure_call
 *(.init)
 *fill*         0x0000000000005fb6        0x2 
 .init          0x0000000000005fb8        0x4 c:/ncs/toolchains/2d382dcd92/opt/zephyr-sdk/arm-zephyr-eabi/bin/../lib/gcc/arm-zephyr-eabi/12.2.0/thumb/v8-m.main+fp/hard/crti.o
                0x0000000000005fb8                _init
 .init          0x0000000000005fbc        0x8 c:/ncs/toolchains/2d382dcd92/opt/zephyr-sdk/arm-zephyr-eabi/bin/../lib/gcc/arm-zephyr-eabi/12.2.0/thumb/v8-m.main+fp/hard/crtn.o
 *(.fini)
 .fini          0x0000000000005fc4        0x4 c:/ncs/toolchains/2d382dcd92/opt/zephyr-sdk/arm-zephyr-eabi/bin/../lib/gcc/arm-zephyr-eabi/12.2.0/thumb/v8-m.main+fp/hard/crti.o
                0x0000000000005fc4                _fini
 .fini          0x0000000000005fc8        0x8 c:/ncs/toolchains/2d382dcd92/opt/zephyr-sdk/arm-zephyr-eabi/bin/../lib/gcc/arm-zephyr-eabi/12.2.0/thumb/v8-m.main+fp/hard/crtn.o
 *crtbegin.o(.ctors)
 *crtbegin?.o(.ctors)
 *(EXCLUDE_FILE(*crtend.o *crtend?.o) .ctors)
 *(SORT_BY_NAME(.ctors.*))
 *(.ctors)
 *crtbegin.o(.dtors)
 *crtbegin?.o(.dtors)
 *(EXCLUDE_FILE(*crtend.o *crtend?.o) .dtors)
 *(SORT_BY_NAME(.dtors.*))
 *(.dtors)
 *(SORT_BY_ALIGNMENT(.rodata*))
 .rodata.ret_err
                0x0000000000005fd0        0x4 secure_fw/CMakeFiles/tfm_s.dir/partitions/ns_agent_tz/psa_api_veneers_v80m.o
                0x0000000000005fd0                ret_err
 .rodata.CSWTCH.10
                0x0000000000005fd4       0x20 C:/ncs/v2.8.0/nrfxlib/crypto/nrf_cc312_platform/lib/cortex-m33/hard-float/no-interrupts/libnrf_cc312_platform_0.9.19.a(nrf_cc3xx_platform.c.obj)
 .rodata.RndStartupTest.constprop.0.str1.4
                0x0000000000005ff4       0x6f C:/ncs/v2.8.0/nrfxlib/crypto/nrf_cc312_platform/lib/cortex-m33/hard-float/no-interrupts/libnrf_cc312_platform_0.9.19.a(cc_lib.c.obj)
 *fill*         0x0000000000006063        0x1 
 .rodata.CC_PalPowerSaveModeInit.str1.4
                0x0000000000006064       0x20 C:/ncs/v2.8.0/nrfxlib/crypto/nrf_cc312_platform/lib/cortex-m33/hard-float/no-interrupts/libnrf_cc312_platform_0.9.19.a(cc_pal_pm.c.obj)
 .rodata.mutex_free.str1.4
                0x0000000000006084       0x26 C:/ncs/v2.8.0/nrfxlib/crypto/nrf_cc312_platform/lib/cortex-m33/hard-float/no-interrupts/libnrf_cc312_platform_0.9.19.a(nrf_cc3xx_platform_mutex.c.obj)
 *fill*         0x00000000000060aa        0x2 
 .rodata.mutex_init.str1.4
                0x00000000000060ac       0x23 C:/ncs/v2.8.0/nrfxlib/crypto/nrf_cc312_platform/lib/cortex-m33/hard-float/no-interrupts/libnrf_cc312_platform_0.9.19.a(nrf_cc3xx_platform_mutex.c.obj)
 *fill*         0x00000000000060cf        0x1 
 .rodata.mbedtls_hardware_poll.str1.4
                0x00000000000060d0       0x16 C:/ncs/v2.8.0/nrfxlib/crypto/nrf_cc312_platform/lib/cortex-m33/hard-float/no-interrupts/libnrf_cc312_platform_0.9.19.a(trng_api.c.obj)
                                         0x6e (size before relaxing)
 *fill*         0x00000000000060e6        0x2 
 .rodata.cc_mbedtls_sha256_init.str1.4
                0x00000000000060e8        0xe C:/ncs/v2.8.0/nrfxlib/crypto/nrf_cc312_platform/lib/cortex-m33/hard-float/no-interrupts/libnrf_cc312_platform_0.9.19.a(sha256_alt.c.obj)
 .rodata.ProcessHashDrv.str1.4
                0x00000000000060f6       0x6f C:/ncs/v2.8.0/nrfxlib/crypto/nrf_cc312_platform/lib/cortex-m33/hard-float/no-interrupts/libnrf_cc312_platform_0.9.19.a(hash_driver.c.obj)
 *fill*         0x00000000000060f6        0x2 
 .rodata.HASH_LARVAL_SHA256
                0x00000000000060f8       0x20 C:/ncs/v2.8.0/nrfxlib/crypto/nrf_cc312_platform/lib/cortex-m33/hard-float/no-interrupts/libnrf_cc312_platform_0.9.19.a(hash_driver.c.obj)
 .rodata.HASH_LARVAL_SHA224
                0x0000000000006118       0x20 C:/ncs/v2.8.0/nrfxlib/crypto/nrf_cc312_platform/lib/cortex-m33/hard-float/no-interrupts/libnrf_cc312_platform_0.9.19.a(hash_driver.c.obj)
 .rodata.HASH_LARVAL_SHA1
                0x0000000000006138       0x14 C:/ncs/v2.8.0/nrfxlib/crypto/nrf_cc312_platform/lib/cortex-m33/hard-float/no-interrupts/libnrf_cc312_platform_0.9.19.a(hash_driver.c.obj)
 .rodata._global_impure_ptr
                0x000000000000614c        0x4 c:/ncs/toolchains/2d382dcd92/opt/zephyr-sdk/arm-zephyr-eabi/bin/../lib/gcc/arm-zephyr-eabi/12.2.0/../../../../arm-zephyr-eabi/lib/thumb/v8-m.main+fp/hard\libc_nano.a(lib_a-impure.o)
                0x000000000000614c                _global_impure_ptr
 .rodata.str1.1
                0x0000000000006150        0xb secure_fw/CMakeFiles/tfm_s.dir/__/generated/secure_fw/partitions/crypto/auto_generated/load_info_tfm_crypto.o
 .rodata.str1.1
                0x000000000000615b       0x15 secure_fw/CMakeFiles/tfm_s.dir/__/generated/secure_fw/partitions/platform/auto_generated/load_info_tfm_platform.o
 *(.eh_frame*)
 .eh_frame      0x0000000000006170        0x0 c:/ncs/toolchains/2d382dcd92/opt/zephyr-sdk/arm-zephyr-eabi/bin/../lib/gcc/arm-zephyr-eabi/12.2.0/thumb/v8-m.main+fp/hard/crtbegin.o
 .eh_frame      0x0000000000006170        0x4 c:/ncs/toolchains/2d382dcd92/opt/zephyr-sdk/arm-zephyr-eabi/bin/../lib/gcc/arm-zephyr-eabi/12.2.0/thumb/v8-m.main+fp/hard/crtend.o
                0x0000000000006180                . = ALIGN (0x20)
 *fill*         0x0000000000006174        0xc 
                0x00000000000038c0                Image$$TFM_UNPRIV_CODE_START$$RO$$Base = ADDR (.TFM_UNPRIV_CODE)
                0x0000000000006180                Image$$TFM_UNPRIV_CODE_END$$RO$$Limit = (ADDR (.TFM_UNPRIV_CODE) + SIZEOF (.TFM_UNPRIV_CODE))

.rel.dyn        0x0000000000006180        0x0
 .rel.iplt      0x0000000000006180        0x0 c:/ncs/toolchains/2d382dcd92/opt/zephyr-sdk/arm-zephyr-eabi/bin/../lib/gcc/arm-zephyr-eabi/12.2.0/thumb/v8-m.main+fp/hard/crtbegin.o

.gnu.sgstubs    0x0000000000007c00       0x40
 *(.gnu.sgstubs*)
 .gnu.sgstubs.__stub
                0x0000000000007c00       0x28 linker stubs
                0x0000000000007c00                tfm_psa_framework_version_veneer
                0x0000000000007c08                tfm_psa_version_veneer
                0x0000000000007c10                tfm_psa_close_veneer
                0x0000000000007c18                tfm_psa_connect_veneer
                0x0000000000007c20                tfm_psa_call_veneer

.sgstubs_end    0x0000000000008000        0x0
                0x0000000000008000                . = ALIGN (0x20)
                0x0000000000007c40                Image$$PT_RO_END$$Base = .

.tfm_secure_data_start
                0x0000000020000000        0x0
                0x0000000020000000                . = ALIGN (0x4)

.tfm_bl2_shared_data
                0x0000000020000000      0x400
                0x0000000020000400                . = (. + 0x400)
 *fill*         0x0000000020000000      0x400 

.msp_stack      0x0000000020000400      0x7f8
                0x0000000020000bf8                . = (. + (__msp_stack_size__ - 0x8))
 *fill*         0x0000000020000400      0x7f8 
                0x0000000020000400                Image$$ARM_LIB_STACK$$ZI$$Base = ADDR (.msp_stack)
                0x0000000020000bf8                Image$$ARM_LIB_STACK$$ZI$$Limit = (ADDR (.msp_stack) + SIZEOF (.msp_stack))

.msp_stack_seal_res
                0x0000000020000bf8        0x8
                0x0000000020000c00                . = (. + 0x8)
 *fill*         0x0000000020000bf8        0x8 
                0x0000000020000bf8                __StackSeal = ADDR (.msp_stack_seal_res)
                0x0000000020000c00                . = ALIGN (0x20)
                0x0000000020000c00                Image$$TFM_APP_RW_STACK_START$$Base = .

.TFM_APP_ROT_LINKER_DATA
                0x0000000020000c00        0x0 load address 0x0000000000007c40
 *tfm_app_rot_partition*:(SORT_BY_ALIGNMENT(.data*))
 *(TFM_*_APP-ROT_ATTR_RW)
                0x0000000020000c00                . = ALIGN (0x4)
                0x0000000020000c00                Image$$TFM_APP_ROT_LINKER_DATA$$RW$$Base = ADDR (.TFM_APP_ROT_LINKER_DATA)
                0x0000000020000c00                Image$$TFM_APP_ROT_LINKER_DATA$$RW$$Limit = (ADDR (.TFM_APP_ROT_LINKER_DATA) + SIZEOF (.TFM_APP_ROT_LINKER_DATA))

.TFM_APP_ROT_LINKER_BSS
                0x0000000020000c00       0x20
                0x0000000020000c00                start_of_TFM_APP_ROT_LINKER = .
 *tfm_app_rot_partition*:(SORT_BY_ALIGNMENT(.bss*))
 *tfm_app_rot_partition*:*(COMMON)
 *(TFM_*_APP-ROT_ATTR_ZI)
                0x0000000020000c04                . = (. + (. - start_of_TFM_APP_ROT_LINKER)?0x0:0x4)
 *fill*         0x0000000020000c00        0x4 
                0x0000000020000c20                . = ALIGN (0x20)
 *fill*         0x0000000020000c04       0x1c 
                0x0000000020000c00                Image$$TFM_APP_ROT_LINKER_DATA$$ZI$$Base = ADDR (.TFM_APP_ROT_LINKER_BSS)
                0x0000000020000c20                Image$$TFM_APP_ROT_LINKER_DATA$$ZI$$Limit = (ADDR (.TFM_APP_ROT_LINKER_BSS) + SIZEOF (.TFM_APP_ROT_LINKER_BSS))
                0x0000000020000c20                Image$$TFM_APP_RW_STACK_END$$Base = .
                0x0000000020000c20                Image$$TFM_PSA_RW_STACK_START$$Base = .

.TFM_PSA_ROT_LINKER_DATA
                0x0000000020000c20        0x0 load address 0x0000000000007c40