Archive member included to satisfy reference by file (symbol)

app/libapp.a(main.c.obj)      (--whole-archive)
app/libapp.a(bluetooth.c.obj)
                              (--whole-archive)
zephyr/libzephyr.a(crc32c_sw.c.obj)
                              (--whole-archive)
zephyr/libzephyr.a(crc32_sw.c.obj)
                              (--whole-archive)
zephyr/libzephyr.a(crc24_sw.c.obj)
                              (--whole-archive)
zephyr/libzephyr.a(crc16_sw.c.obj)
                              (--whole-archive)
zephyr/libzephyr.a(crc8_sw.c.obj)
                              (--whole-archive)
zephyr/libzephyr.a(crc7_sw.c.obj)
                              (--whole-archive)
zephyr/libzephyr.a(crc4_sw.c.obj)
                              (--whole-archive)
zephyr/libzephyr.a(heap.c.obj)
                              (--whole-archive)
zephyr/libzephyr.a(cbprintf_packaged.c.obj)
                              (--whole-archive)
zephyr/libzephyr.a(printk.c.obj)
                              (--whole-archive)
zephyr/libzephyr.a(sem.c.obj)
                              (--whole-archive)
zephyr/libzephyr.a(thread_entry.c.obj)
                              (--whole-archive)
zephyr/libzephyr.a(cbprintf_complete.c.obj)
                              (--whole-archive)
zephyr/libzephyr.a(assert.c.obj)
                              (--whole-archive)
zephyr/libzephyr.a(mpsc_pbuf.c.obj)
                              (--whole-archive)
zephyr/libzephyr.a(dec.c.obj)
                              (--whole-archive)
zephyr/libzephyr.a(hex.c.obj)
                              (--whole-archive)
zephyr/libzephyr.a(rb.c.obj)  (--whole-archive)
zephyr/libzephyr.a(timeutil.c.obj)
                              (--whole-archive)
zephyr/libzephyr.a(bitarray.c.obj)
                              (--whole-archive)
zephyr/libzephyr.a(onoff.c.obj)
                              (--whole-archive)
zephyr/libzephyr.a(notify.c.obj)
                              (--whole-archive)
zephyr/libzephyr.a(ring_buffer.c.obj)
                              (--whole-archive)
zephyr/libzephyr.a(configs.c.obj)
                              (--whole-archive)
zephyr/libzephyr.a(thread_analyzer.c.obj)
                              (--whole-archive)
zephyr/libzephyr.a(nvs.c.obj)
                              (--whole-archive)
zephyr/libzephyr.a(ipc_service.c.obj)
                              (--whole-archive)
zephyr/libzephyr.a(ipc_rpmsg_static_vrings.c.obj)
                              (--whole-archive)
zephyr/libzephyr.a(ipc_rpmsg.c.obj)
                              (--whole-archive)
zephyr/libzephyr.a(ipc_static_vrings.c.obj)
                              (--whole-archive)
zephyr/libzephyr.a(log_core.c.obj)
                              (--whole-archive)
zephyr/libzephyr.a(log_mgmt.c.obj)
                              (--whole-archive)
zephyr/libzephyr.a(log_cache.c.obj)
                              (--whole-archive)
zephyr/libzephyr.a(log_msg.c.obj)
                              (--whole-archive)
zephyr/libzephyr.a(log_output.c.obj)
                              (--whole-archive)
zephyr/libzephyr.a(mem_attr.c.obj)
                              (--whole-archive)
zephyr/libzephyr.a(flash_map.c.obj)
                              (--whole-archive)
zephyr/libzephyr.a(flash_map_layout.c.obj)
                              (--whole-archive)
zephyr/libzephyr.a(tracing_none.c.obj)
                              (--whole-archive)
zephyr/libzephyr.a(settings_store.c.obj)
                              (--whole-archive)
zephyr/libzephyr.a(settings.c.obj)
                              (--whole-archive)
zephyr/libzephyr.a(settings_init.c.obj)
                              (--whole-archive)
zephyr/libzephyr.a(settings_line.c.obj)
                              (--whole-archive)
zephyr/libzephyr.a(settings_runtime.c.obj)
                              (--whole-archive)
zephyr/libzephyr.a(settings_nvs.c.obj)
                              (--whole-archive)
zephyr/libzephyr.a(kernel_shell.c.obj)
                              (--whole-archive)
zephyr/libzephyr.a(cycles.c.obj)
                              (--whole-archive)
zephyr/libzephyr.a(sleep.c.obj)
                              (--whole-archive)
zephyr/libzephyr.a(uptime.c.obj)
                              (--whole-archive)
zephyr/libzephyr.a(version.c.obj)
                              (--whole-archive)
zephyr/libzephyr.a(log-level.c.obj)
                              (--whole-archive)
zephyr/libzephyr.a(thread.c.obj)
                              (--whole-archive)
zephyr/libzephyr.a(list.c.obj)
                              (--whole-archive)
zephyr/libzephyr.a(stacks.c.obj)
                              (--whole-archive)
zephyr/libzephyr.a(device_service.c.obj)
                              (--whole-archive)
zephyr/libzephyr.a(devmem_service.c.obj)
                              (--whole-archive)
zephyr/libzephyr.a(shell_uart.c.obj)
                              (--whole-archive)
zephyr/libzephyr.a(shell.c.obj)
[...]
Memory Configuration

Name             Origin             Length             Attributes
FLASH            0x0000000000008000 0x00000000000f4000 xr
RAM              0x0000000020008000 0x0000000000068000 xw
IDT_LIST         0x00000000ffff7fff 0x0000000000008000 xw
*default*        0x0000000000000000 0xffffffffffffffff

Linker script and memory map

                0x00000000000210c0                vfprintf = __d_vfprintf
                0x0000000000000000                vfscanf = __d_vfscanf
LOAD zephyr/CMakeFiles/zephyr_pre0.dir/misc/empty_file.c.obj
LOAD zephyr/CMakeFiles/offsets.dir/./arch/arm/core/offsets/offsets.c.obj
LOAD tfm/api_ns/interface/lib/s_veneers.o
LOAD app/libapp.a
LOAD zephyr/libzephyr.a
LOAD zephyr/arch/common/libarch__common.a
LOAD zephyr/arch/arch/arm/core/libarch__arm__core.a
LOAD zephyr/arch/arch/arm/core/cortex_m/libarch__arm__core__cortex_m.a
LOAD zephyr/arch/arch/arm/core/cortex_m/cmse/libarch__arm__core__cortex_m__cmse.a
LOAD zephyr/arch/arch/arm/core/mpu/libarch__arm__core__mpu.a
LOAD zephyr/lib/libc/picolibc/liblib__libc__picolibc.a
LOAD zephyr/lib/libc/common/liblib__libc__common.a
LOAD zephyr/lib/posix/options/liblib__posix__options.a
LOAD zephyr/lib/net_buf/liblib__net_buf.a
LOAD zephyr/soc/soc/nrf5340/libsoc__nordic.a
LOAD zephyr/subsys/random/libsubsys__random.a
LOAD zephyr/subsys/bluetooth/common/libsubsys__bluetooth__common.a
LOAD zephyr/subsys/bluetooth/host/libsubsys__bluetooth__host.a
LOAD zephyr/subsys/bluetooth/crypto/libsubsys__bluetooth__crypto.a
LOAD zephyr/drivers/bluetooth/libdrivers__bluetooth.a
LOAD zephyr/drivers/clock_control/libdrivers__clock_control.a
LOAD zephyr/drivers/console/libdrivers__console.a
LOAD zephyr/drivers/entropy/libdrivers__entropy.a
LOAD zephyr/drivers/flash/libdrivers__flash.a
LOAD zephyr/drivers/gpio/libdrivers__gpio.a
LOAD zephyr/drivers/mbox/libdrivers__mbox.a
LOAD zephyr/drivers/pinctrl/libdrivers__pinctrl.a
LOAD zephyr/drivers/serial/libdrivers__serial.a
LOAD zephyr/drivers/timer/libdrivers__timer.a
LOAD modules/nrf/lib/dk_buttons_and_leds/lib..__nrf__lib__dk_buttons_and_leds.a
LOAD modules/nrf/subsys/nrf_security/src/zephyr/libmbedtls_zephyr.a
LOAD modules/nrf/modules/trusted-firmware-m/lib..__nrf__modules__trusted-firmware-m.a
LOAD modules/nrf/modules/trusted-firmware-m/libtfm_api_nrf.a
LOAD modules/trusted-firmware-m/libtfm_api.a
LOAD modules/hal_nordic/nrfx/libmodules__hal_nordic__nrfx.a
LOAD modules/libmetal/libmetal/lib/libmetal.a
LOAD modules/open-amp/open-amp/lib/libopen_amp.a
LOAD zephyr/kernel/libkernel.a
LOAD c:/ncs/toolchains/2d382dcd92/opt/zephyr-sdk/arm-zephyr-eabi/bin/../lib/gcc/arm-zephyr-eabi/12.2.0/thumb/v8-m.main+fp/hard\libgcc.a
LOAD zephyr/arch/common/libisr_tables.a
LOAD modules/nrf/subsys/nrf_security/src/libmbedcrypto.a
LOAD modules/nrf/subsys/nrf_security/src/libmbedcrypto_base.a
LOAD modules/nrf/subsys/nrf_security/src/libnrf_security_utils.a
LOAD zephyr/kernel/libkernel.a
LOAD C:/ncs/v2.8.0/nrfxlib/crypto/nrf_oberon/lib/cortex-m33/hard-float/liboberon_mbedtls_3.0.15.a
LOAD C:/ncs/v2.8.0/nrfxlib/crypto/nrf_oberon/lib/cortex-m33/hard-float/liboberon_3.0.15.a
LOAD c:\ncs\toolchains\2d382dcd92\opt\zephyr-sdk\arm-zephyr-eabi\bin\../lib/gcc/../../picolibc/arm-zephyr-eabi/lib/thumb/v8-m.main+fp/hard\libc.a
LOAD c:/ncs/toolchains/2d382dcd92/opt/zephyr-sdk/arm-zephyr-eabi/bin/../lib/gcc/arm-zephyr-eabi/12.2.0/thumb/v8-m.main+fp/hard\libgcc.a
                0x0000000000000020                _region_min_align = 0x20

.rel.plt        0x0000000000008000        0x0
 *(SORT_BY_ALIGNMENT(.rel.plt))
                [!provide]                        PROVIDE (__rel_iplt_start = .)
 *(SORT_BY_ALIGNMENT(.rel.iplt))
 .rel.iplt      0x0000000000008000        0x0 app/libapp.a(main.c.obj)
                [!provide]                        PROVIDE (__rel_iplt_end = .)

.rela.plt       0x0000000000000000        0x0
 *(SORT_BY_ALIGNMENT(.rela.plt))
                [!provide]                        PROVIDE (__rela_iplt_start = .)
 *(SORT_BY_ALIGNMENT(.rela.iplt))
                [!provide]                        PROVIDE (__rela_iplt_end = .)

.rel.dyn
 *(SORT_BY_ALIGNMENT(.rel.*))

.rela.dyn
 *(SORT_BY_ALIGNMENT(.rela.*))

/DISCARD/
 *(SORT_BY_ALIGNMENT(.plt))

/DISCARD/
 *(SORT_BY_ALIGNMENT(.iplt))
                0x0000000000008000                __rom_region_start = 0x8000

rom_start       0x0000000000008000      0x154
                0x0000000000008000                __rom_start_address = .
 FILL mask 0x00
                0x0000000000008000                . = (. + (0x0 - (. - __rom_start_address)))
                0x0000000000008000                . = ALIGN (0x4)
                0x0000000000008000                . = ALIGN (0x80)
                0x0000000000008000                . = ALIGN (0x200)
                0x0000000000008000                _vector_start = .
 *(SORT_BY_ALIGNMENT(.exc_vector_table))
 *(SORT_BY_ALIGNMENT(.exc_vector_table.*))
 .exc_vector_table._vector_table_section
                0x0000000000008000       0x40 zephyr/arch/arch/arm/core/cortex_m/libarch__arm__core__cortex_m.a(vector_table.S.obj)
                0x0000000000008000                _vector_table
 *(SORT_BY_ALIGNMENT(.vectors))
                0x0000000000008154                _vector_end = .
                0x0000000000008040                . = ALIGN (0x4)
 *(SORT_BY_ALIGNMENT(.gnu.linkonce.irq_vector_table*))
 .gnu.linkonce.irq_vector_table
                0x0000000000008040      0x114 zephyr/arch/common/libisr_tables.a(isr_tables.c.obj)
                0x0000000000008040                _irq_vector_table
                0x0000000000008154                _vector_end = .

text            0x0000000000008158    0x232d8
                0x0000000000008158                __text_region_start = .
 *(SORT_BY_ALIGNMENT(.text))
 .text          0x0000000000008158      0x378 c:/ncs/toolchains/2d382dcd92/opt/zephyr-sdk/arm-zephyr-eabi/bin/../lib/gcc/arm-zephyr-eabi/12.2.0/thumb/v8-m.main+fp/hard\libgcc.a(_arm_addsubdf3.o)
                0x0000000000008158                __aeabi_drsub
                0x0000000000008160                __aeabi_dsub
                0x0000000000008160                __subdf3
                0x0000000000008164                __aeabi_dadd
                0x0000000000008164                __adddf3
                0x00000000000083dc                __floatunsidf
                0x00000000000083dc                __aeabi_ui2d
                0x00000000000083fc                __floatsidf
                0x00000000000083fc                __aeabi_i2d
                0x0000000000008420                __aeabi_f2d
                0x0000000000008420                __extendsfdf2
                0x0000000000008464                __floatundidf
                0x0000000000008464                __aeabi_ul2d
                0x0000000000008474                __floatdidf
                0x0000000000008474                __aeabi_l2d
 .text          0x00000000000084d0      0x424 c:/ncs/toolchains/2d382dcd92/opt/zephyr-sdk/arm-zephyr-eabi/bin/../lib/gcc/arm-zephyr-eabi/12.2.0/thumb/v8-m.main+fp/hard\libgcc.a(_arm_muldivdf3.o)
                0x00000000000084d0                __aeabi_dmul
                0x00000000000084d0                __muldf3
                0x0000000000008724                __divdf3
                0x0000000000008724                __aeabi_ddiv
 .text          0x00000000000088f4       0x50 c:/ncs/toolchains/2d382dcd92/opt/zephyr-sdk/arm-zephyr-eabi/bin/../lib/gcc/arm-zephyr-eabi/12.2.0/thumb/v8-m.main+fp/hard\libgcc.a(_arm_fixdfsi.o)
                0x00000000000088f4                __aeabi_d2iz
                0x00000000000088f4                __fixdfsi
 .text          0x0000000000008944       0xa0 c:/ncs/toolchains/2d382dcd92/opt/zephyr-sdk/arm-zephyr-eabi/bin/../lib/gcc/arm-zephyr-eabi/12.2.0/thumb/v8-m.main+fp/hard\libgcc.a(_aeabi_ldivmod.o)
                0x0000000000008944                __aeabi_ldivmod
 .text          0x00000000000089e4       0x30 c:/ncs/toolchains/2d382dcd92/opt/zephyr-sdk/arm-zephyr-eabi/bin/../lib/gcc/arm-zephyr-eabi/12.2.0/thumb/v8-m.main+fp/hard\libgcc.a(_aeabi_uldivmod.o)
                0x00000000000089e4                __aeabi_uldivmod
 .text          0x0000000000008a14        0x4 c:/ncs/toolchains/2d382dcd92/opt/zephyr-sdk/arm-zephyr-eabi/bin/../lib/gcc/arm-zephyr-eabi/12.2.0/thumb/v8-m.main+fp/hard\libgcc.a(_dvmd_tls.o)
                0x0000000000008a14                __aeabi_idiv0
                0x0000000000008a14                __aeabi_ldiv0
 .text          0x0000000000008a18      0x29c c:/ncs/toolchains/2d382dcd92/opt/zephyr-sdk/arm-zephyr-eabi/bin/../lib/gcc/arm-zephyr-eabi/12.2.0/thumb/v8-m.main+fp/hard\libgcc.a(_udivmoddi4.o)
                0x0000000000008a18                __udivmoddi4
 .text          0x0000000000008cb4       0x14 c:\ncs\toolchains\2d382dcd92\opt\zephyr-sdk\arm-zephyr-eabi\bin\../lib/gcc/../../picolibc/arm-zephyr-eabi/lib/thumb/v8-m.main+fp/hard\libc.a(strcmp.S.o)
                0x0000000000008cb4                strcmp
 .text          0x0000000000008cc8       0x10 c:\ncs\toolchains\2d382dcd92\opt\zephyr-sdk\arm-zephyr-eabi\bin\../lib/gcc/../../picolibc/arm-zephyr-eabi/lib/thumb/v8-m.main+fp/hard\libc.a(strcpy.S.o)
                0x0000000000008cc8                strcpy
 .text          0x0000000000008cd8       0x10 c:\ncs\toolchains\2d382dcd92\opt\zephyr-sdk\arm-zephyr-eabi\bin\../lib/gcc/../../picolibc/arm-zephyr-eabi/lib/thumb/v8-m.main+fp/hard\libc.a(strlen.S.o)
                0x0000000000008cd8                strlen
 *(SORT_BY_ALIGNMENT(.text.*))
 .text.cmd_kernel_uptime
                0x0000000000008ce8       0xe8 zephyr/libzephyr.a(uptime.c.obj)
 .text.bt_init  0x0000000000008dd0      0x4d4 zephyr/subsys/bluetooth/host/libsubsys__bluetooth__host.a(hci_core.c.obj)
 *fill*         0x00000000000092a4        0x4 
 .text.rtc_nrf_isr
                0x00000000000092a8      0x104 zephyr/drivers/timer/libdrivers__timer.a(nrf_rtc_timer.c.obj)
                0x00000000000092a8                rtc_nrf_isr
 .text.cmd_list_bonds
                0x00000000000093ac       0x20 app/libapp.a(main.c.obj)
 .text.cmd_send_info
                0x00000000000093cc       0x58 app/libapp.a(main.c.obj)
 .text.button_changed
                0x0000000000009424       0x58 app/libapp.a(main.c.obj)
 .text.cmd_print_sensors
                0x000000000000947c      0x268 app/libapp.a(main.c.obj)
 .text.bt_addr_le_to_str.constprop.0.isra.0
                0x00000000000096e4       0x78 app/libapp.a(main.c.obj)
 .text.list_bonds_cb
                0x000000000000975c       0x20 app/libapp.a(main.c.obj)
 .text.cmd_get_address
                0x000000000000977c       0x34 app/libapp.a(main.c.obj)
 .text.cmd_rename_device
                0x00000000000097b0      0x178 app/libapp.a(main.c.obj)
 .text.generate_unique_id
                0x0000000000009928       0x2c app/libapp.a(main.c.obj)
                0x0000000000009928                generate_unique_id
 .text.create_sensor_instance.constprop.0
                0x0000000000009954       0xc4 app/libapp.a(main.c.obj)
 .text.main     0x0000000000009a18      0x640 app/libapp.a(main.c.obj)
                0x0000000000009a18                main
 .text.peer_name_settings_set
                0x000000000000a058       0x98 app/libapp.a(bluetooth.c.obj)
 .text.auth_pairing_confirm
                0x000000000000a0f0       0x38 app/libapp.a(bluetooth.c.obj)
 .text.on_le_data_len_updated
                0x000000000000a128       0x44 app/libapp.a(bluetooth.c.obj)
                0x000000000000a128                on_le_data_len_updated
 .text.on_le_phy_updated
                0x000000000000a16c       0x54 app/libapp.a(bluetooth.c.obj)
                0x000000000000a16c                on_le_phy_updated
 .text.auth_cancel
                0x000000000000a1c0       0x30 app/libapp.a(bluetooth.c.obj)
 .text.bt_addr_le_to_str.constprop.0.isra.0
                0x000000000000a1f0       0x78 app/libapp.a(bluetooth.c.obj)
 .text.ccc_cfg_changed
                0x000000000000a268      0x1b4 app/libapp.a(bluetooth.c.obj)
 .text.pairing_failed
                0x000000000000a41c       0x68 app/libapp.a(bluetooth.c.obj)
 .text.pairing_complete
                0x000000000000a484       0x70 app/libapp.a(bluetooth.c.obj)
 .text.delete_bonds
                0x000000000000a4f4       0x84 app/libapp.a(bluetooth.c.obj)
 .text.security_changed
                0x000000000000a578      0x1a8 app/libapp.a(bluetooth.c.obj)
 .text.on_connected
                0x000000000000a720      0x12c app/libapp.a(bluetooth.c.obj)
                0x000000000000a720                on_connected
 .text.send_data_via_bluetooth
                0x000000000000a84c       0xf0 app/libapp.a(bluetooth.c.obj)
                0x000000000000a84c                send_data_via_bluetooth
 .text.send_device_info
                0x000000000000a93c      0x1c8 app/libapp.a(bluetooth.c.obj)
                0x000000000000a93c                send_device_info
 .text.update_advertising_data
                0x000000000000ab04       0xc4 app/libapp.a(bluetooth.c.obj)
                0x000000000000ab04                update_advertising_data
 .text.bluetooth_init
                0x000000000000abc8      0x1e8 app/libapp.a(bluetooth.c.obj)
                0x000000000000abc8                bluetooth_init
 .text.on_disconnected
                0x000000000000adb0       0xd0 app/libapp.a(bluetooth.c.obj)
                0x000000000000adb0                on_disconnected
 .text.get_device_address
                0x000000000000ae80       0x34 app/libapp.a(bluetooth.c.obj)
                0x000000000000ae80                get_device_address
 .text.on_data_received
                0x000000000000aeb4      0x3c8 app/libapp.a(bluetooth.c.obj)
                0x000000000000aeb4                on_data_received
 .text.write_data
                0x000000000000b27c       0x3c app/libapp.a(bluetooth.c.obj)
 .text.crc8_ccitt
                0x000000000000b2b8       0x2c zephyr/libzephyr.a(crc8_sw.c.obj)
                0x000000000000b2b8                crc8_ccitt
 .text.cbvprintf_package
                0x000000000000b2e4      0x3a4 zephyr/libzephyr.a(cbprintf_packaged.c.obj)
                0x000000000000b2e4                cbvprintf_package
 .text.__printk_hook_install
                0x000000000000b688        0xc zephyr/libzephyr.a(printk.c.obj)
                0x000000000000b688                __printk_hook_install
 .text.z_thread_entry
                0x000000000000b694       0x34 zephyr/libzephyr.a(thread_entry.c.obj)
                0x000000000000b694                z_thread_entry
 .text.process_event
                0x000000000000b6c8      0x21c zephyr/libzephyr.a(onoff.c.obj)
 .text.nvs_recover_last_ate
                0x000000000000b8e4       0x64 zephyr/libzephyr.a(nvs.c.obj)
 .text.nvs_sector_close
                0x000000000000b948       0x58 zephyr/libzephyr.a(nvs.c.obj)
 .text.nvs_mount
                0x000000000000b9a0      0x338 zephyr/libzephyr.a(nvs.c.obj)
                0x000000000000b9a0                nvs_mount
 .text.nvs_write
                0x000000000000bcd8      0x1b8 zephyr/libzephyr.a(nvs.c.obj)
                0x000000000000bcd8                nvs_write
 .text.nvs_read_hist
                0x000000000000be90       0xe0 zephyr/libzephyr.a(nvs.c.obj)
                0x000000000000be90                nvs_read_hist
 .text.ipc_service_open_instance
                0x000000000000bf70       0x64 zephyr/libzephyr.a(ipc_service.c.obj)
                0x000000000000bf70                ipc_service_open_instance
 .text.ipc_service_close_instance
                0x000000000000bfd4       0x64 zephyr/libzephyr.a(ipc_service.c.obj)
                0x000000000000bfd4                ipc_service_close_instance
 .text.ipc_service_register_endpoint
                0x000000000000c038       0x70 zephyr/libzephyr.a(ipc_service.c.obj)
                0x000000000000c038                ipc_service_register_endpoint
 .text.ipc_service_deregister_endpoint
                0x000000000000c0a8       0x90 zephyr/libzephyr.a(ipc_service.c.obj)
                0x000000000000c0a8                ipc_service_deregister_endpoint
 .text.ipc_service_send
                0x000000000000c138       0x94 zephyr/libzephyr.a(ipc_service.c.obj)
                0x000000000000c138                ipc_service_send
 .text.shared_memory_prepare
                0x000000000000c1cc       0x14 zephyr/libzephyr.a(ipc_rpmsg_static_vrings.c.obj)
 .text.advertise_ept
                0x000000000000c1e0       0x44 zephyr/libzephyr.a(ipc_rpmsg_static_vrings.c.obj)
 .text.get_ept  0x000000000000c224       0x28 zephyr/libzephyr.a(ipc_rpmsg_static_vrings.c.obj)
 .text.open     0x000000000000c24c      0x1d0 zephyr/libzephyr.a(ipc_rpmsg_static_vrings.c.obj)
 .text.bound_cb
                0x000000000000c41c       0x30 zephyr/libzephyr.a(ipc_rpmsg_static_vrings.c.obj)
 .text.send     0x000000000000c44c       0x4c zephyr/libzephyr.a(ipc_rpmsg_static_vrings.c.obj)
 .text.register_ept
                0x000000000000c498       0xe0 zephyr/libzephyr.a(ipc_rpmsg_static_vrings.c.obj)
 .text.deregister_ept
                0x000000000000c578       0x44 zephyr/libzephyr.a(ipc_rpmsg_static_vrings.c.obj)
 .text.ns_bind_cb
                0x000000000000c5bc       0x6c zephyr/libzephyr.a(ipc_rpmsg.c.obj)
 .text.ipc_rpmsg_register_ept
                0x000000000000c628       0x3c zephyr/libzephyr.a(ipc_rpmsg.c.obj)
                0x000000000000c628                ipc_rpmsg_register_ept
 .text.ipc_rpmsg_init
                0x000000000000c664       0x70 zephyr/libzephyr.a(ipc_rpmsg.c.obj)
                0x000000000000c664                ipc_rpmsg_init
 .text.ipc_static_vrings_init
                0x000000000000c6d4      0x108 zephyr/libzephyr.a(ipc_static_vrings.c.obj)
                0x000000000000c6d4                ipc_static_vrings_init
 .text.z_log_init.isra.0
                0x000000000000c7dc       0xd0 zephyr/libzephyr.a(log_core.c.obj)
 .text.log_set_timestamp_func
                0x000000000000c8ac       0x20 zephyr/libzephyr.a(log_core.c.obj)
                0x000000000000c8ac                log_set_timestamp_func
 .text.log_core_init
                0x000000000000c8cc       0x34 zephyr/libzephyr.a(log_core.c.obj)
                0x000000000000c8cc                log_core_init
 .text.z_impl_log_panic
                0x000000000000c900       0x3c zephyr/libzephyr.a(log_core.c.obj)
                0x000000000000c900                z_impl_log_panic
 .text.z_log_dropped
                0x000000000000c93c       0x28 zephyr/libzephyr.a(log_core.c.obj)
                0x000000000000c93c                z_log_dropped
 .text.z_log_msg_commit
                0x000000000000c964       0x6c zephyr/libzephyr.a(log_core.c.obj)
                0x000000000000c964                z_log_msg_commit
 .text.log_source_name_get
                0x000000000000c9d0       0x1c zephyr/libzephyr.a(log_mgmt.c.obj)
                0x000000000000c9d0                log_source_name_get
 .text.z_log_runtime_filters_init
                0x000000000000c9ec       0x3c zephyr/libzephyr.a(log_mgmt.c.obj)
                0x000000000000c9ec                z_log_runtime_filters_init
 .text.log_source_id_get
                0x000000000000ca28       0x38 zephyr/libzephyr.a(log_mgmt.c.obj)
                0x000000000000ca28                log_source_id_get
 .text.filter_set
                0x000000000000ca60       0xbc zephyr/libzephyr.a(log_mgmt.c.obj)
                0x000000000000ca60                filter_set
 .text.backend_filter_set
                0x000000000000cb1c       0x30 zephyr/libzephyr.a(log_mgmt.c.obj)
 .text.log_backend_enable
                0x000000000000cb4c       0x34 zephyr/libzephyr.a(log_mgmt.c.obj)
                0x000000000000cb4c                log_backend_enable
 .text.log_filter_get
                0x000000000000cb80       0x4c zephyr/libzephyr.a(log_mgmt.c.obj)
                0x000000000000cb80                log_filter_get
 .text.z_log_msg_runtime_vcreate
                0x000000000000cbcc       0xb4 zephyr/libzephyr.a(log_msg.c.obj)
                0x000000000000cbcc                z_log_msg_runtime_vcreate
 .text.log_msg_get_source_id
                0x000000000000cc80       0x18 zephyr/libzephyr.a(log_msg.c.obj)
                0x000000000000cc80                log_msg_get_source_id
 .text.print_formatted
                0x000000000000cc98       0x24 zephyr/libzephyr.a(log_output.c.obj)
 .text.newline_print
                0x000000000000ccbc       0x1c zephyr/libzephyr.a(log_output.c.obj)
 .text.log_output_process
                0x000000000000ccd8      0x2e0 zephyr/libzephyr.a(log_output.c.obj)
                0x000000000000ccd8                log_output_process
 .text.log_output_timestamp_freq_set
                0x000000000000cfb8       0x2c zephyr/libzephyr.a(log_output.c.obj)
                0x000000000000cfb8                log_output_timestamp_freq_set
 .text.mem_attr_get_regions
                0x000000000000cfe4        0xc zephyr/libzephyr.a(mem_attr.c.obj)
                0x000000000000cfe4                mem_attr_get_regions
 .text.flash_area_open
                0x000000000000cff0       0x50 zephyr/libzephyr.a(flash_map.c.obj)
                0x000000000000cff0                flash_area_open
 .text.flash_area_get_sectors
                0x000000000000d040       0x60 zephyr/libzephyr.a(flash_map_layout.c.obj)
                0x000000000000d040                flash_area_get_sectors
 .text.settings_save_one
                0x000000000000d0a0       0x4c zephyr/libzephyr.a(settings_store.c.obj)
                0x000000000000d0a0                settings_save_one
 .text.settings_src_register
                0x000000000000d0ec       0x1c zephyr/libzephyr.a(settings_store.c.obj)
                0x000000000000d0ec                settings_src_register
 .text.settings_dst_register
                0x000000000000d108        0xc zephyr/libzephyr.a(settings_store.c.obj)
                0x000000000000d108                settings_dst_register
 .text.settings_load_subtree
                0x000000000000d114       0x4c zephyr/libzephyr.a(settings_store.c.obj)
                0x000000000000d114                settings_load_subtree
 .text.settings_store_init
                0x000000000000d160       0x10 zephyr/libzephyr.a(settings_store.c.obj)
                0x000000000000d160                settings_store_init
 .text.z_log_msg_runtime_create.constprop.0
                0x000000000000d170       0x24 zephyr/libzephyr.a(settings.c.obj)
 .text.settings_init
                0x000000000000d194       0x10 zephyr/libzephyr.a(settings.c.obj)
                0x000000000000d194                settings_init
 .text.settings_parse_and_lookup
                0x000000000000d1a4       0x98 zephyr/libzephyr.a(settings.c.obj)
                0x000000000000d1a4                settings_parse_and_lookup
 .text.settings_call_set_handler
                0x000000000000d23c       0x98 zephyr/libzephyr.a(settings.c.obj)
                0x000000000000d23c                settings_call_set_handler
 .text.settings_commit_subtree
                0x000000000000d2d4       0x70 zephyr/libzephyr.a(settings.c.obj)
                0x000000000000d2d4                settings_commit_subtree
 .text.settings_subsys_init
                0x000000000000d344       0x3c zephyr/libzephyr.a(settings_init.c.obj)
                0x000000000000d344                settings_subsys_init
 .text.settings_nvs_load
                0x000000000000d380       0xbc zephyr/libzephyr.a(settings_nvs.c.obj)
 .text.settings_backend_init
                0x000000000000d43c       0x84 zephyr/libzephyr.a(settings_nvs.c.obj)
                0x000000000000d43c                settings_backend_init
 .text.cmd_kernel_cycles
                0x000000000000d4c0       0x1c zephyr/libzephyr.a(cycles.c.obj)
 .text.cmd_kernel_sleep
                0x000000000000d4dc       0x50 zephyr/libzephyr.a(sleep.c.obj)
 .text.cmd_kernel_version
                0x000000000000d52c       0x18 zephyr/libzephyr.a(version.c.obj)
 .text.cmd_kernel_log_level_set
                0x000000000000d544       0x7c zephyr/libzephyr.a(log-level.c.obj)
 .text.cmd_kernel_thread_list
                0x000000000000d5c0       0x34 zephyr/libzephyr.a(list.c.obj)
 .text.shell_tdata_dump
                0x000000000000d5f4      0x110 zephyr/libzephyr.a(list.c.obj)
 .text.cmd_kernel_thread_stacks
                0x000000000000d704       0x70 zephyr/libzephyr.a(stacks.c.obj)
 .text.shell_stack_dump
                0x000000000000d774       0x60 zephyr/libzephyr.a(stacks.c.obj)
 .text.cmd_device_list
                0x000000000000d7d4       0x8c zephyr/libzephyr.a(device_service.c.obj)
 .text.cmd_devmem
                0x000000000000d860       0xc4 zephyr/libzephyr.a(devmem_service.c.obj)
 .text.cmd_dump
                0x000000000000d924      0x198 zephyr/libzephyr.a(devmem_service.c.obj)
 .text.set_bypass.isra.0
                0x000000000000dabc       0x4c zephyr/libzephyr.a(devmem_service.c.obj)
 .text.bypass_cb
                0x000000000000db08      0x114 zephyr/libzephyr.a(devmem_service.c.obj)
 .text.cmd_load
                0x000000000000dc1c       0xd8 zephyr/libzephyr.a(devmem_service.c.obj)
 .text.z_log_msg_runtime_create.constprop.0
                0x000000000000dcf4       0x24 zephyr/libzephyr.a(shell_uart.c.obj)
 .text.enable_shell_uart
                0x000000000000dd18       0x38 zephyr/libzephyr.a(shell_uart.c.obj)
 .text.init     0x000000000000dd50       0x60 zephyr/libzephyr.a(shell_uart.c.obj)
 .text.uart_callback
                0x000000000000ddb0      0x108 zephyr/libzephyr.a(shell_uart.c.obj)
 .text.shell_internal_help_print
                0x000000000000deb8       0x20 zephyr/libzephyr.a(shell.c.obj)
 .text.kill_handler
                0x000000000000ded8       0x54 zephyr/libzephyr.a(shell.c.obj)
 .text.z_cursor_next_line_move.isra.0
                0x000000000000df2c        0xc zephyr/libzephyr.a(shell.c.obj)
 .text.history_handle
                0x000000000000df38       0xac zephyr/libzephyr.a(shell.c.obj)
 .text.execute  0x000000000000dfe4      0x2c8 zephyr/libzephyr.a(shell.c.obj)
 .text.state_set.constprop.0
                0x000000000000e2ac       0x4c zephyr/libzephyr.a(shell.c.obj)
 .text.shell_process
                0x000000000000e2f8      0x6b8 zephyr/libzephyr.a(shell.c.obj)
                0x000000000000e2f8                shell_process
 .text.shell_thread
                0x000000000000e9b0       0xd8 zephyr/libzephyr.a(shell.c.obj)
                0x000000000000e9b0                shell_thread
 .text.cmd_help
                0x000000000000ea88       0x44 zephyr/libzephyr.a(shell.c.obj)
 .text.shell_hexdump_line
                0x000000000000eacc       0xcc zephyr/libzephyr.a(shell.c.obj)
                0x000000000000eacc                shell_hexdump_line
 .text.shell_init
                0x000000000000eb98       0xe8 zephyr/libzephyr.a(shell.c.obj)
                0x000000000000eb98                shell_init
 .text.z_shell_fprintf_fmt
                0x000000000000ec80       0x28 zephyr/libzephyr.a(shell_fprintf.c.obj)
                0x000000000000ec80                z_shell_fprintf_fmt
 .text.z_shell_cmd_get
                0x000000000000eca8       0x74 zephyr/libzephyr.a(shell_utils.c.obj)
                0x000000000000eca8                z_shell_cmd_get
 .text.shell_strtoul
                0x000000000000ed1c       0x54 zephyr/libzephyr.a(shell_utils.c.obj)
                0x000000000000ed1c                shell_strtoul
 .text.z_clear_eos
                0x000000000000ed70       0x18 zephyr/libzephyr.a(shell_ops.c.obj)
 .text.z_cursor_next_line_move.isra.0
                0x000000000000ed88        0xc zephyr/libzephyr.a(shell_ops.c.obj)
 .text.z_shell_op_cursor_vert_move
                0x000000000000ed94       0x2c zephyr/libzephyr.a(shell_ops.c.obj)
                0x000000000000ed94                z_shell_op_cursor_vert_move
 .text.z_shell_op_cursor_horiz_move
                0x000000000000edc0       0x2c zephyr/libzephyr.a(shell_ops.c.obj)
                0x000000000000edc0                z_shell_op_cursor_horiz_move
 .text.z_shell_print_cmd
                0x000000000000edec       0x78 zephyr/libzephyr.a(shell_ops.c.obj)
                0x000000000000edec                z_shell_print_cmd
 .text.z_shell_vt100_color_set
                0x000000000000ee64       0x40 zephyr/libzephyr.a(shell_ops.c.obj)
                0x000000000000ee64                z_shell_vt100_color_set
 .text.z_shell_vt100_colors_restore
                0x000000000000eea4       0x3c zephyr/libzephyr.a(shell_ops.c.obj)
                0x000000000000eea4                z_shell_vt100_colors_restore
 .text.z_shell_op_word_remove
                0x000000000000eee0       0xc8 zephyr/libzephyr.a(shell_ops.c.obj)
                0x000000000000eee0                z_shell_op_word_remove
 .text.reprint_from_cursor
                0x000000000000efa8       0x7c zephyr/libzephyr.a(shell_ops.c.obj)
 .text.z_shell_op_char_insert
                0x000000000000f024       0x70 zephyr/libzephyr.a(shell_ops.c.obj)
                0x000000000000f024                z_shell_op_char_insert
 .text.z_shell_print_prompt_and_cmd
                0x000000000000f094       0x30 zephyr/libzephyr.a(shell_ops.c.obj)
                0x000000000000f094                z_shell_print_prompt_and_cmd
 .text.z_cursor_next_line_move.isra.0
                0x000000000000f0c4        0xc zephyr/libzephyr.a(shell_help.c.obj)
 .text.z_shell_help_subcmd_print
                0x000000000000f0d0       0xb4 zephyr/libzephyr.a(shell_help.c.obj)
                0x000000000000f0d0                z_shell_help_subcmd_print
 .text.z_shell_help_cmd_print
                0x000000000000f184       0x40 zephyr/libzephyr.a(shell_help.c.obj)
                0x000000000000f184                z_shell_help_cmd_print
 .text.z_shell_help_request
                0x000000000000f1c4       0x28 zephyr/libzephyr.a(shell_help.c.obj)
                0x000000000000f1c4                z_shell_help_request
 .text.cmd_resize_default
                0x000000000000f1ec       0x2c zephyr/libzephyr.a(shell_cmds.c.obj)
 .text.cmd_shell_stats_show
                0x000000000000f218       0x14 zephyr/libzephyr.a(shell_cmds.c.obj)
 .text.cmd_backends
                0x000000000000f22c       0x4c zephyr/libzephyr.a(shell_cmds.c.obj)
 .text.cmd_prompt_off
                0x000000000000f278       0x10 zephyr/libzephyr.a(shell_cmds.c.obj)
 .text.cmd_history
                0x000000000000f288       0x40 zephyr/libzephyr.a(shell_cmds.c.obj)
 .text.cmd_get_retval
                0x000000000000f2c8       0x1c zephyr/libzephyr.a(shell_cmds.c.obj)
 .text.cmd_echo
                0x000000000000f2e4       0x50 zephyr/libzephyr.a(shell_cmds.c.obj)
 .text.cmd_clear
                0x000000000000f334       0x34 zephyr/libzephyr.a(shell_cmds.c.obj)
 .text.cmd_resize
                0x000000000000f368      0x1a0 zephyr/libzephyr.a(shell_cmds.c.obj)
 .text.z_shell_wildcard_process
                0x000000000000f508       0xe4 zephyr/libzephyr.a(shell_wildcard.c.obj)
                0x000000000000f508                z_shell_wildcard_process
 .text.boot_banner
                0x000000000000f5ec       0x1c zephyr/libzephyr.a(banner.c.obj)
                0x000000000000f5ec                boot_banner
 .text.sub_bytes
                0x000000000000f608       0x18 zephyr/libzephyr.a(aes_encrypt.c.obj)
 .text.tc_aes128_set_encrypt_key
                0x000000000000f620       0xa8 zephyr/libzephyr.a(aes_encrypt.c.obj)
                0x000000000000f620                tc_aes128_set_encrypt_key
 .text.compress
                0x000000000000f6c8      0x1c4 zephyr/libzephyr.a(sha256.c.obj)
 .text.tc_sha256_init
                0x000000000000f88c       0x58 zephyr/libzephyr.a(sha256.c.obj)
                0x000000000000f88c                tc_sha256_init
 .text.z_arm_fatal_error
                0x000000000000f8e4      0x160 zephyr/arch/arch/arm/core/libarch__arm__core.a(fatal.c.obj)
                0x000000000000f8e4                z_arm_fatal_error
 .text.z_SysNmiOnReset
                0x000000000000fa44        0x8 zephyr/arch/arch/arm/core/libarch__arm__core.a(nmi_on_reset.S.obj)
                0x000000000000fa44                z_SysNmiOnReset
 .text.arch_tls_stack_setup
                0x000000000000fa4c       0x40 zephyr/arch/arch/arm/core/libarch__arm__core.a(tls.c.obj)
                0x000000000000fa4c                arch_tls_stack_setup
 .text._HandlerModeExit
                0x000000000000fa8c       0x28 zephyr/arch/arch/arm/core/cortex_m/libarch__arm__core__cortex_m.a(exc_exit.c.obj)
                0x000000000000fa8c                z_arm_int_exit
                0x000000000000fa8c                z_arm_exc_exit
 .text.mem_manage_fault.constprop.0
                0x000000000000fab4      0x15c zephyr/arch/arch/arm/core/cortex_m/libarch__arm__core__cortex_m.a(fault.c.obj)
 .text.bus_fault.constprop.0
                0x000000000000fc10      0x16c zephyr/arch/arch/arm/core/cortex_m/libarch__arm__core__cortex_m.a(fault.c.obj)
 .text.usage_fault.constprop.0
                0x000000000000fd7c      0x15c zephyr/arch/arch/arm/core/cortex_m/libarch__arm__core__cortex_m.a(fault.c.obj)
 .text.z_arm_fault
                0x000000000000fed8      0x248 zephyr/arch/arch/arm/core/cortex_m/libarch__arm__core__cortex_m.a(fault.c.obj)
                0x000000000000fed8                z_arm_fault
 .text.z_arm_fault_init
                0x0000000000010120       0x20 zephyr/arch/arch/arm/core/cortex_m/libarch__arm__core__cortex_m.a(fault.c.obj)
                0x0000000000010120                z_arm_fault_init
 .text.__fault  0x0000000000010140       0x14 zephyr/arch/arch/arm/core/cortex_m/libarch__arm__core__cortex_m.a(fault_s.S.obj)
                0x0000000000010140                z_arm_usage_fault
                0x0000000000010140                z_arm_mpu_fault
                0x0000000000010140                z_arm_exc_spurious
                0x0000000000010140                z_arm_debug_monitor
                0x0000000000010140                z_arm_hard_fault
                0x0000000000010140                z_arm_bus_fault
 .text._reset_section
                0x0000000000010154       0x6c zephyr/arch/arch/arm/core/cortex_m/libarch__arm__core__cortex_m.a(reset.S.obj)
                0x0000000000010154                __start
                0x0000000000010154                z_arm_reset
 .text.z_arm_clear_arm_mpu_config
                0x00000000000101c0       0x24 zephyr/arch/arch/arm/core/cortex_m/libarch__arm__core__cortex_m.a(scb.c.obj)
                0x00000000000101c0                z_arm_clear_arm_mpu_config
 .text.z_arm_init_arch_hw_at_boot
                0x00000000000101e4       0x4c zephyr/arch/arch/arm/core/cortex_m/libarch__arm__core__cortex_m.a(scb.c.obj)
                0x00000000000101e4                z_arm_init_arch_hw_at_boot
 .text.z_impl_k_thread_abort
                0x0000000000010230       0x2c zephyr/arch/arch/arm/core/cortex_m/libarch__arm__core__cortex_m.a(thread_abort.c.obj)
                0x0000000000010230                z_impl_k_thread_abort
 .text.arch_swap
                0x000000000001025c       0x34 zephyr/arch/arch/arm/core/cortex_m/libarch__arm__core__cortex_m.a(swap.c.obj)
                0x000000000001025c                arch_swap
 .text.z_arm_pendsv_c
                0x0000000000010290       0x54 zephyr/arch/arch/arm/core/cortex_m/libarch__arm__core__cortex_m.a(swap.c.obj)
                0x0000000000010290                z_arm_pendsv_c
 .text.z_arm_pendsv
                0x00000000000102e4       0x90 zephyr/arch/arch/arm/core/cortex_m/libarch__arm__core__cortex_m.a(swap_helper.S.obj)
                0x00000000000102e4                z_arm_pendsv
 .text.z_arm_svc
                0x0000000000010374       0x20 zephyr/arch/arch/arm/core/cortex_m/libarch__arm__core__cortex_m.a(swap_helper.S.obj)
                0x0000000000010374                z_arm_svc
 .text.arch_irq_enable
                0x0000000000010394       0x1c zephyr/arch/arch/arm/core/cortex_m/libarch__arm__core__cortex_m.a(irq_manage.c.obj)
                0x0000000000010394                arch_irq_enable
 .text.arch_irq_disable
                0x00000000000103b0       0x28 zephyr/arch/arch/arm/core/cortex_m/libarch__arm__core__cortex_m.a(irq_manage.c.obj)
                0x00000000000103b0                arch_irq_disable
 .text.arch_irq_is_enabled
                0x00000000000103d8       0x1c zephyr/arch/arch/arm/core/cortex_m/libarch__arm__core__cortex_m.a(irq_manage.c.obj)
                0x00000000000103d8                arch_irq_is_enabled
 .text.z_arm_irq_priority_set
                0x00000000000103f4       0x2c zephyr/arch/arch/arm/core/cortex_m/libarch__arm__core__cortex_m.a(irq_manage.c.obj)
                0x00000000000103f4                z_arm_irq_priority_set
 .text.z_prep_c
                0x0000000000010420       0x5c zephyr/arch/arch/arm/core/cortex_m/libarch__arm__core__cortex_m.a(prep_c.c.obj)
                0x0000000000010420                z_prep_c
 .text.arch_new_thread
                0x000000000001047c       0x40 zephyr/arch/arch/arm/core/cortex_m/libarch__arm__core__cortex_m.a(thread.c.obj)
                0x000000000001047c                arch_new_thread
 .text.arch_float_disable
                0x00000000000104bc       0x48 zephyr/arch/arch/arm/core/cortex_m/libarch__arm__core__cortex_m.a(thread.c.obj)
                0x00000000000104bc                arch_float_disable
 .text.arch_switch_to_main_thread
                0x0000000000010504       0x6c zephyr/arch/arch/arm/core/cortex_m/libarch__arm__core__cortex_m.a(thread.c.obj)
                0x0000000000010504                arch_switch_to_main_thread
 .text.z_arm_cpu_idle_init
                0x0000000000010570        0xc zephyr/arch/arch/arm/core/cortex_m/libarch__arm__core__cortex_m.a(cpu_idle.c.obj)
                0x0000000000010570                z_arm_cpu_idle_init
 .text.z_arm_interrupt_init
                0x000000000001057c       0x18 zephyr/arch/arch/arm/core/cortex_m/libarch__arm__core__cortex_m.a(irq_init.c.obj)
                0x000000000001057c                z_arm_interrupt_init
 .text._isr_wrapper
                0x0000000000010594       0x24 zephyr/arch/arch/arm/core/cortex_m/libarch__arm__core__cortex_m.a(isr_wrapper.c.obj)
                0x0000000000010594                _isr_wrapper
 .text.z_arm_configure_static_mpu_regions
                0x00000000000105b8       0x38 zephyr/arch/arch/arm/core/mpu/libarch__arm__core__mpu.a(arm_core_mpu.c.obj)
                0x00000000000105b8                z_arm_configure_static_mpu_regions
 .text.region_init
                0x00000000000105f0       0x34 zephyr/arch/arch/arm/core/mpu/libarch__arm__core__mpu.a(arm_mpu.c.obj)
 .text.region_allocate_and_init
                0x0000000000010624       0x48 zephyr/arch/arch/arm/core/mpu/libarch__arm__core__mpu.a(arm_mpu.c.obj)
 .text.mpu_configure_regions_and_partition.constprop.0
                0x000000000001066c      0x17c zephyr/arch/arch/arm/core/mpu/libarch__arm__core__mpu.a(arm_mpu.c.obj)
 .text.arm_core_mpu_enable
                0x00000000000107e8       0x18 zephyr/arch/arch/arm/core/mpu/libarch__arm__core__mpu.a(arm_mpu.c.obj)
                0x00000000000107e8                arm_core_mpu_enable
 .text.arm_core_mpu_disable
                0x0000000000010800       0x14 zephyr/arch/arch/arm/core/mpu/libarch__arm__core__mpu.a(arm_mpu.c.obj)
                0x0000000000010800                arm_core_mpu_disable
 .text.arm_core_mpu_configure_static_mpu_regions
                0x0000000000010814       0x14 zephyr/arch/arch/arm/core/mpu/libarch__arm__core__mpu.a(arm_mpu.c.obj)
                0x0000000000010814                arm_core_mpu_configure_static_mpu_regions
 .text.arm_core_mpu_mark_areas_for_dynamic_regions
                0x0000000000010828       0xb8 zephyr/arch/arch/arm/core/mpu/libarch__arm__core__mpu.a(arm_mpu.c.obj)
                0x0000000000010828                arm_core_mpu_mark_areas_for_dynamic_regions
 .text.z_arm_mpu_init
                0x00000000000108e0      0x11c zephyr/arch/arch/arm/core/mpu/libarch__arm__core__mpu.a(arm_mpu.c.obj)
                0x00000000000108e0                z_arm_mpu_init
 .text.z_impl_zephyr_fputc
                0x00000000000109fc       0x10 zephyr/lib/libc/picolibc/liblib__libc__picolibc.a(libc-hooks.c.obj)
                0x00000000000109fc                z_impl_zephyr_fputc
 .text.__stdout_hook_install
                0x0000000000010a0c       0x18 zephyr/lib/libc/picolibc/liblib__libc__picolibc.a(libc-hooks.c.obj)
                0x0000000000010a0c                __stdout_hook_install
 .text.cbvprintf
                0x0000000000010a24       0x38 zephyr/lib/libc/picolibc/liblib__libc__picolibc.a(libc-hooks.c.obj)
                0x0000000000010a24                cbvprintf
 .text.malloc_prepare
                0x0000000000010a5c       0x24 zephyr/lib/libc/common/liblib__libc__common.a(malloc.c.obj)
 .text.getopt_init
                0x0000000000010a80       0x48 zephyr/lib/posix/options/liblib__posix__options.a(getopt.c.obj)
                0x0000000000010a80                getopt_init
 .text.getopt   0x0000000000010ac8       0xf8 zephyr/lib/posix/options/liblib__posix__options.a(getopt.c.obj)
                0x0000000000010ac8                getopt
 .text.z_getopt_global_state_update
                0x0000000000010bc0       0x34 zephyr/lib/posix/options/liblib__posix__options.a(getopt_common.c.obj)
                0x0000000000010bc0                z_getopt_global_state_update
 .text.getopt_state_get
                0x0000000000010bf4        0x8 zephyr/lib/posix/options/liblib__posix__options.a(getopt_common.c.obj)
                0x0000000000010bf4                getopt_state_get
 .text.net_buf_destroy
                0x0000000000010bfc       0x38 zephyr/lib/net_buf/liblib__net_buf.a(buf.c.obj)
 .text.net_buf_pool_get
                0x0000000000010c34       0x10 zephyr/lib/net_buf/liblib__net_buf.a(buf.c.obj)
                0x0000000000010c34                net_buf_pool_get
 .text.net_buf_id
                0x0000000000010c44       0x20 zephyr/lib/net_buf/liblib__net_buf.a(buf.c.obj)
                0x0000000000010c44                net_buf_id
 .text.fixed_data_alloc
                0x0000000000010c64       0x24 zephyr/lib/net_buf/liblib__net_buf.a(buf.c.obj)
 .text.net_buf_alloc_len
                0x0000000000010c88      0x124 zephyr/lib/net_buf/liblib__net_buf.a(buf.c.obj)
                0x0000000000010c88                net_buf_alloc_len
 .text.net_buf_unref
                0x0000000000010dac       0x38 zephyr/lib/net_buf/liblib__net_buf.a(buf.c.obj)
                0x0000000000010dac                net_buf_unref
 .text.rtc_pretick_init
                0x0000000000010de4       0x60 zephyr/soc/soc/nrf5340/libsoc__nordic.a(soc.c.obj)
 .text.z_arm_on_enter_cpu_idle
                0x0000000000010e44       0x68 zephyr/soc/soc/nrf5340/libsoc__nordic.a(soc.c.obj)
                0x0000000000010e44                z_arm_on_enter_cpu_idle
 .text.arch_busy_wait
                0x0000000000010eac       0x24 zephyr/soc/soc/nrf5340/libsoc__nordic.a(soc.c.obj)
                0x0000000000010eac                arch_busy_wait
 .text.onoff_stop
                0x0000000000010ed0       0x14 zephyr/soc/soc/nrf5340/libsoc__nordic.a(nrf53_cpunet_mgmt.c.obj)
 .text.nrf53_cpunet_mgmt_init
                0x0000000000010ee4       0x10 zephyr/soc/soc/nrf5340/libsoc__nordic.a(nrf53_cpunet_mgmt.c.obj)
 .text.onoff_start
                0x0000000000010ef4       0x70 zephyr/soc/soc/nrf5340/libsoc__nordic.a(nrf53_cpunet_mgmt.c.obj)
 .text.nrf53_cpunet_enable
                0x0000000000010f64       0x34 zephyr/soc/soc/nrf5340/libsoc__nordic.a(nrf53_cpunet_mgmt.c.obj)
                0x0000000000010f64                nrf53_cpunet_enable
 .text.z_log_msg_runtime_create.constprop.0
                0x0000000000010f98       0x24 zephyr/soc/soc/nrf5340/libsoc__nordic.a(sync_rtc.c.obj)
 .text.rtc_cb   0x0000000000010fbc       0x40 zephyr/soc/soc/nrf5340/libsoc__nordic.a(sync_rtc.c.obj)
 .text.sync_rtc_setup
                0x0000000000010ffc       0xd0 zephyr/soc/soc/nrf5340/libsoc__nordic.a(sync_rtc.c.obj)
 .text.mbox_callback
                0x00000000000110cc       0x80 zephyr/soc/soc/nrf5340/libsoc__nordic.a(sync_rtc.c.obj)
 .text.xoshiro128_initialize
                0x000000000001114c       0x18 zephyr/subsys/random/libsubsys__random.a(random_xoshiro128.c.obj)
 .text.z_impl_sys_csrand_get
                0x0000000000011164       0x20 zephyr/subsys/random/libsubsys__random.a(random_entropy_device.c.obj)
                0x0000000000011164                z_impl_sys_csrand_get
 .text.bt_hex   0x0000000000011184       0x44 zephyr/subsys/bluetooth/common/libsubsys__bluetooth__common.a(bt_str.c.obj)
                0x0000000000011184                bt_hex
 .text.bt_addr_le_str
                0x00000000000111c8       0x7c zephyr/subsys/bluetooth/common/libsubsys__bluetooth__common.a(bt_str.c.obj)
                0x00000000000111c8                bt_addr_le_str
 .text.set_setting
                0x0000000000011244      0x124 zephyr/subsys/bluetooth/host/libsubsys__bluetooth__host.a(settings.c.obj)
 .text.bt_settings_encode_key
                0x0000000000011368       0x60 zephyr/subsys/bluetooth/host/libsubsys__bluetooth__host.a(settings.c.obj)
                0x0000000000011368                bt_settings_encode_key
 .text.bt_settings_init
                0x00000000000113c8       0x34 zephyr/subsys/bluetooth/host/libsubsys__bluetooth__host.a(settings.c.obj)
                0x00000000000113c8                bt_settings_init
 .text.bt_settings_store
                0x00000000000113fc       0x50 zephyr/subsys/bluetooth/host/libsubsys__bluetooth__host.a(settings.c.obj)
                0x00000000000113fc                bt_settings_store
 .text.do_store_id
                0x000000000001144c       0x4c zephyr/subsys/bluetooth/host/libsubsys__bluetooth__host.a(settings.c.obj)
 .text.bt_settings_delete
                0x0000000000011498       0x4c zephyr/subsys/bluetooth/host/libsubsys__bluetooth__host.a(settings.c.obj)
                0x0000000000011498                bt_settings_delete
 .text.bt_settings_store_sc
                0x00000000000114e4       0x1c zephyr/subsys/bluetooth/host/libsubsys__bluetooth__host.a(settings.c.obj)
                0x00000000000114e4                bt_settings_store_sc
 .text.bt_settings_delete_sc
                0x0000000000011500       0x10 zephyr/subsys/bluetooth/host/libsubsys__bluetooth__host.a(settings.c.obj)
                0x0000000000011500                bt_settings_delete_sc
 .text.bt_settings_store_cf
                0x0000000000011510       0x1c zephyr/subsys/bluetooth/host/libsubsys__bluetooth__host.a(settings.c.obj)
                0x0000000000011510                bt_settings_store_cf
 .text.bt_settings_store_ccc
                0x000000000001152c       0x1c zephyr/subsys/bluetooth/host/libsubsys__bluetooth__host.a(settings.c.obj)
                0x000000000001152c                bt_settings_store_ccc
 .text.bt_settings_delete_ccc
                0x0000000000011548       0x10 zephyr/subsys/bluetooth/host/libsubsys__bluetooth__host.a(settings.c.obj)
                0x0000000000011548                bt_settings_delete_ccc
 .text.bt_settings_store_hash
                0x0000000000011558       0x1c zephyr/subsys/bluetooth/host/libsubsys__bluetooth__host.a(settings.c.obj)
                0x0000000000011558                bt_settings_store_hash
 .text.bt_settings_store_name
                0x0000000000011574       0x1c zephyr/subsys/bluetooth/host/libsubsys__bluetooth__host.a(settings.c.obj)
                0x0000000000011574                bt_settings_store_name
 .text.bt_settings_store_id
                0x0000000000011590       0x10 zephyr/subsys/bluetooth/host/libsubsys__bluetooth__host.a(settings.c.obj)
                0x0000000000011590                bt_settings_store_id
 .text.commit_settings
                0x00000000000115a0       0x9c zephyr/subsys/bluetooth/host/libsubsys__bluetooth__host.a(settings.c.obj)
 .text.bt_settings_store_keys
                0x000000000001163c       0x1c zephyr/subsys/bluetooth/host/libsubsys__bluetooth__host.a(settings.c.obj)
                0x000000000001163c                bt_settings_store_keys
 .text.bt_settings_delete_keys
                0x0000000000011658       0x10 zephyr/subsys/bluetooth/host/libsubsys__bluetooth__host.a(settings.c.obj)
                0x0000000000011658                bt_settings_delete_keys
 .text.long_wq_init
                0x0000000000011668       0x38 zephyr/subsys/bluetooth/host/libsubsys__bluetooth__host.a(long_wq.c.obj)
 .text.bt_long_wq_schedule
                0x00000000000116a0        0xc zephyr/subsys/bluetooth/host/libsubsys__bluetooth__host.a(long_wq.c.obj)
                0x00000000000116a0                bt_long_wq_schedule
 .text.uuid_to_uuid128
                0x00000000000116ac       0x78 zephyr/subsys/bluetooth/host/libsubsys__bluetooth__host.a(uuid.c.obj)
 .text.bt_buf_get_rx
                0x0000000000011724       0x2c zephyr/subsys/bluetooth/host/libsubsys__bluetooth__host.a(buf.c.obj)
                0x0000000000011724                bt_buf_get_rx
 .text.bt_buf_get_evt
                0x0000000000011750       0x40 zephyr/subsys/bluetooth/host/libsubsys__bluetooth__host.a(buf.c.obj)
                0x0000000000011750                bt_buf_get_evt
 .text.unpair   0x0000000000011790       0x8c zephyr/subsys/bluetooth/host/libsubsys__bluetooth__host.a(hci_core.c.obj)
 .text.hci_disconn_complete_prio
                0x000000000001181c       0x4c zephyr/subsys/bluetooth/host/libsubsys__bluetooth__host.a(hci_core.c.obj)
 .text.find_pending_connect.part.0
                0x0000000000011868       0x2c zephyr/subsys/bluetooth/host/libsubsys__bluetooth__host.a(hci_core.c.obj)
 .text.le_conn_update_complete
                0x0000000000011894       0x9c zephyr/subsys/bluetooth/host/libsubsys__bluetooth__host.a(hci_core.c.obj)
 .text.le_data_len_change
                0x0000000000011930      0x134 zephyr/subsys/bluetooth/host/libsubsys__bluetooth__host.a(hci_core.c.obj)
 .text.rx_queue_put
                0x0000000000011a64       0x4c zephyr/subsys/bluetooth/host/libsubsys__bluetooth__host.a(hci_core.c.obj)
 .text.hci_data_buf_overflow
                0x0000000000011ab0       0x34 zephyr/subsys/bluetooth/host/libsubsys__bluetooth__host.a(hci_core.c.obj)
 .text.hci_hardware_error
                0x0000000000011ae4       0x38 zephyr/subsys/bluetooth/host/libsubsys__bluetooth__host.a(hci_core.c.obj)
 .text.hci_disconn_complete
                0x0000000000011b1c       0x50 zephyr/subsys/bluetooth/host/libsubsys__bluetooth__host.a(hci_core.c.obj)
 .text.handle_event_common
                0x0000000000011b6c       0x64 zephyr/subsys/bluetooth/host/libsubsys__bluetooth__host.a(hci_core.c.obj)
 .text.handle_event
                0x0000000000011bd0       0x4c zephyr/subsys/bluetooth/host/libsubsys__bluetooth__host.a(hci_core.c.obj)
 .text.rx_work_handler
                0x0000000000011c1c      0x198 zephyr/subsys/bluetooth/host/libsubsys__bluetooth__host.a(hci_core.c.obj)
 .text.hci_le_meta_event
                0x0000000000011db4       0x20 zephyr/subsys/bluetooth/host/libsubsys__bluetooth__host.a(hci_core.c.obj)
 .text.hci_vendor_event
                0x0000000000011dd4       0x60 zephyr/subsys/bluetooth/host/libsubsys__bluetooth__host.a(hci_core.c.obj)
 .text.le_remote_feat_complete
                0x0000000000011e34       0x64 zephyr/subsys/bluetooth/host/libsubsys__bluetooth__host.a(hci_core.c.obj)
 .text.hci_cmd_done
                0x0000000000011e98      0x160 zephyr/subsys/bluetooth/host/libsubsys__bluetooth__host.a(hci_core.c.obj)
 .text.enh_conn_complete_error_handle
                0x0000000000011ff8       0x88 zephyr/subsys/bluetooth/host/libsubsys__bluetooth__host.a(hci_core.c.obj)
 .text.hci_num_completed_packets
                0x0000000000012080      0x104 zephyr/subsys/bluetooth/host/libsubsys__bluetooth__host.a(hci_core.c.obj)
 .text.bt_hci_cmd_state_set_init
                0x0000000000012184       0x24 zephyr/subsys/bluetooth/host/libsubsys__bluetooth__host.a(hci_core.c.obj)
                0x0000000000012184                bt_hci_cmd_state_set_init
 .text.bt_hci_cmd_create
                0x00000000000121a8       0x78 zephyr/subsys/bluetooth/host/libsubsys__bluetooth__host.a(hci_core.c.obj)
                0x00000000000121a8                bt_hci_cmd_create
 .text.bt_get_phy
                0x0000000000012220       0x14 zephyr/subsys/bluetooth/host/libsubsys__bluetooth__host.a(hci_core.c.obj)
                0x0000000000012220                bt_get_phy
 .text.le_phy_update_complete
                0x0000000000012234       0x60 zephyr/subsys/bluetooth/host/libsubsys__bluetooth__host.a(hci_core.c.obj)
 .text.bt_unpair
                0x0000000000012294       0x48 zephyr/subsys/bluetooth/host/libsubsys__bluetooth__host.a(hci_core.c.obj)
                0x0000000000012294                bt_unpair
 .text.bt_security_err_get
                0x00000000000122dc       0x10 zephyr/subsys/bluetooth/host/libsubsys__bluetooth__host.a(hci_core.c.obj)
                0x00000000000122dc                bt_security_err_get
 .text.hci_encrypt_key_refresh_complete
                0x00000000000122ec       0xac zephyr/subsys/bluetooth/host/libsubsys__bluetooth__host.a(hci_core.c.obj)
 .text.hci_encrypt_change
                0x0000000000012398       0xe8 zephyr/subsys/bluetooth/host/libsubsys__bluetooth__host.a(hci_core.c.obj)
 .text.bt_send  0x0000000000012480       0x14 zephyr/subsys/bluetooth/host/libsubsys__bluetooth__host.a(hci_core.c.obj)
                0x0000000000012480                bt_send
 .text.hci_event_prio
                0x0000000000012494       0xb8 zephyr/subsys/bluetooth/host/libsubsys__bluetooth__host.a(hci_core.c.obj)
                0x0000000000012494                hci_event_prio
 .text.bt_hci_recv
                0x000000000001254c       0x70 zephyr/subsys/bluetooth/host/libsubsys__bluetooth__host.a(hci_core.c.obj)
                0x000000000001254c                bt_hci_recv
 .text.bt_finalize_init
                0x00000000000125bc        0xc zephyr/subsys/bluetooth/host/libsubsys__bluetooth__host.a(hci_core.c.obj)
                0x00000000000125bc                bt_finalize_init
 .text.bt_is_ready
                0x00000000000125c8       0x10 zephyr/subsys/bluetooth/host/libsubsys__bluetooth__host.a(hci_core.c.obj)
                0x00000000000125c8                bt_is_ready
 .text.bt_set_name
                0x00000000000125d8       0x74 zephyr/subsys/bluetooth/host/libsubsys__bluetooth__host.a(hci_core.c.obj)
                0x00000000000125d8                bt_set_name
 .text.bt_get_name
                0x000000000001264c        0x8 zephyr/subsys/bluetooth/host/libsubsys__bluetooth__host.a(hci_core.c.obj)
                0x000000000001264c                bt_get_name
 .text.bt_tx_irq_raise
                0x0000000000012654        0xc zephyr/subsys/bluetooth/host/libsubsys__bluetooth__host.a(hci_core.c.obj)
                0x0000000000012654                bt_tx_irq_raise
 .text.bt_hci_cmd_send
                0x0000000000012660       0x70 zephyr/subsys/bluetooth/host/libsubsys__bluetooth__host.a(hci_core.c.obj)
                0x0000000000012660                bt_hci_cmd_send
 .text.bt_send_one_host_num_completed_packets
                0x00000000000126d0       0xa0 zephyr/subsys/bluetooth/host/libsubsys__bluetooth__host.a(hci_core.c.obj)
                0x00000000000126d0                bt_send_one_host_num_completed_packets
 .text.bt_hci_host_num_completed_packets
                0x0000000000012770       0xbc zephyr/subsys/bluetooth/host/libsubsys__bluetooth__host.a(hci_core.c.obj)
                0x0000000000012770                bt_hci_host_num_completed_packets
 .text.le_ltk_request
                0x000000000001282c       0xdc zephyr/subsys/bluetooth/host/libsubsys__bluetooth__host.a(hci_core.c.obj)
 .text.le_conn_param_neg_reply
                0x0000000000012908       0x54 zephyr/subsys/bluetooth/host/libsubsys__bluetooth__host.a(hci_core.c.obj)
 .text.le_conn_param_req
                0x000000000001295c       0xd0 zephyr/subsys/bluetooth/host/libsubsys__bluetooth__host.a(hci_core.c.obj)
 .text.process_pending_cmd
                0x0000000000012a2c       0xfc zephyr/subsys/bluetooth/host/libsubsys__bluetooth__host.a(hci_core.c.obj)
 .text.bt_hci_cmd_send_sync
                0x0000000000012b28      0x1a0 zephyr/subsys/bluetooth/host/libsubsys__bluetooth__host.a(hci_core.c.obj)
                0x0000000000012b28                bt_hci_cmd_send_sync
 .text.init_work
                0x0000000000012cc8       0x18 zephyr/subsys/bluetooth/host/libsubsys__bluetooth__host.a(hci_core.c.obj)
 .text.bt_enable
                0x0000000000012ce0       0xfc zephyr/subsys/bluetooth/host/libsubsys__bluetooth__host.a(hci_core.c.obj)
                0x0000000000012ce0                bt_enable
 .text.bt_hci_le_rand
                0x0000000000012ddc       0x58 zephyr/subsys/bluetooth/host/libsubsys__bluetooth__host.a(hci_core.c.obj)
                0x0000000000012ddc                bt_hci_le_rand
 .text.bt_hci_le_enh_conn_complete
                0x0000000000012e34      0x1c4 zephyr/subsys/bluetooth/host/libsubsys__bluetooth__host.a(hci_core.c.obj)
                0x0000000000012e34                bt_hci_le_enh_conn_complete
 .text.le_legacy_conn_complete
                0x0000000000012ff8       0x7c zephyr/subsys/bluetooth/host/libsubsys__bluetooth__host.a(hci_core.c.obj)
 .text.hci_cmd_status
                0x0000000000013074       0x30 zephyr/subsys/bluetooth/host/libsubsys__bluetooth__host.a(hci_core.c.obj)
 .text.hci_cmd_complete
                0x00000000000130a4       0x74 zephyr/subsys/bluetooth/host/libsubsys__bluetooth__host.a(hci_core.c.obj)
 .text.id_find  0x0000000000013118       0x30 zephyr/subsys/bluetooth/host/libsubsys__bluetooth__host.a(id.c.obj)
 .text.id_create.constprop.0
                0x0000000000013148       0x70 zephyr/subsys/bluetooth/host/libsubsys__bluetooth__host.a(id.c.obj)
 .text.set_random_address
                0x00000000000131b8       0x88 zephyr/subsys/bluetooth/host/libsubsys__bluetooth__host.a(id.c.obj)
 .text.bt_id_pending_keys_update
                0x0000000000013240       0x2c zephyr/subsys/bluetooth/host/libsubsys__bluetooth__host.a(id.c.obj)
                0x0000000000013240                bt_id_pending_keys_update
 .text.bt_id_find_conflict
                0x000000000001326c       0x20 zephyr/subsys/bluetooth/host/libsubsys__bluetooth__host.a(id.c.obj)
                0x000000000001326c                bt_id_find_conflict
 .text.bt_id_add
                0x000000000001328c      0x1c8 zephyr/subsys/bluetooth/host/libsubsys__bluetooth__host.a(id.c.obj)
                0x000000000001328c                bt_id_add
 .text.bt_id_del
                0x0000000000013454      0x14c zephyr/subsys/bluetooth/host/libsubsys__bluetooth__host.a(id.c.obj)
                0x0000000000013454                bt_id_del
 .text.bt_id_get
                0x00000000000135a0       0x24 zephyr/subsys/bluetooth/host/libsubsys__bluetooth__host.a(id.c.obj)
                0x00000000000135a0                bt_id_get
 .text.bt_id_create
                0x00000000000135c4       0xa8 zephyr/subsys/bluetooth/host/libsubsys__bluetooth__host.a(id.c.obj)
                0x00000000000135c4                bt_id_create
 .text.bt_id_read_public_addr
                0x000000000001366c       0xb0 zephyr/subsys/bluetooth/host/libsubsys__bluetooth__host.a(id.c.obj)
                0x000000000001366c                bt_id_read_public_addr
 .text.bt_setup_public_id_addr
                0x000000000001371c       0x20 zephyr/subsys/bluetooth/host/libsubsys__bluetooth__host.a(id.c.obj)
                0x000000000001371c                bt_setup_public_id_addr
 .text.bt_setup_random_id_addr
                0x000000000001373c      0x110 zephyr/subsys/bluetooth/host/libsubsys__bluetooth__host.a(id.c.obj)
                0x000000000001373c                bt_setup_random_id_addr
 .text.bt_id_set_adv_own_addr
                0x000000000001384c       0xe4 zephyr/subsys/bluetooth/host/libsubsys__bluetooth__host.a(id.c.obj)
                0x000000000001384c                bt_id_set_adv_own_addr
 .text.hci_set_ad
                0x0000000000013930       0xe4 zephyr/subsys/bluetooth/host/libsubsys__bluetooth__host.a(adv.c.obj)
 .text.valid_adv_param
                0x0000000000013a14       0x84 zephyr/subsys/bluetooth/host/libsubsys__bluetooth__host.a(adv.c.obj)
 .text.adv_is_directed
                0x0000000000013a98       0x18 zephyr/subsys/bluetooth/host/libsubsys__bluetooth__host.a(adv.c.obj)
 .text.le_adv_start_add_conn
                0x0000000000013ab0       0x60 zephyr/subsys/bluetooth/host/libsubsys__bluetooth__host.a(adv.c.obj)
 .text.bt_le_ext_adv_foreach
                0x0000000000013b10        0xc zephyr/subsys/bluetooth/host/libsubsys__bluetooth__host.a(adv.c.obj)
                0x0000000000013b10                bt_le_ext_adv_foreach
 .text.bt_le_adv_lookup_legacy
                0x0000000000013b1c        0x8 zephyr/subsys/bluetooth/host/libsubsys__bluetooth__host.a(adv.c.obj)
                0x0000000000013b1c                bt_le_adv_lookup_legacy
 .text.bt_le_adv_start_legacy
                0x0000000000013b24      0x284 zephyr/subsys/bluetooth/host/libsubsys__bluetooth__host.a(adv.c.obj)
                0x0000000000013b24                bt_le_adv_start_legacy
 .text.bt_le_adv_start
                0x0000000000013da8       0x64 zephyr/subsys/bluetooth/host/libsubsys__bluetooth__host.a(adv.c.obj)
                0x0000000000013da8                bt_le_adv_start
 .text.bt_le_adv_stop
                0x0000000000013e0c       0x7c zephyr/subsys/bluetooth/host/libsubsys__bluetooth__host.a(adv.c.obj)
                0x0000000000013e0c                bt_le_adv_stop
 .text.adv_timeout
                0x0000000000013e88       0x34 zephyr/subsys/bluetooth/host/libsubsys__bluetooth__host.a(adv.c.obj)
 .text.bt_le_adv_resume
                0x0000000000013ebc       0xf0 zephyr/subsys/bluetooth/host/libsubsys__bluetooth__host.a(adv.c.obj)
                0x0000000000013ebc                bt_le_adv_resume
 .text.prng_reseed.constprop.0
                0x0000000000013fac       0x6c zephyr/subsys/bluetooth/host/libsubsys__bluetooth__host.a(crypto_tc.c.obj)
 .text.prng_init
                0x0000000000014018       0x4c zephyr/subsys/bluetooth/host/libsubsys__bluetooth__host.a(crypto_tc.c.obj)
                0x0000000000014018                prng_init
 .text.bt_rand  0x0000000000014064       0x3c zephyr/subsys/bluetooth/host/libsubsys__bluetooth__host.a(crypto_tc.c.obj)
                0x0000000000014064                bt_rand
 .text.bt_pub_key_is_debug
                0x00000000000140a0       0x18 zephyr/subsys/bluetooth/host/libsubsys__bluetooth__host.a(ecc.c.obj)
                0x00000000000140a0                bt_pub_key_is_debug
 .text.bt_pub_key_gen
                0x00000000000140b8      0x124 zephyr/subsys/bluetooth/host/libsubsys__bluetooth__host.a(ecc.c.obj)
                0x00000000000140b8                bt_pub_key_gen
 .text.bt_pub_key_get
                0x00000000000141dc       0x1c zephyr/subsys/bluetooth/host/libsubsys__bluetooth__host.a(ecc.c.obj)
                0x00000000000141dc                bt_pub_key_get
 .text.bt_dh_key_gen
                0x00000000000141f8       0xac zephyr/subsys/bluetooth/host/libsubsys__bluetooth__host.a(ecc.c.obj)
                0x00000000000141f8                bt_dh_key_gen
 .text.bt_hci_evt_le_pkey_complete
                0x00000000000142a4       0x74 zephyr/subsys/bluetooth/host/libsubsys__bluetooth__host.a(ecc.c.obj)
                0x00000000000142a4                bt_hci_evt_le_pkey_complete
 .text.bt_hci_evt_le_dhkey_complete
                0x0000000000014318       0x1c zephyr/subsys/bluetooth/host/libsubsys__bluetooth__host.a(ecc.c.obj)
                0x0000000000014318                bt_hci_evt_le_dhkey_complete
 .text.notify_connected
                0x0000000000014334       0x40 zephyr/subsys/bluetooth/host/libsubsys__bluetooth__host.a(conn.c.obj)
 .text.frag_destroy
                0x0000000000014374       0x20 zephyr/subsys/bluetooth/host/libsubsys__bluetooth__host.a(conn.c.obj)
                0x0000000000014374                frag_destroy
 .text.conn_tx_destroy
                0x0000000000014394       0x2c zephyr/subsys/bluetooth/host/libsubsys__bluetooth__host.a(conn.c.obj)
 .text.get_data_frag
                0x00000000000143c0       0x38 zephyr/subsys/bluetooth/host/libsubsys__bluetooth__host.a(conn.c.obj)
 .text.recycled_work_handler
                0x00000000000143f8       0x54 zephyr/subsys/bluetooth/host/libsubsys__bluetooth__host.a(conn.c.obj)
 .text.tx_notify_process
                0x000000000001444c       0x60 zephyr/subsys/bluetooth/host/libsubsys__bluetooth__host.a(conn.c.obj)
 .text.perform_auto_initiated_procedures
                0x00000000000144ac       0x6c zephyr/subsys/bluetooth/host/libsubsys__bluetooth__host.a(conn.c.obj)
 .text.bt_conn_get_pkts
                0x0000000000014518       0x18 zephyr/subsys/bluetooth/host/libsubsys__bluetooth__host.a(conn.c.obj)
                0x0000000000014518                bt_conn_get_pkts
 .text.bt_conn_tx_notify
                0x0000000000014530       0x44 zephyr/subsys/bluetooth/host/libsubsys__bluetooth__host.a(conn.c.obj)
                0x0000000000014530                bt_conn_tx_notify
 .text.bt_conn_new
                0x0000000000014574       0x5c zephyr/subsys/bluetooth/host/libsubsys__bluetooth__host.a(conn.c.obj)
                0x0000000000014574                bt_conn_new
 .text.bt_conn_recv
                0x00000000000145d0      0x168 zephyr/subsys/bluetooth/host/libsubsys__bluetooth__host.a(conn.c.obj)
                0x00000000000145d0                bt_conn_recv
 .text.bt_conn_data_ready
                0x0000000000014738       0x34 zephyr/subsys/bluetooth/host/libsubsys__bluetooth__host.a(conn.c.obj)
                0x0000000000014738                bt_conn_data_ready
 .text.get_conn_ready
                0x000000000001476c       0xc0 zephyr/subsys/bluetooth/host/libsubsys__bluetooth__host.a(conn.c.obj)
                0x000000000001476c                get_conn_ready
 .text.bt_conn_unref
                0x000000000001482c       0x4c zephyr/subsys/bluetooth/host/libsubsys__bluetooth__host.a(conn.c.obj)
                0x000000000001482c                bt_conn_unref
 .text.bt_conn_set_state
                0x0000000000014878      0x1c8 zephyr/subsys/bluetooth/host/libsubsys__bluetooth__host.a(conn.c.obj)
                0x0000000000014878                bt_conn_set_state
 .text.bt_conn_lookup_handle
                0x0000000000014a40       0x54 zephyr/subsys/bluetooth/host/libsubsys__bluetooth__host.a(conn.c.obj)
                0x0000000000014a40                bt_conn_lookup_handle
 .text.bt_conn_foreach
                0x0000000000014a94       0x30 zephyr/subsys/bluetooth/host/libsubsys__bluetooth__host.a(conn.c.obj)
                0x0000000000014a94                bt_conn_foreach
 .text.auto_initiated_procedures
                0x0000000000014ac4       0x10 zephyr/subsys/bluetooth/host/libsubsys__bluetooth__host.a(conn.c.obj)
 .text.bt_conn_index
                0x0000000000014ad4       0x18 zephyr/subsys/bluetooth/host/libsubsys__bluetooth__host.a(conn.c.obj)
                0x0000000000014ad4                bt_conn_index
 .text.bt_conn_create_pdu_timeout
                0x0000000000014aec       0x70 zephyr/subsys/bluetooth/host/libsubsys__bluetooth__host.a(conn.c.obj)
                0x0000000000014aec                bt_conn_create_pdu_timeout
 .text.bt_conn_connected
                0x0000000000014b5c       0x20 zephyr/subsys/bluetooth/host/libsubsys__bluetooth__host.a(conn.c.obj)
                0x0000000000014b5c                bt_conn_connected
 .text.bt_conn_tx_processor
                0x0000000000014b7c      0x224 zephyr/subsys/bluetooth/host/libsubsys__bluetooth__host.a(conn.c.obj)
                0x0000000000014b7c                bt_conn_tx_processor
 .text.notify_le_param_updated
                0x0000000000014da0       0x8c zephyr/subsys/bluetooth/host/libsubsys__bluetooth__host.a(conn.c.obj)
                0x0000000000014da0                notify_le_param_updated
 .text.notify_le_data_len_updated
                0x0000000000014e2c       0x4c zephyr/subsys/bluetooth/host/libsubsys__bluetooth__host.a(conn.c.obj)
                0x0000000000014e2c                notify_le_data_len_updated
 .text.notify_le_phy_updated
                0x0000000000014e78       0x4c zephyr/subsys/bluetooth/host/libsubsys__bluetooth__host.a(conn.c.obj)
                0x0000000000014e78                notify_le_phy_updated
 .text.le_param_req
                0x0000000000014ec4       0x78 zephyr/subsys/bluetooth/host/libsubsys__bluetooth__host.a(conn.c.obj)
                0x0000000000014ec4                le_param_req
 .text.bt_conn_identity_resolved
                0x0000000000014f3c       0x60 zephyr/subsys/bluetooth/host/libsubsys__bluetooth__host.a(conn.c.obj)
                0x0000000000014f3c                bt_conn_identity_resolved
 .text.bt_conn_security_changed
                0x0000000000014f9c       0x6c zephyr/subsys/bluetooth/host/libsubsys__bluetooth__host.a(conn.c.obj)
                0x0000000000014f9c                bt_conn_security_changed
 .text.bt_conn_cb_register
                0x0000000000015008       0x28 zephyr/subsys/bluetooth/host/libsubsys__bluetooth__host.a(conn.c.obj)
                0x0000000000015008                bt_conn_cb_register
 .text.bt_conn_add_le
                0x0000000000015030       0x58 zephyr/subsys/bluetooth/host/libsubsys__bluetooth__host.a(conn.c.obj)
                0x0000000000015030                bt_conn_add_le
 .text.bt_conn_lookup_addr_le
                0x0000000000015088       0x34 zephyr/subsys/bluetooth/host/libsubsys__bluetooth__host.a(conn.c.obj)
                0x0000000000015088                bt_conn_lookup_addr_le
 .text.bt_conn_exists_le
                0x00000000000150bc       0x64 zephyr/subsys/bluetooth/host/libsubsys__bluetooth__host.a(conn.c.obj)
                0x00000000000150bc                bt_conn_exists_le
 .text.bt_conn_lookup_state_le
                0x0000000000015120       0x44 zephyr/subsys/bluetooth/host/libsubsys__bluetooth__host.a(conn.c.obj)
                0x0000000000015120                bt_conn_lookup_state_le
 .text.bt_conn_get_info
                0x0000000000015164       0xc8 zephyr/subsys/bluetooth/host/libsubsys__bluetooth__host.a(conn.c.obj)
                0x0000000000015164                bt_conn_get_info
 .text.send_conn_le_param_update
                0x000000000001522c       0x68 zephyr/subsys/bluetooth/host/libsubsys__bluetooth__host.a(conn.c.obj)
 .text.deferred_work
                0x0000000000015294       0xe0 zephyr/subsys/bluetooth/host/libsubsys__bluetooth__host.a(conn.c.obj)
 .text.bt_conn_auth_cb_register
                0x0000000000015374       0x34 zephyr/subsys/bluetooth/host/libsubsys__bluetooth__host.a(conn.c.obj)
                0x0000000000015374                bt_conn_auth_cb_register
 .text.bt_conn_auth_info_cb_register
                0x00000000000153a8       0x30 zephyr/subsys/bluetooth/host/libsubsys__bluetooth__host.a(conn.c.obj)
                0x00000000000153a8                bt_conn_auth_info_cb_register
 .text.bt_conn_lookup_index
                0x00000000000153d8       0x10 zephyr/subsys/bluetooth/host/libsubsys__bluetooth__host.a(conn.c.obj)
                0x00000000000153d8                bt_conn_lookup_index
 .text.bt_conn_init
                0x00000000000153e8       0x3c zephyr/subsys/bluetooth/host/libsubsys__bluetooth__host.a(conn.c.obj)
                0x00000000000153e8                bt_conn_init
 .text.l2cap_create_le_sig_pdu
                0x0000000000015424       0x54 zephyr/subsys/bluetooth/host/libsubsys__bluetooth__host.a(l2cap.c.obj)
 .text.l2cap_accept
                0x0000000000015478       0x48 zephyr/subsys/bluetooth/host/libsubsys__bluetooth__host.a(l2cap.c.obj)
 .text.bt_l2cap_connected
                0x00000000000154c0       0x98 zephyr/subsys/bluetooth/host/libsubsys__bluetooth__host.a(l2cap.c.obj)
                0x00000000000154c0                bt_l2cap_connected
 .text.bt_l2cap_send_pdu
                0x0000000000015558       0x60 zephyr/subsys/bluetooth/host/libsubsys__bluetooth__host.a(l2cap.c.obj)
                0x0000000000015558                bt_l2cap_send_pdu
 .text.l2cap_data_pull
                0x00000000000155b8       0xf4 zephyr/subsys/bluetooth/host/libsubsys__bluetooth__host.a(l2cap.c.obj)
                0x00000000000155b8                l2cap_data_pull
 .text.l2cap_recv
                0x00000000000156ac       0xf0 zephyr/subsys/bluetooth/host/libsubsys__bluetooth__host.a(l2cap.c.obj)
 .text.bt_l2cap_recv
                0x000000000001579c       0x80 zephyr/subsys/bluetooth/host/libsubsys__bluetooth__host.a(l2cap.c.obj)
                0x000000000001579c                bt_l2cap_recv
 .text.bt_l2cap_update_conn_param
                0x000000000001581c       0x50 zephyr/subsys/bluetooth/host/libsubsys__bluetooth__host.a(l2cap.c.obj)
                0x000000000001581c                bt_l2cap_update_conn_param
 .text.att_op_get_type
                0x000000000001586c       0x74 zephyr/subsys/bluetooth/host/libsubsys__bluetooth__host.a(att.c.obj)
 .text.bt_att_released
                0x00000000000158e0        0xc zephyr/subsys/bluetooth/host/libsubsys__bluetooth__host.a(att.c.obj)
 .text.bt_att_chan_create_pdu
                0x00000000000158ec       0xb8 zephyr/subsys/bluetooth/host/libsubsys__bluetooth__host.a(att.c.obj)
 .text.find_type_cb
                0x00000000000159a4      0x184 zephyr/subsys/bluetooth/host/libsubsys__bluetooth__host.a(att.c.obj)
 .text.read_group_cb
                0x0000000000015b28       0xb8 zephyr/subsys/bluetooth/host/libsubsys__bluetooth__host.a(att.c.obj)
 .text.bt_att_connected
                0x0000000000015be0       0x38 zephyr/subsys/bluetooth/host/libsubsys__bluetooth__host.a(att.c.obj)
 .text.bt_att_accept
                0x0000000000015c18      0x108 zephyr/subsys/bluetooth/host/libsubsys__bluetooth__host.a(att.c.obj)
 .text.read_type_cb
                0x0000000000015d20       0xac zephyr/subsys/bluetooth/host/libsubsys__bluetooth__host.a(att.c.obj)
 .text.chan_send
                0x0000000000015dcc      0x118 zephyr/subsys/bluetooth/host/libsubsys__bluetooth__host.a(att.c.obj)
 .text.att_tx_destroy
                0x0000000000015ee4      0x138 zephyr/subsys/bluetooth/host/libsubsys__bluetooth__host.a(att.c.obj)
 .text.bt_att_recv
                0x000000000001601c      0x100 zephyr/subsys/bluetooth/host/libsubsys__bluetooth__host.a(att.c.obj)
 .text.att_write_rsp.constprop.0
                0x000000000001611c       0xc0 zephyr/subsys/bluetooth/host/libsubsys__bluetooth__host.a(att.c.obj)
 .text.att_get  0x00000000000161dc       0x84 zephyr/subsys/bluetooth/host/libsubsys__bluetooth__host.a(att.c.obj)
 .text.bt_att_create_pdu
                0x0000000000016260       0x74 zephyr/subsys/bluetooth/host/libsubsys__bluetooth__host.a(att.c.obj)
                0x0000000000016260                bt_att_create_pdu
 .text.bt_att_create_rsp_pdu
                0x00000000000162d4       0x70 zephyr/subsys/bluetooth/host/libsubsys__bluetooth__host.a(att.c.obj)
                0x00000000000162d4                bt_att_create_rsp_pdu
 .text.att_read_group_req
                0x0000000000016344       0xf0 zephyr/subsys/bluetooth/host/libsubsys__bluetooth__host.a(att.c.obj)
 .text.att_read_mult_vl_req
                0x0000000000016434       0x9c zephyr/subsys/bluetooth/host/libsubsys__bluetooth__host.a(att.c.obj)
 .text.att_read_mult_req
                0x00000000000164d0       0x9c zephyr/subsys/bluetooth/host/libsubsys__bluetooth__host.a(att.c.obj)
 .text.att_read_rsp
                0x000000000001656c       0x90 zephyr/subsys/bluetooth/host/libsubsys__bluetooth__host.a(att.c.obj)
 .text.att_read_type_req
                0x00000000000165fc       0xf8 zephyr/subsys/bluetooth/host/libsubsys__bluetooth__host.a(att.c.obj)
 .text.att_find_type_req
                0x00000000000166f4       0xc0 zephyr/subsys/bluetooth/host/libsubsys__bluetooth__host.a(att.c.obj)
 .text.att_find_info_req
                0x00000000000167b4       0x6c zephyr/subsys/bluetooth/host/libsubsys__bluetooth__host.a(att.c.obj)
 .text.bt_att_req_alloc
                0x0000000000016820       0x50 zephyr/subsys/bluetooth/host/libsubsys__bluetooth__host.a(att.c.obj)
                0x0000000000016820                bt_att_req_alloc
 .text.bt_att_req_free
                0x0000000000016870       0x20 zephyr/subsys/bluetooth/host/libsubsys__bluetooth__host.a(att.c.obj)
                0x0000000000016870                bt_att_req_free
 .text.att_handle_rsp
                0x0000000000016890       0x90 zephyr/subsys/bluetooth/host/libsubsys__bluetooth__host.a(att.c.obj)
 .text.att_error_rsp
                0x0000000000016920       0x74 zephyr/subsys/bluetooth/host/libsubsys__bluetooth__host.a(att.c.obj)
 .text.bt_att_disconnected
                0x0000000000016994       0xc0 zephyr/subsys/bluetooth/host/libsubsys__bluetooth__host.a(att.c.obj)
 .text.att_timeout
                0x0000000000016a54       0xb0 zephyr/subsys/bluetooth/host/libsubsys__bluetooth__host.a(att.c.obj)
 .text.bt_att_req_cancel
                0x0000000000016b04       0x54 zephyr/subsys/bluetooth/host/libsubsys__bluetooth__host.a(att.c.obj)
                0x0000000000016b04                bt_att_req_cancel
 .text.bt_att_set_tx_meta_data
                0x0000000000016b58       0x24 zephyr/subsys/bluetooth/host/libsubsys__bluetooth__host.a(att.c.obj)
                0x0000000000016b58                bt_att_set_tx_meta_data
 .text.gatt_sub_remove
                0x0000000000016b7c       0x48 zephyr/subsys/bluetooth/host/libsubsys__bluetooth__host.a(gatt.c.obj)
 .text.find_cf_cfg_by_addr
                0x0000000000016bc4       0x38 zephyr/subsys/bluetooth/host/libsubsys__bluetooth__host.a(gatt.c.obj)
 .text.gatt_delayed_store_find
                0x0000000000016bfc       0x38 zephyr/subsys/bluetooth/host/libsubsys__bluetooth__host.a(gatt.c.obj)
 .text.find_sc_cfg
                0x0000000000016c34       0x38 zephyr/subsys/bluetooth/host/libsubsys__bluetooth__host.a(gatt.c.obj)
 .text.ccc_load
                0x0000000000016c6c       0x8c zephyr/subsys/bluetooth/host/libsubsys__bluetooth__host.a(gatt.c.obj)
 .text.find_cf_cfg
                0x0000000000016cf8       0x44 zephyr/subsys/bluetooth/host/libsubsys__bluetooth__host.a(gatt.c.obj)
 .text.find_ccc_cfg
                0x0000000000016d3c       0x38 zephyr/subsys/bluetooth/host/libsubsys__bluetooth__host.a(gatt.c.obj)
 .text.gatt_sub_find
                0x0000000000016d74       0x44 zephyr/subsys/bluetooth/host/libsubsys__bluetooth__host.a(gatt.c.obj)
 .text.gatt_delayed_store_enqueue
                0x0000000000016db8       0x78 zephyr/subsys/bluetooth/host/libsubsys__bluetooth__host.a(gatt.c.obj)
 .text.sc_set   0x0000000000016e30      0x12c zephyr/subsys/bluetooth/host/libsubsys__bluetooth__host.a(gatt.c.obj)
 .text.sc_store
                0x0000000000016f5c       0x40 zephyr/subsys/bluetooth/host/libsubsys__bluetooth__host.a(gatt.c.obj)
 .text.sc_save  0x0000000000016f9c       0x8c zephyr/subsys/bluetooth/host/libsubsys__bluetooth__host.a(gatt.c.obj)
 .text.db_hash_store
                0x0000000000017028       0x3c zephyr/subsys/bluetooth/host/libsubsys__bluetooth__host.a(gatt.c.obj)
 .text.ccc_save
                0x0000000000017064       0x64 zephyr/subsys/bluetooth/host/libsubsys__bluetooth__host.a(gatt.c.obj)
 .text.db_hash_set
                0x00000000000170c8       0x44 zephyr/subsys/bluetooth/host/libsubsys__bluetooth__host.a(gatt.c.obj)
 .text.db_hash_update
                0x000000000001710c       0x38 zephyr/subsys/bluetooth/host/libsubsys__bluetooth__host.a(gatt.c.obj)
 .text.remove_peer_from_attr
                0x0000000000017144       0x28 zephyr/subsys/bluetooth/host/libsubsys__bluetooth__host.a(gatt.c.obj)
 .text.convert_to_id_on_match
                0x000000000001716c       0x34 zephyr/subsys/bluetooth/host/libsubsys__bluetooth__host.a(gatt.c.obj)
 .text.sc_indicate.part.0
                0x00000000000171a0       0x10 zephyr/subsys/bluetooth/host/libsubsys__bluetooth__host.a(gatt.c.obj)
 .text.sc_commit
                0x00000000000171b0       0x2c zephyr/subsys/bluetooth/host/libsubsys__bluetooth__host.a(gatt.c.obj)
 .text.clear_cf_cfg
                0x00000000000171dc       0x28 zephyr/subsys/bluetooth/host/libsubsys__bluetooth__host.a(gatt.c.obj)
 .text.bt_gatt_clear_sc
                0x0000000000017204       0x48 zephyr/subsys/bluetooth/host/libsubsys__bluetooth__host.a(gatt.c.obj)
 .text.sc_clear
                0x000000000001724c       0x58 zephyr/subsys/bluetooth/host/libsubsys__bluetooth__host.a(gatt.c.obj)
 .text.read_ppcp
                0x00000000000172a4       0x38 zephyr/subsys/bluetooth/host/libsubsys__bluetooth__host.a(gatt.c.obj)
 .text.disconnected_cb
                0x00000000000172dc       0xb4 zephyr/subsys/bluetooth/host/libsubsys__bluetooth__host.a(gatt.c.obj)
 .text.bt_gatt_attr_write_ccc
                0x0000000000017390       0xe0 zephyr/subsys/bluetooth/host/libsubsys__bluetooth__host.a(gatt.c.obj)
                0x0000000000017390                bt_gatt_attr_write_ccc
 .text.gatt_write_ccc
                0x0000000000017470       0x30 zephyr/subsys/bluetooth/host/libsubsys__bluetooth__host.a(gatt.c.obj)
 .text.sc_indicate.constprop.0
                0x00000000000174a0       0x58 zephyr/subsys/bluetooth/host/libsubsys__bluetooth__host.a(gatt.c.obj)
 .text.cf_write
                0x00000000000174f8       0xac zephyr/subsys/bluetooth/host/libsubsys__bluetooth__host.a(gatt.c.obj)
 .text.sc_indicate_rsp
                0x00000000000175a4       0x4c zephyr/subsys/bluetooth/host/libsubsys__bluetooth__host.a(gatt.c.obj)
 .text.cf_set   0x00000000000175f0      0x18c zephyr/subsys/bluetooth/host/libsubsys__bluetooth__host.a(gatt.c.obj)
 .text.bt_gatt_store_cf.isra.0
                0x000000000001777c       0x60 zephyr/subsys/bluetooth/host/libsubsys__bluetooth__host.a(gatt.c.obj)
 .text.set_all_change_unaware
                0x00000000000177dc       0x38 zephyr/subsys/bluetooth/host/libsubsys__bluetooth__host.a(gatt.c.obj)
 .text.bt_gatt_init
                0x0000000000017814       0xa8 zephyr/subsys/bluetooth/host/libsubsys__bluetooth__host.a(gatt.c.obj)
                0x0000000000017814                bt_gatt_init
 .text.bt_gatt_attr_get_handle
                0x00000000000178bc       0x60 zephyr/subsys/bluetooth/host/libsubsys__bluetooth__host.a(gatt.c.obj)
                0x00000000000178bc                bt_gatt_attr_get_handle
 .text.bt_gatt_foreach_attr_type
                0x000000000001791c       0xb4 zephyr/subsys/bluetooth/host/libsubsys__bluetooth__host.a(gatt.c.obj)
                0x000000000001791c                bt_gatt_foreach_attr_type
 .text.db_hash_gen
                0x00000000000179d0       0x98 zephyr/subsys/bluetooth/host/libsubsys__bluetooth__host.a(gatt.c.obj)
 .text.db_hash_read
                0x0000000000017a68       0x80 zephyr/subsys/bluetooth/host/libsubsys__bluetooth__host.a(gatt.c.obj)
 .text.do_db_hash
                0x0000000000017ae8       0x78 zephyr/subsys/bluetooth/host/libsubsys__bluetooth__host.a(gatt.c.obj)
 .text.db_hash_commit
                0x0000000000017b60       0x18 zephyr/subsys/bluetooth/host/libsubsys__bluetooth__host.a(gatt.c.obj)
 .text.ccc_set_cb
                0x0000000000017b78       0xf8 zephyr/subsys/bluetooth/host/libsubsys__bluetooth__host.a(gatt.c.obj)
 .text.bt_gatt_attr_next
                0x0000000000017c70       0x24 zephyr/subsys/bluetooth/host/libsubsys__bluetooth__host.a(gatt.c.obj)
                0x0000000000017c70                bt_gatt_attr_next
 .text.gatt_indicate
                0x0000000000017c94      0x118 zephyr/subsys/bluetooth/host/libsubsys__bluetooth__host.a(gatt.c.obj)
 .text.bt_gatt_indicate
                0x0000000000017dac       0xf0 zephyr/subsys/bluetooth/host/libsubsys__bluetooth__host.a(gatt.c.obj)
                0x0000000000017dac                bt_gatt_indicate
 .text.sc_process
                0x0000000000017e9c       0x5c zephyr/subsys/bluetooth/host/libsubsys__bluetooth__host.a(gatt.c.obj)
 .text.update_ccc
                0x0000000000017ef8      0x13c zephyr/subsys/bluetooth/host/libsubsys__bluetooth__host.a(gatt.c.obj)
 .text.gatt_notify
                0x0000000000018034       0xe8 zephyr/subsys/bluetooth/host/libsubsys__bluetooth__host.a(gatt.c.obj)
 .text.bt_gatt_notify_cb
                0x000000000001811c       0xe8 zephyr/subsys/bluetooth/host/libsubsys__bluetooth__host.a(gatt.c.obj)
                0x000000000001811c                bt_gatt_notify_cb
 .text.notify_cb
                0x0000000000018204      0x154 zephyr/subsys/bluetooth/host/libsubsys__bluetooth__host.a(gatt.c.obj)
 .text.bt_gatt_read
                0x0000000000018358       0x8c zephyr/subsys/bluetooth/host/libsubsys__bluetooth__host.a(gatt.c.obj)
                0x0000000000018358                bt_gatt_read
 .text.gatt_read_rsp
                0x00000000000183e4      0x14c zephyr/subsys/bluetooth/host/libsubsys__bluetooth__host.a(gatt.c.obj)
 .text.bt_gatt_unsubscribe
                0x0000000000018530       0xdc zephyr/subsys/bluetooth/host/libsubsys__bluetooth__host.a(gatt.c.obj)
                0x0000000000018530                bt_gatt_unsubscribe
 .text.call_notify_cb_and_maybe_unsubscribe
                0x000000000001860c       0x90 zephyr/subsys/bluetooth/host/libsubsys__bluetooth__host.a(gatt.c.obj)
 .text.bt_gatt_mult_notification
                0x000000000001869c       0x78 zephyr/subsys/bluetooth/host/libsubsys__bluetooth__host.a(gatt.c.obj)
                0x000000000001869c                bt_gatt_mult_notification
 .text.bt_gatt_connected
                0x0000000000018714       0x60 zephyr/subsys/bluetooth/host/libsubsys__bluetooth__host.a(gatt.c.obj)
                0x0000000000018714                bt_gatt_connected
 .text.bt_gatt_att_max_mtu_changed
                0x0000000000018774       0x28 zephyr/subsys/bluetooth/host/libsubsys__bluetooth__host.a(gatt.c.obj)
                0x0000000000018774                bt_gatt_att_max_mtu_changed
 .text.bt_gatt_encrypt_change
                0x000000000001879c       0xac zephyr/subsys/bluetooth/host/libsubsys__bluetooth__host.a(gatt.c.obj)
                0x000000000001879c                bt_gatt_encrypt_change
 .text.bt_gatt_store_ccc
                0x0000000000018848       0x68 zephyr/subsys/bluetooth/host/libsubsys__bluetooth__host.a(gatt.c.obj)
                0x0000000000018848                bt_gatt_store_ccc
 .text.bt_gatt_identity_resolved
                0x00000000000188b0       0x5c zephyr/subsys/bluetooth/host/libsubsys__bluetooth__host.a(gatt.c.obj)
 .text.bt_gatt_clear
                0x000000000001890c       0xcc zephyr/subsys/bluetooth/host/libsubsys__bluetooth__host.a(gatt.c.obj)
                0x000000000001890c                bt_gatt_clear
 .text.bt_gatt_disconnected
                0x00000000000189d8       0xcc zephyr/subsys/bluetooth/host/libsubsys__bluetooth__host.a(gatt.c.obj)
                0x00000000000189d8                bt_gatt_disconnected
 .text.bt_gatt_req_set_mtu
                0x0000000000018aa4       0x14 zephyr/subsys/bluetooth/host/libsubsys__bluetooth__host.a(gatt.c.obj)
                0x0000000000018aa4                bt_gatt_req_set_mtu
 .text.smp_find
                0x0000000000018ab8       0x1c zephyr/subsys/bluetooth/host/libsubsys__bluetooth__host.a(smp.c.obj)
 .text.latch_auth_cb
                0x0000000000018ad4       0x2c zephyr/subsys/bluetooth/host/libsubsys__bluetooth__host.a(smp.c.obj)
 .text.get_io_capa
                0x0000000000018b00       0x4c zephyr/subsys/bluetooth/host/libsubsys__bluetooth__host.a(smp.c.obj)
 .text.smp_send.constprop.0
                0x0000000000018b4c       0x58 zephyr/subsys/bluetooth/host/libsubsys__bluetooth__host.a(smp.c.obj)
 .text.bt_smp_accept
                0x0000000000018ba4       0x4c zephyr/subsys/bluetooth/host/libsubsys__bluetooth__host.a(smp.c.obj)
 .text.smp_chan_get
                0x0000000000018bf0       0x38 zephyr/subsys/bluetooth/host/libsubsys__bluetooth__host.a(smp.c.obj)
 .text.smp_init
                0x0000000000018c28       0x38 zephyr/subsys/bluetooth/host/libsubsys__bluetooth__host.a(smp.c.obj)
 .text.smp_dhkey_generate
                0x0000000000018c60       0x50 zephyr/subsys/bluetooth/host/libsubsys__bluetooth__host.a(smp.c.obj)
 .text.smp_ident_info
                0x0000000000018cb0       0x7c zephyr/subsys/bluetooth/host/libsubsys__bluetooth__host.a(smp.c.obj)
 .text.smp_encrypt_info
                0x0000000000018d2c       0x7c zephyr/subsys/bluetooth/host/libsubsys__bluetooth__host.a(smp.c.obj)
 .text.smp_send_pairing_confirm
                0x0000000000018da8       0xa0 zephyr/subsys/bluetooth/host/libsubsys__bluetooth__host.a(smp.c.obj)
 .text.smp_public_key_periph
                0x0000000000018e48      0x184 zephyr/subsys/bluetooth/host/libsubsys__bluetooth__host.a(smp.c.obj)
 .text.smp_public_key
                0x0000000000018fcc       0x98 zephyr/subsys/bluetooth/host/libsubsys__bluetooth__host.a(smp.c.obj)
 .text.compute_and_check_and_send_periph_dhcheck
                0x0000000000019064      0x1c4 zephyr/subsys/bluetooth/host/libsubsys__bluetooth__host.a(smp.c.obj)
 .text.bt_smp_connected
                0x0000000000019228       0x44 zephyr/subsys/bluetooth/host/libsubsys__bluetooth__host.a(smp.c.obj)
 .text.smp_pairing_confirm
                0x000000000001926c       0x9c zephyr/subsys/bluetooth/host/libsubsys__bluetooth__host.a(smp.c.obj)
 .text.smp_pairing_random
                0x0000000000019308      0x24c zephyr/subsys/bluetooth/host/libsubsys__bluetooth__host.a(smp.c.obj)
 .text.get_auth
                0x0000000000019554       0x58 zephyr/subsys/bluetooth/host/libsubsys__bluetooth__host.a(smp.c.obj)
 .text.smp_pairing_req
                0x00000000000195ac      0x39c zephyr/subsys/bluetooth/host/libsubsys__bluetooth__host.a(smp.c.obj)
 .text.bt_smp_start_security
                0x0000000000019948      0x188 zephyr/subsys/bluetooth/host/libsubsys__bluetooth__host.a(smp.c.obj)
                0x0000000000019948                bt_smp_start_security
 .text.smp_pairing_complete
                0x0000000000019ad0      0x148 zephyr/subsys/bluetooth/host/libsubsys__bluetooth__host.a(smp.c.obj)
 .text.smp_error
                0x0000000000019c18       0xb8 zephyr/subsys/bluetooth/host/libsubsys__bluetooth__host.a(smp.c.obj)
 .text.bt_smp_recv
                0x0000000000019cd0      0x160 zephyr/subsys/bluetooth/host/libsubsys__bluetooth__host.a(smp.c.obj)
 .text.bt_smp_pkey_ready
                0x0000000000019e30       0x60 zephyr/subsys/bluetooth/host/libsubsys__bluetooth__host.a(smp.c.obj)
 .text.smp_ident_addr_info
                0x0000000000019e90      0x1b4 zephyr/subsys/bluetooth/host/libsubsys__bluetooth__host.a(smp.c.obj)
 .text.smp_central_ident
                0x000000000001a044       0xa0 zephyr/subsys/bluetooth/host/libsubsys__bluetooth__host.a(smp.c.obj)
 .text.smp_pairing_failed
                0x000000000001a0e4       0x74 zephyr/subsys/bluetooth/host/libsubsys__bluetooth__host.a(smp.c.obj)
 .text.bt_smp_encrypt_change
                0x000000000001a158      0x24c zephyr/subsys/bluetooth/host/libsubsys__bluetooth__host.a(smp.c.obj)
 .text.smp_timeout
                0x000000000001a3a4       0x44 zephyr/subsys/bluetooth/host/libsubsys__bluetooth__host.a(smp.c.obj)
 .text.bt_smp_update_keys
                0x000000000001a3e8      0x138 zephyr/subsys/bluetooth/host/libsubsys__bluetooth__host.a(smp.c.obj)
                0x000000000001a3e8                bt_smp_update_keys
 .text.bt_smp_init
                0x000000000001a520       0x2c zephyr/subsys/bluetooth/host/libsubsys__bluetooth__host.a(smp.c.obj)
                0x000000000001a520                bt_smp_init
 .text.bt_keys_get_addr
                0x000000000001a54c      0x120 zephyr/subsys/bluetooth/host/libsubsys__bluetooth__host.a(keys.c.obj)
                0x000000000001a54c                bt_keys_get_addr
 .text.bt_foreach_bond
                0x000000000001a66c       0x44 zephyr/subsys/bluetooth/host/libsubsys__bluetooth__host.a(keys.c.obj)
                0x000000000001a66c                bt_foreach_bond
 .text.bt_keys_foreach_type
                0x000000000001a6b0       0x2c zephyr/subsys/bluetooth/host/libsubsys__bluetooth__host.a(keys.c.obj)
                0x000000000001a6b0                bt_keys_foreach_type
 .text.keys_commit
                0x000000000001a6dc       0x14 zephyr/subsys/bluetooth/host/libsubsys__bluetooth__host.a(keys.c.obj)
 .text.bt_keys_find
                0x000000000001a6f0       0x48 zephyr/subsys/bluetooth/host/libsubsys__bluetooth__host.a(keys.c.obj)
                0x000000000001a6f0                bt_keys_find
 .text.bt_keys_find_irk
                0x000000000001a738       0xa8 zephyr/subsys/bluetooth/host/libsubsys__bluetooth__host.a(keys.c.obj)
                0x000000000001a738                bt_keys_find_irk
 .text.bt_keys_find_addr
                0x000000000001a7e0       0x3c zephyr/subsys/bluetooth/host/libsubsys__bluetooth__host.a(keys.c.obj)
                0x000000000001a7e0                bt_keys_find_addr
 .text.find_key_in_use
                0x000000000001a81c       0x34 zephyr/subsys/bluetooth/host/libsubsys__bluetooth__host.a(keys.c.obj)
 .text.keys_set
                0x000000000001a850      0x1b4 zephyr/subsys/bluetooth/host/libsubsys__bluetooth__host.a(keys.c.obj)
 .text.bt_keys_store
                0x000000000001aa04       0x40 zephyr/subsys/bluetooth/host/libsubsys__bluetooth__host.a(keys.c.obj)
                0x000000000001aa04                bt_keys_store
 .text.bt_keys_update_usage
                0x000000000001aa44       0x28 zephyr/subsys/bluetooth/host/libsubsys__bluetooth__host.a(keys.c.obj)
                0x000000000001aa44                bt_keys_update_usage
 .text.bt_crypto_f5
                0x000000000001aa6c       0xd0 zephyr/subsys/bluetooth/crypto/libsubsys__bluetooth__crypto.a(bt_crypto.c.obj)
                0x000000000001aa6c                bt_crypto_f5
 .text.bt_crypto_g2
                0x000000000001ab3c       0x5c zephyr/subsys/bluetooth/crypto/libsubsys__bluetooth__crypto.a(bt_crypto.c.obj)
                0x000000000001ab3c                bt_crypto_g2
 .text.bt_ipc_send